border_size=1
usage=map

Ms          , Ms          , Ms          , Ms          , Ms          , Ms          , Ms          , Ms          , Ms          , Ms          , Ms          , Ms          , Ms          , Ms          , Ms          , Ms          , Ms          , Ms          , Ms          , Ms          , Ms          , Ms          , Ms          , Ms          , Ms          , Ms          , Ms          , Ms          , Ms          , Ms          , Ms          , Ms          , Ms          
Ms          , Ms          , Ms          , Ms          , Ms          , Ms          , Ms          , Ms          , Ms          , Ms          , Ms          , Ms          , Ms          , Ms          , Ms          , Ms          , Ms          , Ms          , Ms          , Ms          , Ms          , Ms          , Ms          , Ms          , Ms          , Ms          , Ms          , Ms          , Ms          , Ms          , Ms          , Ms          , Ms          
Ms          , Ms          , Ms          , Ms          , Ms          , Ms          , Ms          , Ms          , Ms          , Ms          , Ms          , Ms          , Ms          , Ms          , Ms          , Ms          , Mm^Xm       , Ms          , Ms          , Ms          , Ms          , Ms          , Ms          , Ms          , Ms          , Ms          , Ms          , Ms          , Ms          , Ms          , Ms          , Ms          , Ms          
Ms          , Ms          , Ms          , Ms          , Ms          , Ms          , Ms          , Ms          , Ms          , Ms          , Ms          , Ms          , Ms          , Ms          , Mm^Xm       , Mm^Xm       , Mm^Xm       , Mm^Xm       , Mm^Xm       , Ms          , Ms          , Ms          , Ms          , Ms          , Ms          , Ms          , Ms          , Ms          , Ms          , Ms          , Ms          , Ms          , Ms          
Ms          , Ms          , Ms          , Ms          , Ms          , Ms          , Ms          , Ms          , Ms          , Ms          , Ms          , Ms          , Mm^Xm       , Mm^Xm       , Mm^Xm       , Mm^Xm       , Mm^Xm       , Mm^Xm       , Mm^Xm       , Mm^Xm       , Mm^Xm       , Ms          , Ms          , Ms          , Ms          , Ms          , Ms          , Ms          , Ms          , Ms          , Ms          , Ms          , Ms          
Ms          , Ms          , Ms          , Ms          , Ms          , Ms          , Ms          , Ms          , Ms          , Ms          , Mm^Xm       , Mm^Xm       , Mm^Xm       , Mm^Xm       , Mm^Xm       , Mm^Xm       , Ha^Vhha     , Mm^Xm       , Mm^Xm       , Mm^Xm       , Mm^Xm       , Mm^Xm       , Mm^Xm       , Ms          , Ms          , Ms          , Ms          , Ms          , Ms          , Ms          , Ms          , Ms          , Ms          
Ms          , Ms          , Ms          , Ms          , Ms          , Ms          , Ms          , Ms          , Mm^Xm       , Mm^Xm       , Mm^Xm       , Mm^Xm       , Mm^Xm       , Mm^Xm       , Aa          , Aa^Fpa      , Aa          , Aa^Fpa      , Aa          , Mm^Xm       , Mm^Xm       , Mm^Xm       , Mm^Xm       , Mm^Xm       , Mm^Xm       , Ms          , Ms          , Ms          , Ms          , Ms          , Ms          , Ms          , Ms          
Ms          , Ms          , Ms          , Ms          , Ms          , Ms          , Mm^Xm       , Mm^Xm       , Mm^Xm       , Mm^Xm       , Mm^Xm       , Mm^Xm       , Aa          , Aa          , Aa^Vha      , Aa          , 1 Kh        , Aa          , Aa^Vha      , Aa          , Aa          , Mm^Xm       , Mm^Xm       , Mm^Xm       , Mm^Xm       , Mm^Xm       , Mm^Xm       , Ms          , Ms          , Ms          , Ms          , Ms          , Ms          
Ms          , Ms          , Ms          , Ms          , Mm^Xm       , Mm^Xm       , Mm^Xm       , Mm^Xm       , Mm^Xm       , Mm^Xm       , Mm^Xm       , Mm^Xm       , Ke          , Aa          , Chr         , Chr         , Chr         , Chr         , Chr         , Aa          , Ke          , Mm^Xm       , Mm^Xm       , Mm^Xm       , Mm^Xm       , Mm^Xm       , Mm^Xm       , Mm^Xm       , Mm^Xm       , Ms          , Ms          , Ms          , Ms          
Ms          , Ms          , Mm^Xm       , Mm^Xm       , Mm^Xm       , Mm^Xm       , Mm^Xm       , Mm^Xm       , Aa          , Aa          , Ke          , Ms          , Ce          , Ha          , Chr         , Chr         , Chr         , Chr         , Chr         , Ha          , Ce          , Ms          , Ke          , Aa          , Aa          , Mm^Xm       , Mm^Xm       , Mm^Xm       , Mm^Xm       , Mm^Xm       , Mm^Xm       , Ms          , Ms          
Ms          , Ms          , Mm^Xm       , Mm^Xm       , Mm^Xm       , Mm^Xm       , Aa^Fpa      , Aa          , Aa^Vha      , Aa          , Ha          , Ce          , Aa^Vha      , Ha          , Chr         , Chr         , Ha          , Chr         , Chr         , Ha          , Aa^Vha      , Ce          , Ha          , Aa          , Aa^Vha      , Aa          , Aa^Fpa      , Mm^Xm       , Mm^Xm       , Mm^Xm       , Mm^Xm       , Ms          , Ms          
Ms          , Ms          , Mm^Xm       , Mm^Xm       , Mm^Xm       , Ha^Vhha     , Aa          , Aa          , Chr         , Chr         , Chr         , Ha          , Aa          , Aa          , Aa          , Kh          , Ha          , Kh          , Aa          , Aa          , Aa          , Ha          , Chr         , Chr         , Chr         , Aa          , Aa          , Ha^Vhha     , Mm^Xm       , Mm^Xm       , Mm^Xm       , Ms          , Ms          
Ms          , Ms          , Mm^Xm       , Mm^Xm       , Mm^Xm       , Aa^Fpa      , Aa          , 6 Kh        , Chr         , Chr         , Chr         , Chr         , Aa          , Aa^Fpa      , Aa^Fpa      , Aa          , Khr         , Aa          , Aa^Fda      , Aa^Fda      , Aa          , Chr         , Chr         , Chr         , Chr         , 2 Kh        , Aa          , Aa^Fpa      , Mm^Xm       , Mm^Xm       , Mm^Xm       , Ms          , Ms          
Ms          , Ms          , Mm^Xm       , Mm^Xm       , Mm^Xm       , Aa          , Aa^Vha      , Chr         , Chr         , Chr         , Ha          , Kh          , Aa          , Aa^Fpa      , Aa^Vea      , Aa          , Chw         , Aa          , Aa^Vea      , Aa^Fda      , Aa          , Kh          , Ha          , Chr         , Chr         , Chr         , Aa^Vha      , Aa          , Mm^Xm       , Mm^Xm       , Mm^Xm       , Ms          , Ms          
Ms          , Ms          , Mm^Xm       , Mm^Xm       , Mm^Xm       , Aa          , Aa          , Chr         , Chr         , Chr         , Kh          , Ha          , Khr         , Aa          , Chw         , Chw         , Ai          , Chw         , Chw         , Aa          , Khr         , Ha          , Kh          , Chr         , Chr         , Chr         , Aa          , Aa          , Mm^Xm       , Mm^Xm       , Mm^Xm       , Ms          , Ms          
Ms          , Ms          , Mm^Xm       , Mm^Xm       , Mm^Xm       , Aa          , Ke          , Ha          , Ha          , Chr         , Aa          , Aa          , Aa          , Chw         , Ai          , Ai          , Ai          , Ai          , Ai          , Chw         , Aa          , Aa          , Aa          , Chr         , Ha          , Ha          , Ke          , Aa          , Mm^Xm       , Mm^Xm       , Mm^Xm       , Ms          , Ms          
Ms          , Ms          , Mm^Xm       , Mm^Xm       , Mm^Xm       , Mm^Xm       , Ms          , Ce          , Aa^Vha      , Aa          , Aa^Fma      , Aa^Fma      , Aa^Vea      , Chw         , Ai          , Ai          , Ha^Vhha     , Ai          , Ai          , Chw         , Aa^Vea      , Aa^Fma      , Aa^Fma      , Aa          , Aa^Vha      , Ce          , Ms          , Mm^Xm       , Mm^Xm       , Mm^Xm       , Mm^Xm       , Ms          , Ms          
Ms          , Ms          , Mm^Xm       , Mm^Xm       , Mm^Xm       , Mm^Xm       , Ke          , Ce          , Ha          , Aa          , Aa          , Aa^Fma      , Aa          , Chw         , Ai          , Ai          , Ai          , Ai          , Ai          , Chw         , Aa          , Aa^Fma      , Aa          , Aa          , Ha          , Ce          , Ke          , Mm^Xm       , Mm^Xm       , Mm^Xm       , Mm^Xm       , Ms          , Ms          
Ms          , Ms          , Mm^Xm       , Mm^Xm       , Mm^Xm       , Aa          , Aa          , Ha          , Chr         , Chr         , Kh          , Aa          , Khr         , Chw         , Chw         , Ai          , Ai          , Ai          , Chw         , Chw         , Khr         , Aa          , Kh          , Chr         , Chr         , Ha          , Aa          , Aa          , Mm^Xm       , Mm^Xm       , Mm^Xm       , Ms          , Ms          
Ms          , Ms          , Mm^Xm       , Mm^Xm       , Mm^Xm       , Aa          , Aa^Vha      , Chr         , Chr         , Chr         , Ha          , Ha          , Aa          , Aa          , Aa^Vea      , Chw         , Chw         , Chw         , Aa^Vea      , Aa          , Aa          , Ha          , Ha          , Chr         , Chr         , Chr         , Aa^Vha      , Aa          , Mm^Xm       , Mm^Xm       , Mm^Xm       , Ms          , Ms          
Ms          , Ms          , Mm^Xm       , Mm^Xm       , Mm^Xm       , Aa          , Aa          , Chr         , Chr         , Chr         , Chr         , Kh          , Aa          , Aa^Fda      , Aa^Fda      , Aa          , Khr         , Aa          , Aa^Fpa      , Aa^Fpa      , Aa          , Kh          , Chr         , Chr         , Chr         , Chr         , Aa          , Aa          , Mm^Xm       , Mm^Xm       , Mm^Xm       , Ms          , Ms          
Ms          , Ms          , Mm^Xm       , Mm^Xm       , Mm^Xm       , Aa^Fpa      , Aa          , 5 Kh        , Chr         , Chr         , Chr         , Chr         , Aa          , Aa^Fda      , Aa          , Aa          , Ha          , Aa          , Aa          , Aa^Fpa      , Aa          , Chr         , Chr         , Chr         , Chr         , 3 Kh        , Aa          , Aa^Fpa      , Mm^Xm       , Mm^Xm       , Mm^Xm       , Ms          , Ms          
Ms          , Ms          , Mm^Xm       , Mm^Xm       , Mm^Xm       , Ha^Vhha     , Aa^Fpa      , Aa          , Aa^Vha      , Chr         , Ha          , Ha          , Aa^Vha      , Aa          , Chr         , Kh          , Ha          , Kh          , Chr         , Aa          , Aa^Vha      , Ha          , Ha          , Chr         , Aa^Vha      , Aa          , Aa^Fpa      , Ha^Vhha     , Mm^Xm       , Mm^Xm       , Mm^Xm       , Ms          , Ms          
Ms          , Ms          , Mm^Xm       , Mm^Xm       , Mm^Xm       , Mm^Xm       , Mm^Xm       , Aa          , Aa          , Aa          , Ke          , Ce          , Ce          , Ha          , Chr         , Chr         , Chr         , Chr         , Chr         , Ha          , Ce          , Ce          , Ke          , Aa          , Aa          , Aa          , Mm^Xm       , Mm^Xm       , Mm^Xm       , Mm^Xm       , Mm^Xm       , Ms          , Ms          
Ms          , Ms          , Ms          , Mm^Xm       , Mm^Xm       , Mm^Xm       , Mm^Xm       , Mm^Xm       , Mm^Xm       , Aa          , Mm^Xm       , Ms          , Ke          , Ha          , Chr         , Chr         , Chr         , Chr         , Chr         , Ha          , Ke          , Ms          , Mm^Xm       , Aa          , Mm^Xm       , Mm^Xm       , Mm^Xm       , Mm^Xm       , Mm^Xm       , Mm^Xm       , Ms          , Ms          , Ms          
Ms          , Ms          , Ms          , Ms          , Ms          , Mm^Xm       , Mm^Xm       , Mm^Xm       , Mm^Xm       , Mm^Xm       , Mm^Xm       , Mm^Xm       , Aa          , Aa          , Aa^Vha      , Chr         , 4 Kh        , Chr         , Aa^Vha      , Aa          , Aa          , Mm^Xm       , Mm^Xm       , Mm^Xm       , Mm^Xm       , Mm^Xm       , Mm^Xm       , Mm^Xm       , Ms          , Ms          , Ms          , Ms          , Ms          
Ms          , Ms          , Ms          , Ms          , Ms          , Ms          , Ms          , Mm^Xm       , Mm^Xm       , Mm^Xm       , Mm^Xm       , Mm^Xm       , Mm^Xm       , Aa          , Aa          , Aa          , Aa          , Aa          , Aa          , Aa          , Mm^Xm       , Mm^Xm       , Mm^Xm       , Mm^Xm       , Mm^Xm       , Mm^Xm       , Ms          , Ms          , Ms          , Ms          , Ms          , Ms          , Ms          
Ms          , Ms          , Ms          , Ms          , Ms          , Ms          , Ms          , Ms          , Ms          , Mm^Xm       , Mm^Xm       , Mm^Xm       , Mm^Xm       , Mm^Xm       , Mm^Xm       , Aa^Fpa      , Ha^Vhha     , Aa^Fpa      , Mm^Xm       , Mm^Xm       , Mm^Xm       , Mm^Xm       , Mm^Xm       , Mm^Xm       , Ms          , Ms          , Ms          , Ms          , Ms          , Ms          , Ms          , Ms          , Ms          
Ms          , Ms          , Ms          , Ms          , Ms          , Ms          , Ms          , Ms          , Ms          , Ms          , Ms          , Mm^Xm       , Mm^Xm       , Mm^Xm       , Mm^Xm       , Mm^Xm       , Mm^Xm       , Mm^Xm       , Mm^Xm       , Mm^Xm       , Mm^Xm       , Mm^Xm       , Ms          , Ms          , Ms          , Ms          , Ms          , Ms          , Ms          , Ms          , Ms          , Ms          , Ms          
Ms          , Ms          , Ms          , Ms          , Ms          , Ms          , Ms          , Ms          , Ms          , Ms          , Ms          , Ms          , Ms          , Mm^Xm       , Mm^Xm       , Mm^Xm       , Mm^Xm       , Mm^Xm       , Mm^Xm       , Mm^Xm       , Ms          , Ms          , Ms          , Ms          , Ms          , Ms          , Ms          , Ms          , Ms          , Ms          , Ms          , Ms          , Ms          
Ms          , Ms          , Ms          , Ms          , Ms          , Ms          , Ms          , Ms          , Ms          , Ms          , Ms          , Ms          , Ms          , Ms          , Ms          , Mm^Xm       , Mm^Xm       , Mm^Xm       , Ms          , Ms          , Ms          , Ms          , Ms          , Ms          , Ms          , Ms          , Ms          , Ms          , Ms          , Ms          , Ms          , Ms          , Ms          
Ms          , Ms          , Ms          , Ms          , Ms          , Ms          , Ms          , Ms          , Ms          , Ms          , Ms          , Ms          , Ms          , Ms          , Ms          , Ms          , Ms          , Ms          , Ms          , Ms          , Ms          , Ms          , Ms          , Ms          , Ms          , Ms          , Ms          , Ms          , Ms          , Ms          , Ms          , Ms          , Ms          
Ms          , Ms          , Ms          , Ms          , Ms          , Ms          , Ms          , Ms          , Ms          , Ms          , Ms          , Ms          , Ms          , Ms          , Ms          , Ms          , Ms          , Ms          , Ms          , Ms          , Ms          , Ms          , Ms          , Ms          , Ms          , Ms          , Ms          , Ms          , Ms          , Ms          , Ms          , Ms          , Ms          
