border_size=1
usage=map

Gs          , Gs          , Gs          , Gs          , Gs          , Gs          , Gs          , Gs          , Gs          , Gs          , Gs          , Gs          , Gs          , Gs          , Gs          , Gs          , Gs          , Gs          , Gs          , Gs          , Gs          , Gs          , Gs          , Gs          , Gs          , Gs          , Gs          , Gs          , Gs          , Gs          , Gs          , Gs          , Gs          
Gs          , Gs          , Gs          , Gs          , Gs          , Gs          , Gs          , Gs          , Gs          , Gs          , Gs          , Gs          , Gs          , Gs          , Gs          , Gs          , Gs          , Gs          , Gs          , Gs          , Gs          , Gs          , Gs          , Gs          , Gs          , Gs          , Gs          , Gs          , Gs          , Gs          , Gs          , Gs          , Gs          
Gs          , Gs          , Gs          , Gs          , Gs          , Gs          , Gs          , Gs          , Gs          , Gs          , Gs          , Gs          , Gs          , Gs          , Gs          , Gs          , Mm^Xm       , Gs          , Gs          , Gs          , Gs          , Gs          , Gs          , Gs          , Gs          , Gs          , Gs          , Gs          , Gs          , Gs          , Gs          , Gs          , Gs          
Gs          , Gs          , Gs          , Gs          , Gs          , Gs          , Gs          , Gs          , Gs          , Gs          , Gs          , Gs          , Gs          , Gs          , Mm^Xm       , Mm^Xm       , Mm^Xm       , Mm^Xm       , Mm^Xm       , Gs          , Gs          , Gs          , Gs          , Gs          , Gs          , Gs          , Gs          , Gs          , Gs          , Gs          , Gs          , Gs          , Gs          
Gs          , Gs          , Gs          , Gs          , Gs          , Gs          , Gs          , Gs          , Gs          , Gs          , Gs          , Gs          , Mm^Xm       , Mm^Xm       , Mm^Xm       , Mm^Xm       , Mm^Xm       , Mm^Xm       , Mm^Xm       , Mm^Xm       , Mm^Xm       , Gs          , Gs          , Gs          , Gs          , Gs          , Gs          , Gs          , Gs          , Gs          , Gs          , Gs          , Gs          
Gs          , Gs          , Gs          , Gs          , Gs          , Gs          , Gs          , Gs          , Gs          , Gs          , Mm^Xm       , Mm^Xm       , Mm^Xm       , Mm^Xm       , Mm^Xm       , Mm^Xm       , Gs^Vht      , Mm^Xm       , Mm^Xm       , Mm^Xm       , Mm^Xm       , Mm^Xm       , Mm^Xm       , Gs          , Gs          , Gs          , Gs          , Gs          , Gs          , Gs          , Gs          , Gs          , Gs          
Gs          , Gs          , Gs          , Gs          , Gs          , Gs          , Gs          , Gs          , Mm^Xm       , Mm^Xm       , Mm^Xm       , Mm^Xm       , Mm^Xm       , Mm^Xm       , Gs          , Gs^Ft       , Gs          , Gs^Ft       , Gs          , Mm^Xm       , Mm^Xm       , Mm^Xm       , Mm^Xm       , Mm^Xm       , Mm^Xm       , Gs          , Gs          , Gs          , Gs          , Gs          , Gs          , Gs          , Gs          
Gs          , Gs          , Gs          , Gs          , Gs          , Gs          , Mm^Xm       , Mm^Xm       , Mm^Xm       , Mm^Xm       , Mm^Xm       , Mm^Xm       , Gs          , Gs          , Gs^Vht      , Gs          , 1 Ke        , Gs          , Gs^Vht      , Gs          , Gs          , Mm^Xm       , Mm^Xm       , Mm^Xm       , Mm^Xm       , Mm^Xm       , Mm^Xm       , Gs          , Gs          , Gs          , Gs          , Gs          , Gs          
Gs          , Gs          , Gs          , Gs          , Mm^Xm       , Mm^Xm       , Mm^Xm       , Mm^Xm       , Mm^Xm       , Mm^Xm       , Mm^Xm       , Mm^Xm       , Ke          , Gs          , Ce          , Ce          , Ce          , Ce          , Ce          , Gs          , Ke          , Mm^Xm       , Mm^Xm       , Mm^Xm       , Mm^Xm       , Mm^Xm       , Mm^Xm       , Mm^Xm       , Mm^Xm       , Gs          , Gs          , Gs          , Gs          
Gs          , Gs          , Mm^Xm       , Mm^Xm       , Mm^Xm       , Mm^Xm       , Mm^Xm       , Mm^Xm       , Gs          , Gs          , Ke          , Hh          , Ce          , Gs          , Ce          , Ce          , Ce          , Ce          , Ce          , Gs          , Ce          , Hh          , Ke          , Gs          , Gs          , Mm^Xm       , Mm^Xm       , Mm^Xm       , Mm^Xm       , Mm^Xm       , Mm^Xm       , Gs          , Gs          
Gs          , Gs          , Mm^Xm       , Mm^Xm       , Mm^Xm       , Mm^Xm       , Gs^Ft       , Gs          , Gs^Vht      , Gs          , Gs          , Ce          , Gg^Vc       , Gs          , Ce          , Ce          , Gs          , Ce          , Ce          , Gs          , Gg^Vc       , Ce          , Gs          , Gs          , Gs^Vht      , Gs          , Gs^Ft       , Mm^Xm       , Mm^Xm       , Mm^Xm       , Mm^Xm       , Gs          , Gs          
Gs          , Gs          , Mm^Xm       , Mm^Xm       , Mm^Xm       , Gs^Vht      , Gs          , Gs          , Ce          , Ce          , Ce          , Gs          , Gs          , Gs          , Gs          , Ke          , Gs          , Ke          , Gs          , Gs          , Gs          , Gs          , Ce          , Ce          , Ce          , Gs          , Gs          , Gs^Vht      , Mm^Xm       , Mm^Xm       , Mm^Xm       , Gs          , Gs          
Gs          , Gs          , Mm^Xm       , Mm^Xm       , Mm^Xm       , Gs^Ft       , Gs          , 6 Ke        , Ce          , Ce          , Ce          , Ce          , Gs          , Gs^Ft       , Gs^Ft       , Gs          , Ke          , Gs          , Gs^Ft       , Gs^Ft       , Gs          , Ce          , Ce          , Ce          , Ce          , 2 Ke        , Gs          , Gs^Ft       , Mm^Xm       , Mm^Xm       , Mm^Xm       , Gs          , Gs          
Gs          , Gs          , Mm^Xm       , Mm^Xm       , Mm^Xm       , Gs          , Gs^Vht      , Ce          , Ce          , Ce          , Gs          , Ke          , Gs          , Gs^Ft       , Gg^Vc       , Gs          , Ce          , Gs          , Gg^Vc       , Gs^Ft       , Gs          , Ke          , Gs          , Ce          , Ce          , Ce          , Gs^Vht      , Gs          , Mm^Xm       , Mm^Xm       , Mm^Xm       , Gs          , Gs          
Gs          , Gs          , Mm^Xm       , Mm^Xm       , Mm^Xm       , Gs          , Gs          , Ce          , Ce          , Ce          , Ke          , Gs          , Ke          , Gs          , Ce          , Ce          , Gs^Ft       , Ce          , Ce          , Gs          , Ke          , Gs          , Ke          , Ce          , Ce          , Ce          , Gs          , Gs          , Mm^Xm       , Mm^Xm       , Mm^Xm       , Gs          , Gs          
Gs          , Gs          , Mm^Xm       , Mm^Xm       , Mm^Xm       , Gs          , Ke          , Gs          , Gs          , Ce          , Gs          , Gs          , Gs          , Ce          , Gs^Ft       , Gs          , Gs          , Gs          , Gs^Ft       , Ce          , Gs          , Gs          , Gs          , Ce          , Gs          , Gs          , Ke          , Gs          , Mm^Xm       , Mm^Xm       , Mm^Xm       , Gs          , Gs          
Gs          , Gs          , Mm^Xm       , Mm^Xm       , Mm^Xm       , Mm^Xm       , Hh          , Ce          , Gg^Vc       , Gs          , Gs^Ft       , Gs^Ft       , Gg^Vc       , Ce          , Gs          , Gs^Ft       , Gs^Vht      , Gs^Ft       , Gs          , Ce          , Gg^Vc       , Gs^Ft       , Gs^Ft       , Gs          , Gg^Vc       , Ce          , Hh          , Mm^Xm       , Mm^Xm       , Mm^Xm       , Mm^Xm       , Gs          , Gs          
Gs          , Gs          , Mm^Xm       , Mm^Xm       , Mm^Xm       , Mm^Xm       , Ke          , Ce          , Gs          , Gs          , Gs          , Gs^Ft       , Gs          , Ce          , Gs^Ft       , Gs          , Gs^Ft       , Gs          , Gs^Ft       , Ce          , Gs          , Gs^Ft       , Gs          , Gs          , Gs          , Ce          , Ke          , Mm^Xm       , Mm^Xm       , Mm^Xm       , Mm^Xm       , Gs          , Gs          
Gs          , Gs          , Mm^Xm       , Mm^Xm       , Mm^Xm       , Gs          , Gs          , Gs          , Ce          , Ce          , Ke          , Gs          , Ke          , Ce          , Ce          , Gs          , Gs^Ft       , Gs          , Ce          , Ce          , Ke          , Gs          , Ke          , Ce          , Ce          , Gs          , Gs          , Gs          , Mm^Xm       , Mm^Xm       , Mm^Xm       , Gs          , Gs          
Gs          , Gs          , Mm^Xm       , Mm^Xm       , Mm^Xm       , Gs          , Gs^Vht      , Ce          , Ce          , Ce          , Gs          , Gs          , Gs          , Gs          , Gg^Vc       , Ce          , Ce          , Ce          , Gg^Vc       , Gs          , Gs          , Gs          , Gs          , Ce          , Ce          , Ce          , Gs^Vht      , Gs          , Mm^Xm       , Mm^Xm       , Mm^Xm       , Gs          , Gs          
Gs          , Gs          , Mm^Xm       , Mm^Xm       , Mm^Xm       , Gs          , Gs          , Ce          , Ce          , Ce          , Ce          , Ke          , Gs          , Gs^Ft       , Gs^Ft       , Gs          , Ke          , Gs          , Gs^Ft       , Gs^Ft       , Gs          , Ke          , Ce          , Ce          , Ce          , Ce          , Gs          , Gs          , Mm^Xm       , Mm^Xm       , Mm^Xm       , Gs          , Gs          
Gs          , Gs          , Mm^Xm       , Mm^Xm       , Mm^Xm       , Gs^Ft       , Gs          , 5 Ke        , Ce          , Ce          , Ce          , Ce          , Gs          , Gs^Ft       , Gs          , Gs          , Gs          , Gs          , Gs          , Gs^Ft       , Gs          , Ce          , Ce          , Ce          , Ce          , 3 Ke        , Gs          , Gs^Ft       , Mm^Xm       , Mm^Xm       , Mm^Xm       , Gs          , Gs          
Gs          , Gs          , Mm^Xm       , Mm^Xm       , Mm^Xm       , Gs^Vht      , Gs^Ft       , Gs          , Gs^Vht      , Ce          , Gs          , Gs          , Gg^Vc       , Gs          , Ce          , Ke          , Gs          , Ke          , Ce          , Gs          , Gg^Vc       , Gs          , Gs          , Ce          , Gs^Vht      , Gs          , Gs^Ft       , Gs^Vht      , Mm^Xm       , Mm^Xm       , Mm^Xm       , Gs          , Gs          
Gs          , Gs          , Mm^Xm       , Mm^Xm       , Mm^Xm       , Mm^Xm       , Mm^Xm       , Gs          , Gs          , Gs          , Ke          , Ce          , Ce          , Gs          , Ce          , Ce          , Ce          , Ce          , Ce          , Gs          , Ce          , Ce          , Ke          , Gs          , Gs          , Gs          , Mm^Xm       , Mm^Xm       , Mm^Xm       , Mm^Xm       , Mm^Xm       , Gs          , Gs          
Gs          , Gs          , Gs          , Mm^Xm       , Mm^Xm       , Mm^Xm       , Mm^Xm       , Mm^Xm       , Mm^Xm       , Gs          , Mm^Xm       , Hh          , Ke          , Gs          , Ce          , Ce          , Ce          , Ce          , Ce          , Gs          , Ke          , Hh          , Mm^Xm       , Gs          , Mm^Xm       , Mm^Xm       , Mm^Xm       , Mm^Xm       , Mm^Xm       , Mm^Xm       , Gs          , Gs          , Gs          
Gs          , Gs          , Gs          , Gs          , Gs          , Mm^Xm       , Mm^Xm       , Mm^Xm       , Mm^Xm       , Mm^Xm       , Mm^Xm       , Mm^Xm       , Gs          , Gs          , Gs^Vht      , Ce          , 4 Ke        , Ce          , Gs^Vht      , Gs          , Gs          , Mm^Xm       , Mm^Xm       , Mm^Xm       , Mm^Xm       , Mm^Xm       , Mm^Xm       , Mm^Xm       , Gs          , Gs          , Gs          , Gs          , Gs          
Gs          , Gs          , Gs          , Gs          , Gs          , Gs          , Gs          , Mm^Xm       , Mm^Xm       , Mm^Xm       , Mm^Xm       , Mm^Xm       , Mm^Xm       , Gs          , Gs          , Gs          , Gs          , Gs          , Gs          , Gs          , Mm^Xm       , Mm^Xm       , Mm^Xm       , Mm^Xm       , Mm^Xm       , Mm^Xm       , Gs          , Gs          , Gs          , Gs          , Gs          , Gs          , Gs          
Gs          , Gs          , Gs          , Gs          , Gs          , Gs          , Gs          , Gs          , Gs          , Mm^Xm       , Mm^Xm       , Mm^Xm       , Mm^Xm       , Mm^Xm       , Mm^Xm       , Gs^Ft       , Gs^Vht      , Gs^Ft       , Mm^Xm       , Mm^Xm       , Mm^Xm       , Mm^Xm       , Mm^Xm       , Mm^Xm       , Gs          , Gs          , Gs          , Gs          , Gs          , Gs          , Gs          , Gs          , Gs          
Gs          , Gs          , Gs          , Gs          , Gs          , Gs          , Gs          , Gs          , Gs          , Gs          , Gs          , Mm^Xm       , Mm^Xm       , Mm^Xm       , Mm^Xm       , Mm^Xm       , Mm^Xm       , Mm^Xm       , Mm^Xm       , Mm^Xm       , Mm^Xm       , Mm^Xm       , Gs          , Gs          , Gs          , Gs          , Gs          , Gs          , Gs          , Gs          , Gs          , Gs          , Gs          
Gs          , Gs          , Gs          , Gs          , Gs          , Gs          , Gs          , Gs          , Gs          , Gs          , Gs          , Gs          , Gs          , Mm^Xm       , Mm^Xm       , Mm^Xm       , Mm^Xm       , Mm^Xm       , Mm^Xm       , Mm^Xm       , Gs          , Gs          , Gs          , Gs          , Gs          , Gs          , Gs          , Gs          , Gs          , Gs          , Gs          , Gs          , Gs          
Gs          , Gs          , Gs          , Gs          , Gs          , Gs          , Gs          , Gs          , Gs          , Gs          , Gs          , Gs          , Gs          , Gs          , Gs          , Mm^Xm       , Mm^Xm       , Mm^Xm       , Gs          , Gs          , Gs          , Gs          , Gs          , Gs          , Gs          , Gs          , Gs          , Gs          , Gs          , Gs          , Gs          , Gs          , Gs          
Gs          , Gs          , Gs          , Gs          , Gs          , Gs          , Gs          , Gs          , Gs          , Gs          , Gs          , Gs          , Gs          , Gs          , Gs          , Gs          , Gs          , Gs          , Gs          , Gs          , Gs          , Gs          , Gs          , Gs          , Gs          , Gs          , Gs          , Gs          , Gs          , Gs          , Gs          , Gs          , Gs          
Gs          , Gs          , Gs          , Gs          , Gs          , Gs          , Gs          , Gs          , Gs          , Gs          , Gs          , Gs          , Gs          , Gs          , Gs          , Gs          , Gs          , Gs          , Gs          , Gs          , Gs          , Gs          , Gs          , Gs          , Gs          , Gs          , Gs          , Gs          , Gs          , Gs          , Gs          , Gs          , Gs          
