border_size=1
usage=map

Gs^Fds      , Gs^Fds      , Gs^Fds      , Gs^Fds      , Gs^Fds      , Gg          , Gg          , Gs^Fds      , Hh^Fds      , Hh^Fds      , Hh          , Gs^Fds      , Gs^Fds      , Rd          , Wwf         , Gs^Fds      , Gs^Fds      , Gs^Fds      , Rd          , Gs^Fds      , Gs^Fds      , Gs^Fds      , Gs^Fds      , Gs^Fds      , Rd          , Rd          , Gs^Fds      , Gs^Fds      , Gs^Fds      , Gs^Fds      , Gs^Fds      , Gs^Fds      , Gs^Fds      , Gs^Fds      , Rd          , Gs^Fds      , Gs^Fds      , Rd          , Wwf         , Wwf         , Gs^Fds      , Gs^Fds      , Gs^Fds      , Gs^Fds      , Gs^Fds      
Gs^Fds      , Gs^Fds      , Gg          , Hh          , Hh^Fds      , Gs^Fds      , Gg          , Gs^Fds      , Hh          , Hh          , Gg          , Gg          , Gg          , Rd          , Rd          , Wwf         , Wwf         , Gs^Fds      , Wwf         , Gs^Fds      , Gs^Fds      , Gs^Fds      , Gs^Fds      , Gs^Fds      , Wwf         , Gs^Fds      , Re^Vct      , Gs^Fds      , Gg          , Gs^Fds      , Gg          , Gs^Fds      , Rd          , Rd          , Hh^Fds      , Gs^Fds      , Wwf         , Wwf         , Rd          , Gs^Fds      , Gg          , Gs^Fds      , Gs^Fds      , Gs^Fds      , Gs^Fds      
Ww          , Gs^Fds      , Gs^Fds      , Hh          , Hh          , Gg          , Gs^Fds      , Gg          , Hh          , Gg          , Gs^Fds      , Gs^Fds      , Gs^Fds      , Gg^Vh       , Rd          , Rd          , Rd          , Wwf         , Rd          , Wwf         , Wwf         , Wwf         , Wwf         , Wwf         , 3 Ke        , Wwf         , Wwf         , Gg          , Wwf         , Gg          , Rd          , Rd          , Gg          , Hh          , Wwf         , Wwf         , Hh          , Gg          , Rd          , Hh^Fds      , Gg          , Gg          , Wwf         , Gs^Fds      , Wwf         
Wo          , Wo          , Ww          , Ww          , Ww          , Gs^Fds      , Gs^Fds      , Gg          , Gs^Fds      , Gg          , Gg          , Gs^Fds      , Gg          , Rd          , Gs^Fds      , Hh^Fms      , Hh^Fms      , Rd          , Rd          , Rd          , Rd          , Gg^Vh       , Ce          , Ce          , Ce          , Ce          , Ce          , Wwf         , Hh^Fds      , Wwf         , Wwf         , Wwf         , Wwf         , Wwf         , Hh          , Wwf         , Wwf         , Gg          , Wwf         , Wwf         , Wwf         , Wwf         , Gg          , Wwf         , Gs^Fds      
Ww          , Wo          , Wo          , Wo          , Wo          , Wo          , Ww          , Ww          , Wo          , Hh          , Hh^Fds      , Gs^Fds      , Ce          , 4 Ke        , Ce          , Hh          , Hh          , Gg          , Gg^Wm       , Rd          , Rd          , Rd          , Rd          , Gs^Fds      , Gs^Fds      , Wwf         , Gs^Fds      , Gs^Fds      , Rd          , Rd          , Gg          , Gs^Fds      , Gs^Fds      , Gg          , Gg          , Hh          , Gg          , Wwf         , 5 Ke        , Re^Vct      , Ce          , Gg          , Gg          , Gs^Fds      , Gs^Fds      
Mm^Xm       , Mm^Xm       , Mm^Xm       , Ww          , Wo          , Ww          , Wo          , Wo          , Ww          , Ww          , Gs^Fds      , Gg          , Ce          , Ce          , Ce          , Gg          , Re^Gvs      , Gg^Vh       , Re^Gvs      , Gg          , Hh          , Rd          , Rd          , Hh^Fds      , Rd          , Wwf         , Wwf         , Rd          , Gg^Vh       , Gg          , Re^Gvs      , Re^Gvs      , Re^Gvs      , Gg          , Gg          , Gg          , Gg          , Ce          , Gg          , Ce          , Ss^Vhs      , Gg          , Ww          , Wo          , Wo          
Hh          , Mm^Xm       , Hh          , Mm^Xm       , Mm^Xm       , Mm^Xm       , Ww          , Wo          , Ww          , Ww          , Wo          , Gg          , Wwf         , Wwf         , Re^Gvs      , Re^Gvs      , Re^Gvs      , Re^Gvs      , Re^Gvs      , Re^Gvs      , Re^Gvs      , Hh          , Rd          , Rd          , Rd          , Rd          , Wwf         , Gg          , Gg          , Re^Gvs      , Re^Gvs      , Re^Gvs      , Re^Gvs      , Re^Gvs      , Re^Gvs      , Gg          , Ce          , Ce          , Gg          , Gg          , Ww          , Ww          , Ww          , Ww          , Wo          
Rd          , Rd          , Rd          , Hh          , Hh          , Mm          , Mm          , Mm          , Hh^Fp       , Ww          , Wo          , Wo          , Wwf         , Ce          , Ww          , Re^Gvs      , Ww^Vm       , Re^Gvs      , Hh          , Re^Gvs      , Hh^Fp       , Gg          , Ww^Bw|      , Ww^Bw|      , Ww^Bw|      , Gg          , Hh^Fp       , Wwf         , Gg          , Gg          , Gg^Wm       , Re^Gvs      , Re^Gvs      , Re^Gvs      , Gs^Fds      , Gg          , Gg^Vh       , Gg          , Hh          , Gg          , Ww          , Wo          , Wo          , Wo          , Gs^Fds      
Mm^Xm       , Hh          , Mm          , Rd          , Rd          , Rd          , Rd          , Hh^Fp       , Hh^Fp       , Ww          , Gs^Fp       , Ww          , Wwf         , Ww          , Wo          , Ww          , Ww          , Wwf         , Wwf         , Wwf         , Ww          , Ww          , Ww^Bw|      , Ww^Bw|      , Ww^Bw|      , Ww          , Ww          , Ww          , Ww          , Wwf         , Ww          , Gg          , Wwf         , Gs^Fds      , Wo          , Gs^Fds      , Ww          , Gg          , Wwf         , Ww          , Wo          , Wo          , Ww          , Ww          , Gs^Fms      
Mm^Xm       , Mm^Xm       , Mm^Xm       , Mm          , Hh^Fp       , Rd          , Rd          , Rd          , Rd          , Hh          , Rd          , Wwf         , Wwf         , Ww          , Wo          , Wo          , Ww          , Ww          , Wo          , Ww          , Wo          , Wo          , Ww^Bw|      , Ww^Bw|      , Ww^Bw|      , Wo          , Wo          , Wo          , Ww^Vm       , Ww          , Wo          , Ww          , Wwf         , Wwf         , Wo          , Wo          , Wo          , Ww          , Wwf         , Ww          , Ww          , Wo          , Gs^Fms      , Gs^Fms      , Gs^Fms      
Mm^Xm       , Mm^Xm       , Mm^Xm       , Mm          , Hh^Fp       , Hh^Fp       , Gg          , Rd          , Rd          , Rd          , Rd          , Rd          , Rd          , Gg^Vl       , Gs^Fp       , Wo          , Gs          , Wwf         , Chs         , Ss          , Ss          , Ww          , Ww^Bw|      , Ww^Bw|      , Ww^Bw|      , Ww          , Ss          , Ww          , Wwf         , Ww          , Wo          , Wo          , Ww          , Ww          , Ww          , Ww          , Ww          , Wwf         , Ww          , Ww          , Ww^Vm       , Ww          , Gs          , Gs^Fms      , Gs^Fms      
Mm^Xm       , Mm^Xm       , Mm^Xm       , Mm          , Hh^Fp       , Hh^Fp       , Gs^Fp       , Gg^Vh       , Rd          , Rd          , Hh          , Rd          , Rd          , Rd          , Rd          , Gs^Fp       , Gs^Vht      , Gs^Fp       , Gs^Fp       , Ss          , Ss^Vhs      , Wwf         , Chw         , Khw         , Chw         , Wwf         , Ss^Vhs      , Ss          , Chs         , Wo          , Wo          , Wwf         , Wwf         , Ww          , Gs^Fp       , Ww          , Wwf         , Re          , Gs^Fp       , Gs^Fp       , Gs^Fp       , Wwf         , Gs^Fp       , Gs^Fms      , Gs^Fms      
Xu          , Xu          , Xu          , Xu          , Xu          , Xu          , Xu          , Gg          , Rd          , Hh^Fp       , Gs^Fp       , Rd          , Gs^Fp       , Rd          , Rd          , Rd          , Gs^Fp       , Gs          , Gs          , Gs          , Chr         , Chw         , Uu^Vud      , Chw         , Uu^Vud      , Chw         , Chr         , Gs^Fp       , Hh^Fp       , Gs          , Gs^Fp       , Gs^Fp       , Gs          , Gs^Vht      , Gs^Fp       , Gs^Fp       , Re          , Re          , Hh^Fp       , Hh^Fp       , Hh^Fp       , Wwf         , Gs^Fp       , Hh^Fp       , Hh^Fp       
Xu          , Xu          , Xu          , Xu          , Xu          , Xu          , Xu          , Gs^Fp       , Rd          , Hh^Fp       , Rd          , Rd          , Hh          , Gs^Fp       , Rd          , Rd          , Gs^Fp       , Hh^Fp       , Gs          , Chr         , Uu^Vud      , Ur          , Ur          , Uu^Vud      , Ur          , Ur          , Uu^Vud      , Chr         , Hh^Fp       , Hh^Fp       , Hh          , Gs          , Gs          , Gs          , Mm          , Hh          , Re          , Hh          , Hh          , Hh          , Mm          , Wwf         , Hh^Fp       , Hh^Fp       , Hh          
Xu          , Xu          , Xu          , Xu          , Xu          , Xu          , Xu          , Xu          , Rd          , Rd          , Hh^Fp       , Hh          , Hh          , Re^Vct      , Rd          , Ce          , Ke          , Gs          , Hh^Fp       , 1 Khr       , Mm          , Uu^Vud      , Chw         , Uu^Vud      , Chw         , Uu^Vud      , Mm          , 2 Khr       , Gs          , Gs          , Gs          , Gs          , Gs          , Gs^Fp       , Hh          , Re          , Hh^Fmw      , Gs^Vht      , Gs          , Mm          , Wwf         , Wwf         , Hh          , Hh          , Hh          
Xu          , Xu          , Xu          , Xu          , Xu          , Xu          , Xu          , Xu          , Gs^Fp       , Rd          , Mm          , Mm          , Hh^Fp       , Rd          , Rd          , Rd          , Ce          , Hh^Fp       , Ww          , Wo          , Wwf         , Wwf         , Ww          , Chw         , Ww          , Ww          , Wo          , Wo          , Wo          , Chr         , Gs          , Gs^Vht      , Hh^Fp       , Gs          , Gs^Fdw      , Re          , Gs^Fdw      , Gs^Fdw      , Wwf         , Wwf         , Hh^Fp       , Hh          , Mm          , Hh          , Mm          
Xu          , Xu          , Cud         , Xu          , Uu^Uf       , Xu          , Uu^Uf       , Xu          , Xu          , Rd          , Rd          , Mm          , Hh^Fp       , Gs^Fp       , Rd          , Rd          , Ww          , Wo          , Wo          , Wo          , Wo          , Wo          , Ww          , Ww          , Ww          , Wo          , Wo          , Wo          , Wo          , Wo          , Wo          , Hh^Fp       , Gs^Fdw      , Gs          , Ss          , Re          , Ss          , Gs^Fdw      , Wwf         , Wwf         , Hh^Fp       , Hh^Fp       , Hh          , Mm          , Mm          
Xu          , Xu          , Uh          , Ur          , Ur          , Uu^Uf       , Ur          , Uh          , Xu          , Xu          , Mm          , Rd          , Rd          , Rd          , Ww^Bw|      , Ww^Bw|      , Ww^Bw\      , Wo          , Wo          , Wo          , Wo          , Ww          , Ww          , Ww          , Ww          , Ww          , Wwf         , Wo          , Ww          , Ww          , Ww          , Ww          , Ss          , Gs^Fdw      , Ss          , Ss          , Khr         , Ss          , Ss          , Wwf         , Hh^Fp       , Hh^Fp       , Hh          , Mm          , Mm          
Xu          , Uh          , Ur          , Uu          , Ur          , Uh          , Ur          , Uu^Uf       , Uu^Uf       , Xu          , Rd          , Rd          , Ww          , Wwf         , Ww          , Ww^Bw\      , Ww^Bw\      , Ww^Bw\      , Ww^Bw\      , Ww          , Chw         , Wwf         , Ww          , Ww          , Ww          , Wwf         , Chw         , Wo          , Wwf         , Wo          , Ww          , Ss          , Wo          , Ss          , Wo          , Ss          , Chs         , Chs         , Gs^Fdw      , Gs^Fdw      , Gs          , Gs          , Hh^Fp       , Hh          , Hh^Fp       
Xu          , Uu^Vu       , Uu^Uf       , Ur          , Uu          , Ur          , Ur          , Uu          , Uu^Vud      , Xu          , Chw         , Rd          , Wo          , Ww^Vm       , Wo          , Ww          , Wwf         , Ww^Bw\      , Rd          , Chr         , Chr         , Uu          , Rd          , Ww          , Chr         , Chr         , Mm          , Gs^Fp       , Gg          , Wo          , Wwf         , Ss          , Ss          , Ww          , Ss          , Wwf         , Ss          , Ss^Vhs      , Gs^Fdw      , Gs          , Gs          , Gs          , Hh^Fp       , Hh^Fp       , Hh^Fp       
Xu          , Xu          , Xu          , Uu^Uf       , Uu          , Uu^Uf       , Xu          , Ur          , Ww          , Wwf         , Ww          , Ww          , Ww          , Wo          , Ww          , Wwf         , Chw         , Chr         , Gs^Fp       , Rd          , Rd          , Khr         , Rd          , Rd          , Rd          , Khr         , Hh^Fp       , Hh^Fp       , Gg          , Gs^Fmw      , Gs^Fdw      , Wo          , Wwf         , Wwf         , Wo          , Wo          , Ss          , Co          , Ww          , Gs^Fp       , Wwf         , Gs^Fp       , Ww          , Gs^Fp       , Gs^Fp       
Xu          , Xu          , Uh          , Uh          , Uu^Uf       , Xu          , Xu          , Wwf         , Ww          , Ww          , Ww          , Chw         , Wwf         , Wo          , Gg          , Wwf         , Gg          , Khr         , Gg          , Gs^Fp       , Rd          , Rd          , Rd          , Ch          , Rd          , Gg          , Gg          , Gg          , Gs          , Gs          , Ss          , Ss          , Ss          , Ss          , Ss          , Ss          , Ss          , Co          , Ss          , Ww          , Wo          , Wo          , Ww          , Wo          , Wo          
Xu          , Xu          , Uh          , Uu^Uf       , Xu          , Xu          , Ww          , Ww          , Ww          , Wwf         , Xu          , Xu          , Gg          , Hh^Vhh      , Gg          , Gg          , Hh^Fp       , Gg          , Rd          , Rd          , Uu          , Khw         , Rd          , Ch          , Rd          , Ch          , Ch          , Gg^Vh       , Gs          , Gs          , Ss^Vhs      , Ss          , Ss          , Wwf         , Wwf         , Ss          , Co          , Co          , Ww          , Ww          , Ww          , Wo          , Wo          , Ww          , Wo          
Xu          , Uh          , Uu^Vu       , Uu^Uf       , Xu          , Ww          , Wo          , Wo          , Wwf         , Wwf         , Xu          , Hh^Fp       , Gg          , Gg          , Gg          , Hh^Fp       , Rd          , Gs^Fp       , Rd          , Gg^Vh       , Ch          , Ch          , Rd          , Rd          , Rd          , Ch          , Kh          , Gs          , Hh          , Hh^Fdw      , Gs^Fdw      , Ss          , Ss          , Ss          , Wwf         , Ss          , Ss          , Ss          , Mm          , Mm          , Hh          , Ww          , Mm          , Ww          , Ww          
Wo          , Wwf         , Wwf         , Wwf         , Ww          , Wo          , Wo          , Wo          , Wwf         , Uh          , Xu          , Hh^Fp       , Mm          , Hh          , Rd          , Rd          , Hh          , Rd          , Gs^Fp       , Gg          , Gs^Fp       , Gg          , Rd          , Rd          , Rd          , Gg          , Gg          , Gg          , Hh          , Hh^Fmw      , Mm          , Gs^Fdw      , Xu          , Chw         , Ss          , Ss          , Ss          , Chw         , Xu          , Mm^Xm       , Xu          , Mm^Xm       , Xu          , Mm          , Mm          
Wo          , Wo          , Wo          , Ww          , Wo          , Ww          , Wo          , Wo          , Ur          , Uu^Vu       , Xu          , Xu          , Xu          , Cud         , Cud         , Xu          , Xu          , Xu          , Xu          , Gs^Fp       , Xu          , Gs^Fp       , Cud         , Cud         , Cud         , Hh^Fp       , Xu          , Mm          , Xu          , Xu          , Xu          , Xu          , Xu          , Wwf         , Wwf         , Wwf         , Wwf         , Uu^Uf       , Uh          , Xu          , Cud         , Xu          , Kud         , Xu          , Xu          
Ww          , Ww          , Ww          , Wo          , Xu          , Wwf         , Wwf         , Uu^Uf       , Ur          , Uu          , Ur          , Uu          , Uh          , Ur          , Ur          , Xu          , Xu          , Xu          , Xu          , Xu          , Xu          , Cud         , Ur          , Ur          , Ur          , Xos         , Xu          , Xu          , Xu          , Xu          , Xu          , Xu          , Xu          , Xu          , Wwf         , Ss          , Ss          , Uu          , Uu^Vu       , Xu          , Cud         , Cud         , Cud         , Uu          , Xu          
Xu          , Xu          , Xu          , Xu          , Xu          , Wwf         , Uu^Vu       , Ur          , Xu          , Ur          , Ur          , Uu          , Uh          , Ur          , Ur          , Uh          , Uh          , Xu          , Xu          , Xu          , Uh          , Ur          , Ur          , Ur          , Ur          , Xos         , Xu          , Xu          , Xu          , Xu          , Xu          , Xu          , Xu          , Xu          , Uu^Uf       , Ss          , Wwf         , Uh          , Uh          , Xu          , Xu          , Cud         , Cud         , Kud         , Xu          
Xu          , Xu          , Xu          , Xu          , Xu          , Xu          , Uu          , Ur          , Ur          , Uh          , Uh          , Ur          , Uu          , Uu^Vu       , Ur          , Uh          , Ur          , Uu^Uf       , Uu^Uf       , Uu^Vu       , Ur          , Uh          , Ur          , Cud         , Uu          , Xos         , Xos         , Xu          , Uu^Vu       , Xu          , Ur          , Xu          , Ur          , Ur          , Ss^Vhs      , Ss          , Wwf         , Uu^Uf       , Uu^Uf       , Uh          , Xu          , Uu^Vud      , Ur          , Uu^Vud      , Xu          
Xu          , Xu          , Xu          , Xu          , Uu^Uf       , Xu          , Xu          , Uu^Uf       , Uu^Uf       , Ur          , Ur          , Ur          , Ur          , Ur          , Uh          , Ur          , Uu          , Ur          , Ur          , Ur          , Uu          , Ur          , Uu          , Cud         , Uu          , Uh          , Xos         , Uh          , Ur          , Uh          , Uh          , Xu          , Ur          , Uh          , Uu          , Ss          , Ss          , Uu^Uf       , Xu          , Xu          , Xu          , Uh          , Uh          , Uh          , Xu          
Xu          , Xu          , Uh          , Uu^Vu       , Uu          , Uu^Uf       , Xu          , Cud         , Cud         , Kud         , Cud         , Cud         , Uu          , Qxu         , Qxu         , Uh          , Cud         , Uu          , Uh          , Uh          , Uu^Uf       , Uu^Vu       , Ur          , Cud         , Ur          , Uh          , Xos         , Ur          , Uh          , Uu          , Uh          , Xu          , Xu          , Xu          , Uh          , Chw         , Khw         , Wwf         , Xu          , Xu          , Uh          , Uh          , Ur          , Uh          , Xu          
Xu          , Xu          , Uh          , Uh          , Uu          , Uu          , Uu          , Uu^Vud      , Ur          , Ur          , Ur          , Uu^Vud      , Uu^Uf       , Uu^Uf       , Uu^Uf       , Qxu         , Uh          , Cud         , Xos         , Xos         , Xos         , Xos         , Uh          , Kud         , Ur          , Uu^Vu       , Xos         , Xos         , Xu          , Uu^Vu       , Xu          , Xu          , Xu          , Xu          , Ur          , Wwf         , Wwf         , Chw         , Uh          , Xu          , Uu^Uf       , Uh          , Ur          , Xu          , Xu          
Xu          , Xu          , Xu          , Uh          , Uu^Uf       , Uu          , Uu          , Cud         , Ur          , Ql          , Ur          , Cud         , Uh          , Uu^Uf       , Uu^Uf       , Xos         , Ur          , Uh          , Uh          , Uu^Vu       , Uu^Uf       , Xos         , Uh          , Ur          , Ur          , Uu^Uf       , Xos         , Xos         , Xu          , Xu          , Xu          , Uu^Uf       , Uu          , Xu          , Uu^Uf       , Wwf         , Uh          , Uh          , Uu^Uf       , Xu          , Uu^Uf       , Uu^Uf       , Uh          , Xu          , Xu          
Xu          , Xu          , Xu          , Xu          , Xu          , Uu^Uf       , Uu          , Uu^Vud      , Cud         , Ur          , Cud         , Uu^Vud      , Uu          , Uh          , Uu^Uf       , Xos         , Uu^Uf       , Uu          , Uu          , Uu^Uf       , Uu^Uf       , Xos         , Uu          , Uh          , Ur          , Uh          , Xos         , Xos         , Xu          , Uh          , Uh          , Uh          , Uu^Uf       , Xu          , Uu^Vu       , Wwf         , Wwf         , Uh          , Uu^Uf       , Xu          , Uu^Uf       , Uu^Uf       , Ur          , Xu          , Xu          
Xu          , Xu          , Xu          , Xu          , Xu          , Uu^Uf       , Uu          , Cud         , Ur          , Kud         , Ur          , Cud         , Uh          , Uh          , Xos         , Xos         , Uu^Uf       , Ur          , Uh          , Uu^Vu       , Xos         , Xos         , Cud         , Cud         , Cud         , Cud         , Uu^Vud      , Xos         , Xos         , Xu          , Xu          , Xu          , Xu          , Xu          , Uu^Uf       , Uu^Uf       , Wwf         , Ur          , Uu^Vu       , Xu          , Xu          , Uu^Uf       , Ur          , Uu^Vu       , Xu          
Ur          , Xu          , Cud         , Xu          , Ur          , Xu          , Uh          , Uh          , Ur          , Ur          , Ur          , Uu          , Uu          , Xos         , Uu^Vu       , Uu^Uf       , Ur          , Uu^Uf       , Xos         , Xos         , Uh          , Uu^Vud      , Ur          , Ur          , Ur          , Ur          , Ur          , Uh          , Uh          , Xos         , Xos         , Xu          , Uh          , Uh          , Uu          , Wwf         , Ur          , Uu^Uf       , Uu^Uf       , Xu          , Xu          , Uu^Uf       , Ur          , Uh          , Xu          
Ur          , Ur          , Ur          , Ur          , Ur          , Ur          , Ur          , Ur          , Ur          , Uh          , Ur          , Ur          , Ur          , Cud         , Uu          , Ur          , Uu          , Xos         , Uu^Vud      , Uh          , Ur          , Ur          , Ur          , Ur          , Uu^Vu       , Ur          , Xos         , Ur          , Uh          , Uu          , Uu^Vud      , Uh          , Uh          , Cud         , Cud         , Wwf         , Uu^Uf       , Uu^Uf       , Uh          , Xu          , Xu          , Xu          , Ur          , Uh          , Xu          
Uu          , Ur          , Cud         , Ur          , Uu          , Ur          , Ur          , Ur          , Ur          , Uh          , Ur          , Ur          , Ur          , Cud         , Uu^Uf       , Ur          , Uh          , Xos         , Uh          , Ur          , Uh          , Xos         , Cud         , Cud         , Cud         , Uh          , Uh          , Xos         , Uu          , Ur          , Uh          , Cud         , Uu^Vu       , Uu^Uf       , Kud         , Cud         , Uu^Uf       , Uh          , Xu          , Xu          , Xu          , Uh          , Ur          , Uu^Vu       , Xu          
Uh          , Uu          , Kud         , Cud         , Uu          , Uu^Vu       , Uu^Uf       , Uu          , Ur^Uf       , Ur          , Ur^Uf       , Uu          , Uh          , Xos         , Xos         , Uu          , Ur          , Cud         , Ur          , Ur          , Uh          , Xos         , Cud         , Uu^Vud      , Cud         , Cud         , Uu^Vud      , Xos         , Uu^Uf       , Ur          , Wwf         , Cud         , Wwf         , Wwf         , Xos         , Xos         , Xos         , Xu          , Xu          , Xu          , Uu^Uf       , Ur          , Uh          , Xu          , Xu          
Xu          , Uh          , Xu          , Uh          , Uh          , Uu^Uf       , Uh          , Uh          , Xos         , Xos         , Xos         , Uh          , Uh          , Xos         , Uu^Vu       , Uh          , Uh          , Cud         , Uu^Vud      , Ur          , Ur          , Xos         , Uh          , Kud         , Uu^Uf       , Kud         , Xos         , Xos         , Uu^Uf       , Uh          , Wwf         , Cud         , Uu^Uf       , Uu^Uf       , Xos         , Ww          , Ww          , Xos         , Xu          , Uu^Uf       , Uh          , Ur          , Uu          , Xu          , Xu          
Xu          , Xu          , Xu          , Xu          , Xu          , Xu          , Xu          , Xos         , Ur          , Ur          , Ur          , Xos         , Xos         , Xos         , Uh          , Uu          , Ur          , Xos         , Xos         , Uu          , Uh          , Ur          , Ur          , Ur          , Ur          , Ur          , Uu^Uf       , Uu^Uf       , Wwf         , Wwf         , Wwf         , Uu^Uf       , Xos         , Xos         , Xos         , Ww          , Xos         , Xos         , Uh          , Ur          , Uu          , Uh          , Xu          , Xu          , Xu          
Xu          , Xu          , Xu          , Xu          , Xu          , Xu          , Xu          , Xos         , Xos         , Ur          , Ur          , Xos         , Xos         , Uh          , Uh          , Uu^Vu       , Ur          , Uh          , Uu          , Xos         , Xos         , Uu^Vud      , Uu          , Ur          , Wwf         , Wwf         , Ww          , Ww          , Ww          , Ww          , Wwf         , Ww          , Wwf         , Ww          , Xos         , Ww          , Xos         , Uh          , Ur          , Ur          , Xu          , Xu          , Xu          , Xu          , Xu          
Xu          , Xu          , Xu          , Xu          , Xu          , Xu          , Xu          , Xu          , Xu          , Xos         , Xos         , Xos         , Xu          , Uh          , Uu^Uf       , Xu          , Uu^Uf       , Uu          , Ur          , Uh          , Uh          , Xos         , Uh          , Ur          , Wwf         , Uu^Uf       , Xos         , Xos         , Xos         , Ww^Vm       , Wo          , Wwf         , Ww          , Ww^Vm       , Xos         , Xos         , Kud         , Ur          , Uh          , Xu          , Xu          , Xu          , Xu          , Xu          , Xu          
Xu          , Xu          , Xu          , Xu          , Xu          , Xu          , Xu          , Xu          , Xu          , Xu          , Xu          , Xu          , Xu          , Xu          , Uu^Uf       , Uh          , Uu^Vu       , Uu^Uf       , Cud         , Ur          , Uu          , Xos         , Cud         , Cud         , Cud         , Cud         , Xos         , Wo          , Wo          , Xos         , Xos         , Wwf         , Xos         , Xos         , Cud         , Uu^Vud      , Cud         , Cud         , Uu          , Xu          , Xu          , Xu          , Xu          , Xu          , Xu          
Xu          , Xu          , Xu          , Xu          , Xu          , Xu          , Xu          , Xu          , Xu          , Xu          , Xu          , Xu          , Xu          , Xu          , Xu          , Uh          , Xu          , Uu^Uf       , Cud         , Ur          , Ur          , Cud         , Cud         , Cud         , Cud         , Cud         , Uh          , Xos         , Xos         , Xos         , Uh          , Uu^Uf       , Uu^Uf       , Uu^Uf       , Uu^Uf       , Cud         , Cud         , Cud         , Kud         , Xu          , Xu          , Xu          , Xu          , Xu          , Xu          
Xu          , Xu          , Xu          , Xu          , Xu          , Xu          , Xu          , Xu          , Xu          , Xu          , Xu          , Xu          , Xu          , Xu          , Xu          , Xu          , Xu          , Xu          , Xu          , Uh          , Uu^Vud      , Kud         , Cud         , Cud         , Cud         , Kud         , Uu^Vud      , Uh          , Uu          , Uu^Vud      , Ur          , Ur          , Ur          , Ur          , Ur          , Ur          , Cud         , Uu^Vud      , Xu          , Xu          , Xu          , Xu          , Xu          , Xu          , Xu          
Xu          , Xu          , Xu          , Xu          , Xu          , Xu          , Xu          , Xu          , Xu          , Xu          , Xu          , Xu          , Xu          , Xu          , Xu          , Xu          , Xu          , Xu          , Xu          , Uh          , Uh          , Uh          , Uu^Vud      , Kud         , Uu^Vud      , Ur          , Ur          , Ur          , Ur          , Ur          , Cud         , Ur          , Uh          , Ur          , Uh          , Uu^Uf       , Uh          , Cud         , Xu          , Xu          , Xu          , Xu          , Xu          , Xu          , Xu          
Xu          , Xu          , Xu          , Xu          , Xu          , Xu          , Xu          , Xu          , Xu          , Xu          , Xu          , Xu          , Xu          , Xu          , Xu          , Xu          , Xu          , Xu          , Xu          , Xu          , Xu          , Uh          , Uh          , Uh          , Uh          , Uh          , Xu          , Uh          , Uh          , Uu          , Xu          , Cud         , Xu          , Uu^Vud      , Xu          , Uh          , Xu          , Xu          , Xu          , Xu          , Xu          , Xu          , Xu          , Xu          , Xu          
Xu          , Xu          , Xu          , Xu          , Xu          , Xu          , Xu          , Xu          , Xu          , Xu          , Xu          , Xu          , Xu          , Xu          , Xu          , Xu          , Xu          , Xu          , Xu          , Xu          , Xu          , Xu          , Xu          , Xu          , Xu          , Xu          , Xu          , Xu          , Xu          , Xu          , Xu          , Xu          , Xu          , Xu          , Xu          , Xu          , Xu          , Xu          , Xu          , Xu          , Xu          , Xu          , Xu          , Xu          , Xu          
Xu          , Xu          , Xu          , Xu          , Xu          , Xu          , Xu          , Xu          , Xu          , Xu          , Xu          , Xu          , Xu          , Xu          , Xu          , Xu          , Xu          , Xu          , Xu          , Xu          , Xu          , Xu          , Xu          , Xu          , Xu          , Xu          , Xu          , Xu          , Xu          , Xu          , Xu          , Xu          , Xu          , Xu          , Xu          , Xu          , Xu          , Xu          , Xu          , Xu          , Xu          , Xu          , Xu          , Xu          , Xu          
Xu          , Xu          , Xu          , Xu          , Xu          , Xu          , Xu          , Xu          , Xu          , Xu          , Xu          , Xu          , Xu          , Xu          , Xu          , Xu          , Xu          , Xu          , Xu          , Xu          , Xu          , Xu          , Xu          , Xu          , Xu          , Xu          , Xu          , Xu          , Xu          , Xu          , Xu          , Xu          , Xu          , Xu          , Xu          , Xu          , Xu          , Xu          , Xu          , Xu          , Xu          , Xu          , Xu          , Xu          , Xu          
