border_size=1
usage=map

Qlf, Qlf, Qlf, Qlf, Qlf, Qlf, Qlf, Qlf, Qlf, Qlf, Qlf, Qlf, Ql, Qlf, Qlf, Qlf, Qlf, Qlf, Ql, Qlf, Qlf, Qlf, Qlf
Qlf, Qlf, Qlf, Qlf, Ql, Qlf, Ql, Qlf, Ql, Ql, Ql, Ql, Ql, Ql, Ql, Ql, Qlf, Ql, Ql, Qlf, Qlf, Ql, Qlf
Qlf, Qlf, Qlf, Qlf, Ql, Ql, Qlf, Qlf, Ql, Ql, Cud, Kud, Cud, Ql, Ql, Ql, Qlf, Ql, Ql, Ql, Qlf, Ql, Qlf
Qlf, Qlf, Ql, Qlf, Ql, Ql, Ql, Ql, Uu^Vud, Ql, Cud, Cud, Cud, Ql, Uh, Ql, Ql, Qlf, Ql, Ql, Ql, Ql, Ql
Qlf, Ql, Ql, Qlf, Ql, Ql, Uu, Uh, Ur, Rb, Wwf, Rb, Wwf, Ql, Rb, Uu^Vu, Uu, Ql, Ql, Ql, Ql, Ql, Ql
Qlf, Qlf, Ql, Ql, Ql, Ql, Uu^Vu, Uh, Wwf, Wwf, Re, Rb, Wwf, Rb, Rb, Uu^Uf, Uu^Uf, Ql, Ql, Ql, Ql, Ql, Qlf
Ql, Qlf, Qlf, Ql, Ql, Ql, Ql, Ur, Wwf, Xos, Rb, Re, Wwf, Re, Uu^Vud, Re, Ql, Ql, Ql, Ql, Ql, Ql, Qlf
Ql, Ql, Ql, Ql, Xol, Xol, Ql, Ql, Chw, Xos, Re, Rb, Wwf, Xos, Xos, Ur, Qxu, Xol, Xol, Ql, Ql, Ql, Ql
Ql, Ql, Ql, Xol, Ql, Ql, Chw, Chw, Wwf, Xos, Re, Re, Wwf, Xos, Sm, Cud, Cud, Qxu, Qxu, Xol, Ql, Ql, Ql
Qlf, Ql, Ql, Ql, Ql, Chw, Wwg, Wwg, Gs^Fp, Re^Uf, Gg^Vhcr, Gg, Wwf, Re^Uf, Gs^Fp, Sm, Sm, Cud, Qxu, Qxu, Qxu, Ql, Ql
Qlf, Ql, Ql, Xol, Ql, Chw, Wwrg, Re^Uf, Gll, Gll, Gg, Wwf, Gd, Gd, Gd, Re^Uf, Sm, Cud, Qxu, Xol, Ql, Ql, Ql
Ql, Qlf, Ql, Xol, Ql, Cud, Wwf, Mm, Gll, 2 Hhd, Dd, Gd^Fts, Dd, 3 Hhd, Gg, Gll, Wwf, Cud, Qxu, Xol, Ql, Ql, Qxu
Qxu, Ql, Ql, Ql, Ql, Cud, Wwf, Gg, Gd, Gd^Fts, Ds, Md, Ds, Gd^Fts, Gll, Gs, Wwf, Cud, Qxu, Qxu, Qxu, Ql, Qxu
Qxu, Ql, Ql, Xol, Ql, Cud, Sm, Gs, Gd, 5 Hhd, Gs, Gd^Fts, Gs, 4 Hhd, Gll, Mm, Wwrg, Cud, Qxu, Xol, Qxu, Qxu, Qxu
Qxu, Ql, Ql, Xol, Ql, Cud, Sm, Re^Uf, Gs^Ft, Gd, Wwf, Wwf, Gs^Vhcr, Gll, Gs^Ft, Re^Uf, Wwg, Chw, Qxu, Xol, Qxu, Qxu, Qxu
Qxu, Qxu, Ql, Ql, Ql, Cud, Cud, Sm, Sm, Re^Uf, Rd, Gs, Wwf, Re^Uf, Wwf, Wwg, Chw, Chw, Ql, Qxu, Qxu, 6 Kud, Qxu
Qxu, Qxu, Qxu, Xol, Xol, Ql, Ql, Cud, Chw, Xos, Rb, Re, Wwf, Xos, Xos, Chw, Ql, Ql, Xol, Xol, Qxu, Qxu, Qxu
Qxu, 1 Kud, Qxu, Qxu, Ql, Xol, Ql, Ql, Wwf, Xos, Rb, Rd, Wwf, Xos, Uu^Vud, Ur, Ql, Xol, Ql, Ql, Ql, Qxu, Ql
Qxu, Qxu, Qxu, Qxu, Qxu, Ql, Uu^Vu, Ur, Wwf, Xos, Rb, Rd, Wwf, Rb, Rb, Re, Uu^Uf, Ql, Ql, Ql, Ql, Ql, Ql
Qxu, Qxu, Ql, Ql, Ql, Ql, Uu, Uh, Ur, Wwf, Wwf, Rb, Wwf, Rb, Re, Uu^Uf, Uu, Ql, Ql, Ql, Ql, Ql, Qlf
Qxu, Qxu, Ql, Ql, Ql, Ql, Ql, Uh, Uu^Vud, Ur, Cud, Re, Cud, Ql, Uh, Uu^Vu, Ql, Ql, Ql, Ql, Qlf, Qlf, Qlf
Qxu, Ql, Ql, Ql, Qlf, Ql, Ql, Ql, Ql, Ql, Cud, Cud, Cud, Ql, Ql, Ql, Ql, Ql, Ql, Ql, Qlf, Qlf, Qlf
Ql, Ql, Ql, Ql, Qlf, Qlf, Ql, Ql, Ql, Ql, Ql, Kud, Ql, Ql, Ql, Ql, Ql, Ql, Qlf, Qlf, Qlf, Qlf, Qlf
Ql, Ql, Ql, Qlf, Qlf, Qlf, Ql, Ql, Ql, Ql, Ql, Ql, Ql, Ql, Ql, Ql, Ql, Qlf, Qlf, Qlf, Qlf, Qlf, Qlf
Ql, Ql, Ql, Ql, Ql, Ql, Ql, Ql, Ql, Ql, Ql, Ql, Ql, Ql, Ql, Ql, Qlf, Qlf, Qlf, Qlf, Qlf, Qlf, Qlf
