border_size=1
usage=map

Uue^Ii, Uue^Ii, Uue^Ii, Uue^Ii, Uue^Ii, Uue^Ii, Xue, Xue, Xue, Xue, Xue, Xue, Wog, Wog, Wog, Wog, Wog, Wog, Xol, Xos, Xol, Xol, Xol, Xol, Xol, Xol, Xol, Xos, Xol, Xol, Xol, Xos, Xol, Xos, Xos, Xol, Xol, Xos, Xos, Xos, Xos, Xol, Xol, Xos, Xol, Xol, Xol, Xol, Xos, Xol, Xos, Xol, Xol, Xol, Xol, Xol, Xol, Xol, Xol, Xol, Xol, Xol, Xol, Xol, Xol
Uue^Ii, Uue^Ii, Uue^Ii, Uue^Ii, 4 Uue, Uue, 5 Uue, Uue^Vu, Xue, Xue, Uue^Uf, Uue^Uf, Wwg, Wwg, Wwg, Wwg, Wog, Xol, Cud, Cud, Cud, Xol, Xol, Xol, Xos, Xol, Urb, Cud, Cud, Xol, Cud, Rb, Urb, Urb, Urb^Vud, Xol, Xol, Xos, Xos, Xos, Urb, Xol, Xol, 1 Kud, Urb, Xol, Xol, Xol, Cud, Xos, Xol, Xos, Xos, Xol, Xol, Xol, Xol, Xol, Xol, Xol, Xol, Xol, Xol, Xol, Xol
Xue, Uue^Ii, 2 Uue^Ii, 3 Re, Re, Re, Re, Xue, Uue^Em, Xue, Xue, Uue^Uf, Wwg, Wwg, Wwg, Wwg, Wwf, Rb^Fetd, Urb, Urb, Urb, Urb, Urb^Vud, Xol, Xos, Urb^Vud, Urb, Cud, Rb, Cud, Urb^Vud, Rb, Rb, Rb, Co^Edb, Co^Edb, Co^Edb, Xol, Xol, Urb^Vhc, Urb, Urb, Urb, Xos, Xol, Xol, Cud, Cud^Vhc, Xos, Urb, Urb, Xol, Xol, Xos, Xos, Xos, Xos, Xol, Xol, Xol, Xol, Xol, Xol, Xol, Xol
Xue, Uue^Ii, Uue, Uue, Uue, Re, Re, Re, Uue, Uue, Uue^Vud, Wog, Wog, Wwg, Wwg, Uu^Uf, Uu^Vud, Wwf, Urb^Dr, Urb, Rb, Urb^Dr, Urb, Urb, Xol, Urb, Rb, Rb, Rb, Cud, Rb^Es, Urb, Urb, Urb, Urb, Co^Edb, Co^Edb, Co^Edb, Co^Edb, Xol, Xos, Urb, Urb, Urb, Cud, Xol, Xos, Urb, Urb, Xol, Xol, Urb^Vud, Cud, Xol, Xol, Xos, Xos, Xos, Xos, Xol, Xol, Xol, Xol, Xol, Xol
Xue, Xue, Xue, Xue, Xue, Re, Re, Re, Re, Re, Re, Wog, Wog, Wog, Wwg, Wwg, Wwg, Wwf, Wog, Wog, Urb, Rb^Fetd, Urb, Urb^Dr, Xol, Urb, Rb, Urb, Urb, Rb, Urb^Dr, Rb, Cud, Urb, Rb, Co^Edb, Co^Edb, Co^Edb, Co^Edb, Urb, Urb, Xos, Xos, Cud, Urb, Urb, Rb, Xol, Xol, Urb^Vud, Cud, Xos, Xol, Urb, Urb, Xol, Xol, Xos, Xos, Xos, Xos, Xol, Xol, Xol, Xol
Xue, Xue, Xue, Uue^Vu, Uue^Em, Xv, Xv, Uue^Uf, Re, Re, Re, Wog^Bw\r, Wog, Wog, Wwg, Wwg, Wwg, Wwg, Wog, Urb^Vud, Urb^Dr, Urb, Urb, Urb, Xv, Urb, Urb, Urb^Vud, Urb, Rb^Fetd, Rb, Rb, Cud, Urb^Vud, Rb^Es, Urb, Co^Edb, Urb, Rb, Urb^Vud, Urb, Urb, Urb, Xol, Xol, Urb, Rb, Urb^Vhc, Urb, Xos, Xol, Urb, Urb, Xol, Xos, Urb, Urb, Xol, Xol, Xos, Xos, Xos, Xol, Xol, Xos
Xue, Xue, Xue, Uue^Uf, Uue^Uf, Uue, Rb, Xv, Re, Re, Re, Wog, Wog, Wwg, Uue^Uf, Wwg, Wwg, Wwg, Wwg^Bw/r, Urb, Urb, Urb, Urb^Vud, Cud, Xol, Urb, Rb, Rb^Es, Rb, Cud, Rb, Cud, Cud, Cud, Urb, Urb, Urb, Urb, Urb, Rb, Cud, Rb^Fetd, Co^Edb, Co^Edb, Co^Edb, Xol, Xol, Urb, Urb, Urb, Urb, Xol, Xos, Urb, Urb, Cud, Urb^Vud, Urb, Urb, Xol, Xol, Xos, Xos, Xos, Xos
Xue, Xue, Xue, Xue, Uue^Uf, Uue, Rb, Xv, Xue, Xue, Xue, Re, Wog, Wog, Wwg, Re, Re, Wwg, Wwf, Urb^Dr, Urb, Cud, Cud, Cud, Xol, Uh, Urb, Urb, Rb, Cud, Cud, Rb, Rb, Rb, Rb, Urb^Dr, Rb^Fetd, Urb, Urb, Cud, Rb, Rb, Urb, Urb, Urb, Co^Edb, Co^Edb, Xol, Xol, Urb^Vhc, Urb, Urb, Urb^Vhc, Xol, Xol, Urb, Urb, Cud, Urb, Urb, Cud, Xol, Xos, Xos, Xos
Xue, Xue, Uue^Vu, Uue^Uf, Rb, Rb, Uue, Uue^Vu, Xue, Xue, Xue, Xue, Wwg, Wwg, Wwg, Uue^Vud, Re, Wwf, Wwf, Wwf, Xos, Cud, Xol, Xol, Xuce, Uh^Em, Uh, Urb, Uu, Urb, Uh, Cud, Urb, Urb, Rb, Rb, Urb^Dr, Urb, Rb, Cud, Rb, Cud, Urb, Urb, Urb, Co^Edb, Co^Edb, Co^Edb, Urb^Vud, Xos, Xos, Urb, Rb, Urb, Urb, Xos, Xol, Urb, Urb, Urb^Vud, Cud, Cud, Xos, Xos, Xos
Xue, Xue, Uue^Uf, Uue^Em, Rb, Uue^Em, Xue, Xue, Xue, Uue^Em, Uue^Em, Xue, Wwf, Wwg, Wwg, Re, Wwg, Wwf, Wwf, Wwf, Sm, Xos, Xos, Xuce, Sm, Xuce, Xuce, Uu, Uh, Urb, Uu, Urb, Urb, Urb, Rb^Fetd, Rb, Rb, Rb^Es, Urb, Rb, Rb, Cud, Urb^Vud, Urb, Rb^Fetd, Urb, Co^Edb, Co^Edb, Urb, Urb, Urb, Xol, Xol, Urb, Urb^Vhc, Urb, Urb, Xol, Xos, Cud, Cud, Urb, Xos, Xos, Xos
Xue, Xue, Xue, Uue, Rb, Uue^Uf, Uue^Em, Rb^Vu, Xue, Xue, Xue, Xue, Wwf, Wwg, Uue^Uf, Wwg, Wwf, Wwg, Wwf, Wwf, Rb, Sm^Em, Rb^Uf, Sm, Sm^Vhs, Sm, Sm, Xuce, Xuce, Uu^Vu, Uh, Uu, Uu^Em, Uu, Uh, Rb, Urb, Urb, Urb, Rb^Fetd, Rb, Cud, Cud, Urb, Rb, Rb, Urb, Urb, Urb, Urb, Rb^Dr, Urb, Urb, Xos, Xos, Urb, Urb, Urb, Cud, Cud, Urb, Urb, Xos, Xos, Xos
Xue, Xue, Xue, Uue^Em, Uue, Rb, Rb, Rb, Uue, Wwf, Wwf, Wwf, Wwf, Uue^Em, Uue^Em, Wwf, Wwg, Wwf, Sm^Vhs, Rb, Rb, Sm, Sm^Em, Rb, Rb, Sm^Fetd, Rb, Sm, Rb^Uf, Xuce, Xuce, Xuce, Xuce, Uh, Xuce, Uh, Uu^Vu, Urb, Urb, Cud, Rb, Rb, Rb, Rb, Urb^Vud, Rb, Rb, Rb^Fetd, Cud, Rb, Urb, Urb, Ql, Ql, Ql, Xos, Xos, Urb, Cud, Urb, Urb, Urb, Xos, Xos, Xos
Xue, Xue, Xue, Uue^Vu, Uue, Uue, Uue, Rb, Uue^Uf, Wwf, Wwf, Wwf, Wog, Wwf, Wwf, Uue^Uf, Wwg, Wwg, Sm^Em, Sm, Rb, Rb, Rb, Rb, Sm^Em, Rb^Em, Sm, Rb^Em, Sm, Rb^Em, Rb^Uf, Uh, Uu, Xuce, Sm, Xuce, Xuce, Uu, Uu, Cud, Cud, Cud, Rb, Urb, Rb^Fetd, Urb, Rb^Es, Rb, Rb, Cud, Cud, Urb, Ql, Rb^Ecf, Rb, Ql, Urb, Xol, Xol, Urb, Urb, Urb^Vhc, Xos, Xos, Xos
Xue, Uue^Uf, Uue^Uf, Xue, Xue, Xue, Uue^Vu, Rb, Wwf, Wwf, Wwf, Wog, Wwg, Wwg, Wwg, Wwg, Wwg, Wwg, Rb, Sm, Rb^Uf, Rb^Em, Rb, Sm, Rb^Em, Rb^Uf, Sm^Em, Rb, Sm, Sm, Sm^Em, Rb^Em, Rb, Sm^Em, Rb^Uf, Sm^Em, Xuce, Uh, Uh, Uu, Cud, Urb, Urb, Urb, Urb^Vud, Rb, Urb^Dr, Rb, Cud, Rb, Cud, Urb, Rb, Ql, Rb^Es, Ql, Urb, Urb^Vhc, Urb, Xol, Xv, Urb, Xos, Xos, Xos
Wog, Uue^Uf, Uue^Em, Xue, Uue^Em, Xue, Wwg, Wwf, Wwf, Wwf, Wog, Wwg, Wwg, Wwg, Wog, Wog, Sm, Sm, Rb, Sm, Sm, Sm^Em, Rb^Uf, Rb, Sm^Em, Rb^Uf, Sm, Sm, Sm^Vhs, Sm, Rb^Uf, Rb, Sm, Rb, Sm^Em, Sm, Uh, Xuce, Uh, Uu^Vu, Uu, Cud, Uu, Urb, Urb, Urb, Urb, Rb, Cud, Rb, Rb^Es, Rb, Uh, Rb, Rb, Ql, Urb, Urb, Urb^Dr, Urb, Urb, Xv, Xos, Xos, Xos
Wog, Wwg, Uue^Uf, Uue^Em, Wwg, Wwg, Wog, Wwg, Wwf, Wwf, Wog, Wog, Wog, Wog, Uu, Uu^Uf, Uu^Uf, Sm, Rb^Em, Rb, Rb^Em, Sm^Vhs, Rb, Sm^Fetd, Sm, Rb^Em, Rb, Rb, Rb, Rb, Sm, Rb^Em, Sm^Fetd, Sm^Em, Sm, Sm, Rb, Xuce, Xuce, Xuce, Xuce, Uh, Xuce, Uu^Em, Uu^Em, Uu, Urb, Rb, Qlf, Cud, Rb, Uh, Uh, Uh, Uh, Rb^Es, Rb, Urb, Urb, Urb, Urb, Urb, Rb, Xu, Xu
Wog, Wwg, Wwg, Wog, Wog, Wog, Wwg, Wwg, Wwg, Wwf, Uu^Uf, Uu^Uf, Uu^Uf, Wog, Uu^Em, Uu, Rb^Es, Sm, Sm, Rb^Uf, Sm, Rb, Sm, Sm^Em, Rb, Rb, Rb^Uf, Sm^Em, Sm, Rb^Em, Sm, Rb, Rb, Sm^Em, Rb^Uf, Sm^Em, Rb, Uh, Sm, Sm, Sm, Xuce, Sm^Emf, Xuce, Xuce, Uu^Em, Uh, Rb^Fetd, Ql, Ql, Ql, Rb^Es, Uh, Uh, Cud, Rb, Cud, Rb, Cud, Cud, Cud, Rb, Rb, Xu, Xu
Wog, Wog, Wwg, Wwg, Wog, Wwg, Wwg, Wwg, Wwf, Wwf, Rb, Uu, Rb, Uu, Rb, Rb, Uh, Rb, Uu^Em, Sm, Sm, Sm, Sm, Rb^Uf, Rb, Rb, Rb^Em, Rb, Sm^Vhs, Sm^Em, Rb^Uf, Rb, Rb^Uf, Sm^Vhs, Rb^Uf, Rb^Em, Rb, Sm, Sm, Sm^Em, Sm, Sm, Sm^Em, Sm^Emf, Sm^Emf, Xuce, Xuce, Uu^Vu, Uu, Ql, Ql, Rb, Uh, Cud, Rb, Rb, Urb^Vhc, Cud, Rb^Vhc, Cud, Cud, Urb, Rb, Xu, Xu
Wog, Wog, Wog^Bw\r, Wwg, Wwg, Wwg, Xu, Uu^Uf, Uu^Uf, Rb, Uu^Em, Rb, Uh, Rb, Uh, Rb, Xu, Uh^Br\, Uu^Br\, Uu^Br/, Uu^Uf, Uu^Uf, Sm, Sm, Rb, Sm, Sm^Fetd, Sm, Sm, Rb, Sm, Sm^Em, Rb, Rb, Rb^Em, Rb, Rb, Sm^Vhs, Sm, Rb, Rb^Em, Rb^Uf, Rb^Uf, Sm, Sm, Xuce, Xuce, Uh, Uu^Em, Ql, Rb, Rb^Em, Uh, Cud, Rb^Es, Urb, Cud, Cud, Rb, Cud, Cud, Cud, Urb, Xu, Xu
Wog, Wwg, Wwg, Urb^Dr, Wwg, Xu, Cud, Xu, Uu^Uf, Uu, Xu, Xu, Xu, Uh, Xu, Uh, Xu, Uh, Uh, Rb^Br\, Uu^Br\, Uu^Uf, Sm, Sm^Vhs, Sm^Em, Rb^Em, Sm^Em, Sm, Sm^Em, Rb, Sm^Em, Sm^Fetd, Rb, Rb, Sm^Em, Sm, Rb^Uf, Rb, Rb, Rb^Em, Sm^Fetd, Sm, Rb, Sm^Em, Sm, Sm, Xuce, Uh, Ql, Ql, Urb^Vud, Urb, Uh, Cud, Cud, Urb, Urb, Cud, Rb, Rb^Es, Rb, Urb^Vhc, Urb, Xu, Xu
Wog, Wwg, Urb^Br\, Urb, Uh, Xu, Uh, Xu, Xu, Xu, Uu^Vu, Uh, Uu^Em, Xu, Uh, Xu, Uh, Uh, Uh^Br/, Rb^Br/, Xu, Uu^Br\, Ur^Br|, Sm, Sm, Rb^Uf, Sm, Sm, Uh, Rb^Uf, Rb^Em, Sm, Rb^Em, Rb^Uf, Sm^Em, Sm, Sm, Sm^Em, Sm^Em, Rb^Uf, Sm^Em, Sm, Rb, Sm^Em, Sm, Qlf, Ql, Ql, Ql, Ql, Qlf, Urb^Ecf, Ql, Uh, Cud, Urb^Vhc, Urb, Cud, Urb, Urb, Rb, Urb, Urb, Xu, Xu
Xos, Urb^Br/, Urb, Ur^Br\, Ur^Br\, Uu, Uu^Vu, Xu, Xu, Xu, Uh, Uu, Uh, Rb, Rb^Br/, Rb^Br\, Rb^Br/, Rb^Br/, Uh, Xu, Uh, Uu, Ur^Br|, Uu^Uf, Xu, Sm, Xu, Ur, Uh, Rb, Sm, Sm, Rb, Sm, Sm, Rb, Sm^Em, Sm, Rb, Rb, Sm^Vhs, Sm, Sm, Rb^Uf, Sm, Qlf, Ql, Ql, Ql, Ql, Ql, Ql, Ql, Ql, Cud, Urb, Urb^Vhc, Urb, Cud, Urb^Vhc, Cud, Urb, Urb, Xu, Xu
Xos, Cud^Br|, Cud^Vud, Xos, Xol, Ur^Br\, Ur^Br\, Ur, Xu, Xu, Xu, Xu, Uh, Uu, Rb^Br|, Uh, Uu^Vu, Uu^Em, Xu, Xu, Uh, Uu, Ur^Br\, Uu^Em, Cud, Xu, Uh, Xu, Xu, Sm, Sm, Sm^Em, Sm^Em, Sm, Sm^Vhs, Sm, Sm, Sm^Em, Sm, Sm, Sm, Sm, Sm^Fetd, Rb, Urb^Es, Urb, Urb^Em, Ql, Ql, Ql, Ql, Ql, Ql, Ql, Ql, Cud, Cud, Cud, Cud, Cud, Cud, Cud, Cud, Xu, Xu
Xos, Cud^Br|, Urb^Br\, Urb, Cud, Xol, Xos, Ur^Br\, Ur^Br\, Uh, Ur, Xu, Uh^Br/, Cud^Br/, Uh, Xu, Xu, Xu, Xu, Uh, Uu, Rb, Uh, Ur^Br\, Ur, Ur^Em, Ur^Br/, Uh, Uu^Vu, Xu, Uh, Uu^Uf, Uu, Uu, Uu^Uf, Uu^Uf, Uu^Em, Sm^Em, Uu^Uf, Sm, Uh, Sm, Qlf, Qlf, Ql, Urb, Ql^Bcx\, Ql^Bcx\, Urb, Urb^Vd, Ql, Ql, Ql, Cud^Ecf, Ql, Cud, Ql, Cud, Ql, Cud, Cud, Cud, Cud, Xu, Xu
Xos, Xos, Cud, Cud^Br\, Cud^Br\, Cud^Vud, Urb, Xol, Xol, Uh^Br\, Ur^Br\, Ur^Br/, Ur, Xu, Xu, Xu, Xu, Xu, Xu, Uu^Vu, Rb, Rb, Uu, Uu^Br|, Uu^Br\, Uu^Br/, Cud, Ur^Br\, Ur^Br\, Xu, Xu, Uh^Em, Xu, Uh, Xu, Uh, Uh, Uu, Uh, Uh, Xu, Uh, Xu, Ql, Ql, Ql, Ql, Urb^Dr, Urb, Urb, Cud, Ql, Ql, Ql, Ql, Ql, Ql, Ql, Cud^Ecf, Ql, Ql, Cud, Ql, Xu, Xu
Xos, Cud, Qxua, Qxua, Cud^Br|, Urb^Br\, Cud^Br\, Cud, Urb, Xos, Xol, Uh, Urb, Xu, Xu, Xu, Xu, Cud, Cud, Xu, Uh^Em, Rb, Uh, Uh, Uh, Uu, Qxu, Uh, Ur^Em, Ur^Br\, Ur^Br\, Xu, Cud, Xu, Ur^Vud, Xu, Xu, Xu, Xu, Xu, Uue^Vo, Xu, Ql, Ql, Urb^Vd, Ql, Ql, Ql, Ql, Cud, Urb, Urb, Urb, Cud, Ql, Ql, Ql, Ql, Ql, Ql, Ql, Ql, Ql, Ql, Ql
Xos, Cud, Qxua, Qxua, Cud^Br|, Xol, Xol, Cud^Br\, Urb^Br\, Urb, Cud, Xol, Xos, Uh, Urb, Ur, Xu, Xu, Uh, Xu, Xu, Uh, Xu, Uh, Xu, Qxu, Qxu, Qxu, Ur, Ur, Cud, Ur^Br/, Rb, Ur, Cud, Re, Xos, Uue, Uue, Uue, Uue, Uue^Em, Ql, Uh, Urb^Es, Urb, Ql, Ql, Ql, Urb^Vd, Urb, Urb^Es, Urb, Urb, Urb, Urb^Vd, Ql, Ql, Cud, Ql, Ql, Cud^Ecf, Ql, Ql, Ql
Xos, Xos, Xos, Qxua, Cud^Br\, Cud^Vud, Urb, Xos, Xos, Cud^Br\, Cud^Br\, Cud^Vud, Urb, Xol, Xol, Uu^Em, Uu, Uu^Vu, Uu^Em, Xu, Uh, Xu, Uu^Vu, Xu, Uh, Uh, Uh, Qxu, Cud, Ur^Em, Rb, Rb, Cud, Re, Re, Re, Xos, Urb, Co, Co, Urb^Em, Ql, Urb^Vud, Uh, Urb, Urb, Ql, Ql, Ql, Cud, Ql, Ql, Ql, Urb^Dr, Urb, Urb, Urb, Urb, Ql, Ql, Cud, Ql, Ql, Ql, Ql
Xos, Cud, Cud, Xos, Xos, Urb^Br\, Cud^Br\, Cud, Urb, Xos, Xos, Urb^Br\, Cud^Br\, Cud, Urb, Urb^Dr, Urb^Dr, Rb, Rb, Rb, Uh, Uh, Rb, Uu^Em, Uu, Uu, Qxu, Qxu, Rb, Rb, Cud, Re, Rb, Rb, Ur^Vud, Cud, Rb, Urb, Co, Urb, Urb^Dr, Ql, Ql, Urb, Urb, Cud, Ql, Ql, Cud^Ecf, Ql, Cud, Ql, Ql, Ql, Urb^Vd, Urb, Urb, Urb, Cud, Ql, Urb^Vud, Cud, Ql, Ql, Ql
Xos, Cud, Xos, Xos, Cud, Xos, Xos, Cud^Br\, Urb^Br\, Xos, Cud, Xol, Xol, Cud^Br\, Urb^Br\, Urb, Cud, Xos, Xos, Rb, Rb, Rb, Rb, Uh, Rb, Qxu, Qxu^Bh/, Rb, Rb, Re, Re, Re, Rb, Ur, Xos, Xos, Rb, Urb, Co, Urb, Urb^Es, Urb, Urb^Dr, Rb, Rb, Cud^Ecf, Cud, Ql, Ql, Ql, Ql, Cud, Ql, Ql, Ql, Ql, Ql, Cud, Cud, Cud, Urb, Cud, Ql, Ql, Ql
Xos, Xos, Xos, Cud, Cud, Cud, Xos, Xos, Xos, Cud^Br\, Cud, Cud, Xos, Xos, Xos, Cud^Br\, Cud^Br\, Cud^Vud, Xos, Xos, Xos, Uu^Vu, Uu, Rb, Uu, Rb, Qxu, Qxu, Uu, Rb, Cud, Rb, Ur, Cud, Xos, Uue, Urb, Urb^Vo, Co, Urb, Urb, Ql, Urb, Urb, Rb, Urb, Urb, Ql, Ur^Vu, Ql, Ur, Ql, Ur, Ur, Ql, Ql, Ql, Urb^Vud, Urb, Urb^Vud, Ql, Ql, Ql, Ql, Ql
Xos, Xos, Xos, Xos, Xos, Xos, Cud, Cud, Cud, Xos, Xos, Xos, Cud, Cud, Cud, Xos, Xos, Xos, Cud, Cud, Cud, Xos, Xos, Rb, Uu^Em, Uh, Qxu, Uh, Uh^Em, Ur, Ur, Ur^Vud, Ur, Xos, Uue, Uue, Rb, Rb, Urb, Co, Ql, Ql, Urb, Urb^Vud, Urb, Urb^Es, Uh, Ql, Ql, Ur, Ur^Dr, Ur, Ur^Vu, Ur, Ql^Bcx\, Ql, Ur, Urb, Cud^Ecf, Urb, Ql, Ql, Cud, Ql, Ql
Xos, Xos, Xos, 6 Kud, Cud, Xos, Xos, Cud, Xos, Xos, Cud, Xos, Xos, Cud, Xos, Xos, Cud, Xos, Xos, Cud, Xos, Xos, Cud, Xos, Xos, Uh, Uh, Qxu, Uu, Uu, Uu, Ur, Cud, Xos, Uue, Uue, Rb, Urb, Urb^Vo, Ql, Uh, Uh, Uh, Uh, Uh, Uh, Uh, Ql, Ql, Ql, Ql, Ql, Ql, Ql, Ql, Ur, Ur, Ql, Ql, Ql, Ql, Ql, Ql, Ql, Ql
Xos, Xos, Xos, Xos, Xos, Xos, Xos, Xos, Xos, Cud, Cud, Cud, Xos, Xos, Xos, Cud, Cud, Cud, Xos, Xos, Xos, Cud, Cud, Cud, Xos, Xos, Xos, Xos, Xos, Xos, Xos, Xos, Xos, Xos, Xos, Xos, Xos, Xos, Xos, Xos, Xos, Xos, Xos, Xos, Xos, Xos, Xos, Ql, Qlf, Ql, Qlf, Ql, Cud, Ql, Ql, Ql, Ql, Ql, Ql, Ql, Cud, Ql, Ql, Ql, Xos
Xos, Xos, Xos, Xos, Xos, Xos, Xos, Xos, Xos, Xos, Xos, Xos, Cud, Cud, Cud, Xos, Xos, Xos, Cud, Cud, Cud, Xos, Xos, Xos, Cud, Cud, Cud, Xos, Xos, Xos, Xos, Xos, Xos, Xos, Xos, Xos, Xos, Xos, Xos, Xos, Xos, Xos, Xos, Xos, Xos, Xos, Xos, Xos, Xos, Qlf, Qlf, Ql, Ql, Ql, Cud, Cud, Cud, Ql, Ql, Cud, Ql, Cud, Ql, Xos, Xos
Xos, Xos, Xos, Xos, Xos, Xos, Xos, Xos, Xos, Xos, Xos, Xos, Xos, Cud, Xos, Xos, Cud, Xos, Xos, Cud, Xos, Xos, Cud, Xos, Xos, Cud, Xos, Xos, Xos, Xos, Xos, Xos, Xos, Xos, Xos, Xos, Xos, Xos, Xos, Xos, Xos, Xos, Xos, Xos, Xos, Xos, Xos, Xos, Xos, Xos, Xos, Ql, Ql, Ql, Ql, Ql, Ql, Ql, Ql, Ql, Ql, Ql, Xos, Xos, Xos
Xos, Xos, Xos, Xos, Xos, Xos, Xos, Xos, Xos, Xos, Xos, Xos, Xos, Xos, Xos, Cud, Cud, Cud, Xos, Xos, Xos, Cud, Cud, Cud, Xos, Xos, Xos, Xos, Xos, Xos, Xos, Xos, Xos, Xos, Xos, Xos, Xos, Xos, Xos, Xos, Xos, Xos, Xos, Xos, Xos, Xos, Xos, Xos, Xos, Xos, Xos, Xos, Xos, Ql, Xos, Ql, Xos, Ql, Xos, Ql, Xos, Xos, Xos, Xos, Xos
Xos, Xos, Xos, Xos, Xos, Xos, Xos, Xos, Xos, Xos, Xos, Xos, Xos, Xos, Xos, Xos, Xos, Xos, Cud, Cud, Cud, Xos, Xos, Xos, Xos, Xos, Xos, Xos, Xos, Xos, Xos, Xos, Xos, Xos, Xos, Xos, Xos, Xos, Xos, Xos, Xos, Xos, Xos, Xos, Xos, Xos, Xos, Xos, Xos, Xos, Xos, Xos, Xos, Xos, Xos, Xos, Xos, Xos, Xos, Xos, Xos, Xos, Xos, Xos, Xos
Xos, Xos, Xos, Xos, Xos, Xos, Xos, Xos, Xos, Xos, Xos, Xos, Xos, Xos, Xos, Xos, Xos, Xos, Xos, Cud, Xos, Xos, Xos, Xos, Xos, Xos, Xos, Xos, Xos, Xos, Xos, Xos, Xos, Xos, Xos, Xos, Xos, Xos, Xos, Xos, Xos, Xos, Xos, Xos, Xos, Xos, Xos, Xos, Xos, Xos, Xos, Xos, Xos, Xos, Xos, Xos, Xos, Xos, Xos, Xos, Xos, Xos, Xos, Xos, Xos
Xos, Xos, Xos, Xos, Xos, Xos, Xos, Xos, Xos, Xos, Xos, Xos, Xos, Xos, Xos, Xos, Xos, Xos, Xos, Xos, Xos, Xos, Xos, Xos, Xos, Xos, Xos, Xos, Xos, Xos, Xos, Xos, Xos, Xos, Xos, Xos, Xos, Xos, Xos, Xos, Xos, Xos, Xos, Xos, Xos, Xos, Xos, Xos, Xos, Xos, Xos, Xos, Xos, Xos, Xos, Xos, Xos, Xos, Xos, Xos, Xos, Xos, Xos, Xos, Xos
Xos, Xos, Xos, Xos, Xos, Xos, Xos, Xos, Xos, Xos, Xos, Xos, Xos, Xos, Xos, Xos, Xos, Xos, Xos, Xos, Xos, Xos, Xos, Xos, Xos, Xos, Xos, Xos, Xos, Xos, Xos, Xos, Xos, Xos, Xos, Xos, Xos, Xos, Xos, Xos, Xos, Xos, Xos, Xos, Xos, Xos, Xos, Xos, Xos, Xos, Xos, Xos, Xos, Xos, Xos, Xos, Xos, Xos, Xos, Xos, Xos, Xos, Xos, Xos, Xos
Xos, Xos, Xos, Xos, Xos, Xos, Xos, Xos, Xos, Xos, Xos, Xos, Xos, Xos, Xos, Xos, Xos, Xos, Xos, Xos, Xos, Xos, Xos, Xos, Xos, Xos, Xos, Xos, Xos, Xos, Xos, Xos, Xos, Xos, Xos, Xos, Xos, Xos, Xos, Xos, Xos, Xos, Xos, Xos, Xos, Xos, Xos, Xos, Xos, Xos, Xos, Xos, Xos, Xos, Xos, Xos, Xos, Xos, Xos, Xos, Xos, Xos, Xos, Xos, Xos
