border_size=1
usage=map

Rb          , Rb          , Rb          , Rb          , Rb          , Rb          , Rb          , Rb          , Rb          , Rb          , Xos         , Xos         , Xos         , Xos         , Xos         , Xos         , Xos         , Xos         , Xos         , Xos         , Xos         , Xos         , Xos         , Xos         , Xos         , Xos         , Xos         , Xos         , Xos         , Xos         , Xos         , Xos         , Xos         , Xos         , Xos         , Xos         , Xos         , Xos         , Xos         , Xos         , Xos         , Xos         , Xos         , Xos         , Xos         , Xos         , Xos         , Xos         , Xos         , Xos         , Xos         , Xos         , Xos         , Xos         , Xos         , Xos         , Xos         , Xos         , Xos         , Xos         , Xos         , Xos         , Xos         , Xos         , Xos         
Rb          , Rb          , Rb          , Rb          , 4 Rb        , Rb          , 5 Rb        , Rb          , Xos         , Xos         , Ur          , Xos         , Ur          , Xos         , Ur          , Ur          , Ur          , Xos         , Ur          , Xos         , Ur          , Ur          , Ur          , Xos         , Ur          , Xos         , Ur          , Ur          , Ur          , Xos         , Ur          , Ur          , Ur          , Ur          , Ur          , Xos         , Xos         , Xos         , Xos         , Xos         , Ur          , Xos         , Xos         , 1 Kud       , Ur          , Xos         , Xos         , Xos         , Ur          , Xos         , Xos         , Xos         , Xos         , Xos         , Xos         , Xos         , Xos         , Xos         , Xos         , Xos         , Xos         , Xos         , Xos         , Xos         , Xos         
Rb          , Rb          , 2 Rb        , 3 Iwr       , Iwr         , Iwr         , Iwr         , Xos         , Xos         , Ur          , Ur          , Ur          , Ur          , Ur          , Ur          , Ur          , Ur          , Ur          , Ur          , Ur          , Ur          , Ur          , Ur          , Ur          , Ur          , Ur          , Ur          , Ur          , Ur          , Ur          , Ur          , Ur          , Ur          , Ur          , Ur          , Ur          , Ur          , Xos         , Xos         , Ur          , Ur          , Ur          , Ur          , Xos         , Xos         , Xos         , Ur          , Xos         , Xos         , Xos         , Ur          , Xos         , Xos         , Xos         , Xos         , Xos         , Xos         , Xos         , Xos         , Xos         , Xos         , Xos         , Xos         , Xos         , Xos         
Rb          , Rb          , Rb          , Rb          , Rb          , Xos         , Xos         , Iwr         , Iwr         , Xos         , Xos         , Ur          , Ur          , Ur          , Ur          , Ur          , Ur          , Ur          , Ur          , Ur          , Ur          , Ur          , Ur          , Ur          , Ur          , Ur          , Ur          , Ur          , Ur          , Ur          , Ur          , Ur          , Ur          , Ur          , Ur          , Ur          , Ur          , Ur          , Ur          , Xos         , Xos         , Ur          , Xos         , Xos         , Ur          , Xos         , Xos         , Xos         , Ur          , Xos         , Xos         , Xos         , Ur          , Xos         , Xos         , Xos         , Xos         , Xos         , Xos         , Xos         , Xos         , Xos         , Xos         , Xos         , Xos         
Rb          , Rb          , Xos         , Xos         , Xos         , Iwr         , Iwr         , Xos         , Iwr         , Iwr         , Iwr         , Xos         , Xos         , Ur          , Ur          , Ur          , Ur          , Ur          , Ur          , Ur          , Ur          , Ur          , Ur          , Ur          , Ur          , Ur          , Ur          , Ur          , Ur          , Ur          , Ur          , Ur          , Ur          , Ur          , Ur          , Ur          , Ur          , Ur          , Ur          , Ur          , Ur          , Xos         , Xos         , Ur          , Ur          , Xos         , Ur          , Xos         , Xos         , Xos         , Ur          , Xos         , Xos         , Xos         , Ur          , Xos         , Xos         , Xos         , Xos         , Xos         , Xos         , Xos         , Xos         , Xos         , Xos         
Xos         , Xos         , Ur          , Ur          , Ur          , Xos         , Xos         , Iwr         , Iwr         , Uu^Vud      , Iwr         , Iwr         , Iwr         , Xos         , Xos         , Ur          , Ur          , Ur          , Ur          , Ur          , Ur          , Ur          , Ur          , Ur          , Ur          , Ur          , Ur          , Ur          , Ur          , Ur          , Ur          , Ur          , Ur          , Ur          , Ur          , Ur          , Ur          , Ur          , Ur          , Ur          , Ur          , Ur          , Ur          , Xos         , Xos         , Xos         , Ur          , Ur          , Xos         , Xos         , Xos         , Xos         , Ur          , Xos         , Xos         , Xos         , Xos         , Xos         , Xos         , Xos         , Xos         , Xos         , Xos         , Xos         , Xos         
Xos         , Ur          , Ur          , Ur          , Ur          , Ur          , Ur          , Xos         , Xos         , Iwr         , Iwr         , Xos         , Xos         , Iwr         , Iwr         , Xos         , Xos         , Ur          , Ur          , Ur          , Ur          , Ur          , Ur          , Ur          , Ur          , Ur          , Ur          , Ur          , Ur          , Ur          , Ur          , Ur          , Ur          , Ur          , Ur          , Ur          , Ur          , Ur          , Ur          , Ur          , Ur          , Ur          , Ur          , Ur          , Ur          , Xos         , Xos         , Ur          , Xos         , Ur          , Ur          , Xos         , Xos         , Xos         , Xos         , Xos         , Xos         , Xos         , Xos         , Xos         , Xos         , Xos         , Xos         , Xos         , Xos         
Xos         , Ur          , Ur          , Ur          , Ur          , Ur          , Ur          , Ur          , Ur          , Xos         , Xos         , Iwr         , Iwr         , Xos         , Iwr         , Iwr         , Iwr         , Xos         , Xos         , Ur          , Ur          , Ur          , Ur          , Ur          , Ur          , Ur          , Ur          , Ur          , Ur          , Ur          , Ur          , Ur          , Ur          , Ur          , Ur          , Ur          , Ur          , Ur          , Ur          , Ur          , Ur          , Ur          , Ur          , Ur          , Ur          , Ur          , Ur          , Xos         , Xos         , Ur          , Xos         , Xos         , Xos         , Xos         , Xos         , Xos         , Xos         , Xos         , Xos         , Xos         , Xos         , Xos         , Xos         , Xos         , Xos         
Xos         , Ur          , Ur          , Ur          , Ur          , Ur          , Ur          , Ur          , Ur          , Ur          , Ur          , Xos         , Xos         , Iwr         , Iwr         , Uu^Vud      , Iwr         , Iwr         , Iwr         , Xos         , Xos         , Ur          , Ur          , Ur          , Ur          , Ur          , Ur          , Ur          , Ur          , Ur          , Ur          , Ur          , Ur          , Ur          , Ur          , Ur          , Ur          , Ur          , Ur          , Ur          , Ur          , Ur          , Ur          , Ur          , Ur          , Ur          , Ur          , Ur          , Ur          , Xos         , Xos         , Xos         , Xos         , Xos         , Xos         , Xos         , Xos         , Xos         , Xos         , Xos         , Xos         , Xos         , Xos         , Xos         , Xos         
Xos         , Ur          , Ur          , Ur          , Ur          , Ur          , Ur          , Ur          , Ur          , Ur          , Ur          , Ur          , Ur          , Xos         , Xos         , Iwr         , Iwr         , Xos         , Xos         , Iwr         , Iwr         , Xos         , Xos         , Ur          , Ur          , Ur          , Ur          , Ur          , Ur          , Ur          , Ur          , Ur          , Ur          , Ur          , Ur          , Ur          , Ur          , Ur          , Ur          , Ur          , Ur          , Ur          , Ur          , Ur          , Ur          , Ur          , Ur          , Ur          , Ur          , Ur          , Ur          , Xos         , Xos         , Xos         , Xos         , Xos         , Xos         , Xos         , Xos         , Xos         , Xos         , Xos         , Xos         , Xos         , Xos         
Xos         , Ur          , Ur          , Ur          , Ur          , Ur          , Ur          , Ur          , Ur          , Ur          , Ur          , Ur          , Ur          , Ur          , Ur          , Xos         , Xos         , Iwr         , Iwr         , Xos         , Iwr         , Iwr         , Iwr         , Xos         , Xos         , Ur          , Ur          , Ur          , Ur          , Ur          , Ur          , Ur          , Ur          , Ur          , Ur          , Ur          , Ur          , Ur          , Ur          , Ur          , Ur          , Ur          , Ur          , Ur          , Ur          , Ur          , Ur          , Ur          , Ur          , Ur          , Ur          , Ur          , Ur          , Xos         , Xos         , Xos         , Xos         , Xos         , Xos         , Xos         , Xos         , Xos         , Xos         , Xos         , Xos         
Xos         , Ur          , Ur          , Ur          , Ur          , Ur          , Ur          , Ur          , Ur          , Ur          , Ur          , Ur          , Ur          , Ur          , Ur          , Ur          , Ur          , Xos         , Xos         , Iwr         , Iwr         , Uu^Vud      , Iwr         , Iwr         , Iwr         , Xos         , Xos         , Ur          , Ur          , Ur          , Ur          , Ur          , Ur          , Ur          , Ur          , Ur          , Ur          , Ur          , Ur          , Ur          , Ur          , Ur          , Ur          , Ur          , Ur          , Ur          , Ur          , Ur          , Ur          , Ur          , Ur          , Ur          , Ur          , Ur          , Ur          , Xos         , Xos         , Xos         , Xos         , Xos         , Xos         , Xos         , Xos         , Xos         , Xos         
Xos         , Ur          , Ur          , Ur          , Ur          , Ur          , Ur          , Ur          , Ur          , Ur          , Ur          , Ur          , Ur          , Ur          , Ur          , Ur          , Ur          , Ur          , Ur          , Xos         , Xos         , Iwr         , Iwr         , Xos         , Xos         , Iwr         , Iwr         , Xos         , Xos         , Ur          , Ur          , Ur          , Ur          , Ur          , Ur          , Ur          , Ur          , Ur          , Ur          , Ur          , Ur          , Ur          , Ur          , Ur          , Ur          , Ur          , Ur          , Ur          , Ur          , Ur          , Ur          , Ur          , Ur          , Ur          , Ur          , Ur          , Ur          , Xos         , Xos         , Xos         , Xos         , Xos         , Xos         , Xos         , Xos         
Xos         , Ur          , Ur          , Ur          , Ur          , Ur          , Ur          , Ur          , Ur          , Ur          , Ur          , Ur          , Ur          , Ur          , Ur          , Ur          , Ur          , Ur          , Ur          , Ur          , Ur          , Xos         , Xos         , Iwr         , Iwr         , Xos         , Iwr         , Iwr         , Iwr         , Xos         , Xos         , Ur          , Ur          , Ur          , Ur          , Ur          , Ur          , Ur          , Ur          , Ur          , Ur          , Ur          , Ur          , Ur          , Ur          , Ur          , Ur          , Ur          , Ur          , Ur          , Ur          , Ur          , Ur          , Ur          , Ur          , Ur          , Ur          , Ur          , Ur          , Xos         , Xos         , Xos         , Xos         , Xos         , Xos         
Xos         , Ur          , Ur          , Ur          , Ur          , Ur          , Ur          , Ur          , Ur          , Ur          , Ur          , Ur          , Ur          , Ur          , Ur          , Ur          , Ur          , Ur          , Ur          , Ur          , Ur          , Ur          , Ur          , Xos         , Xos         , Iwr         , Iwr         , Uu^Vud      , Iwr         , Iwr         , Iwr         , Xos         , Xos         , Ur          , Ur          , Ur          , Ur          , Ur          , Ur          , Ur          , Ur          , Ur          , Ur          , Ur          , Ur          , Ur          , Ur          , Ur          , Ur          , Ur          , Ur          , Ur          , Ur          , Ur          , Ur          , Ur          , Ur          , Ur          , Ur          , Ur          , Ur          , Xos         , Xos         , Xos         , Xos         
Xos         , Ur          , Ur          , Ur          , Ur          , Ur          , Ur          , Ur          , Ur          , Ur          , Ur          , Ur          , Ur          , Ur          , Ur          , Ur          , Ur          , Ur          , Ur          , Ur          , Ur          , Ur          , Ur          , Ur          , Ur          , Xos         , Xos         , Iwr         , Iwr         , Xos         , Xos         , Iwr         , Iwr         , Xos         , Xos         , Ur          , Ur          , Ur          , Ur          , Ur          , Ur          , Ur          , Ur          , Ur          , Ur          , Ur          , Ur          , Ur          , Ur          , Ur          , Ur          , Ur          , Ur          , Ur          , Ur          , Ur          , Ur          , Ur          , Ur          , Ur          , Ur          , Ur          , Ur          , Xos         , Xos         
Xos         , Ur          , Ur          , Ur          , Ur          , Ur          , Ur          , Ur          , Ur          , Ur          , Ur          , Ur          , Ur          , Ur          , Ur          , Ur          , Ur          , Ur          , Ur          , Ur          , Ur          , Ur          , Ur          , Ur          , Ur          , Ur          , Ur          , Xos         , Xos         , Iwr         , Iwr         , Xos         , Iwr         , Iwr         , Iwr         , Xos         , Xos         , Ur          , Ur          , Ur          , Ur          , Ur          , Ur          , Ur          , Ur          , Ur          , Ur          , Ur          , Ur          , Ur          , Ur          , Ur          , Ur          , Ur          , Ur          , Ur          , Ur          , Ur          , Ur          , Ur          , Ur          , Ur          , Ur          , Xos         , Xos         
Xos         , Ur          , Ur          , Ur          , Ur          , Ur          , Ur          , Ur          , Ur          , Ur          , Ur          , Ur          , Ur          , Ur          , Ur          , Ur          , Ur          , Ur          , Ur          , Ur          , Ur          , Ur          , Ur          , Ur          , Ur          , Ur          , Ur          , Ur          , Ur          , Xos         , Xos         , Iwr         , Iwr         , Uu^Vud      , Iwr         , Iwr         , Iwr         , Xos         , Xos         , Ur          , Ur          , Ur          , Ur          , Ur          , Ur          , Ur          , Ur          , Ur          , Ur          , Ur          , Ur          , Ur          , Ur          , Ur          , Ur          , Ur          , Ur          , Ur          , Ur          , Ur          , Ur          , Ur          , Ur          , Xos         , Xos         
Xos         , Ur          , Ur          , Ur          , Ur          , Ur          , Ur          , Ur          , Ur          , Ur          , Ur          , Ur          , Ur          , Ur          , Ur          , Ur          , Ur          , Ur          , Ur          , Ur          , Ur          , Ur          , Ur          , Ur          , Ur          , Ur          , Ur          , Ur          , Ur          , Ur          , Ur          , Xos         , Xos         , Iwr         , Iwr         , Xos         , Xos         , Iwr         , Iwr         , Xos         , Xos         , Ur          , Ur          , Ur          , Ur          , Ur          , Ur          , Ur          , Ur          , Ur          , Ur          , Ur          , Ur          , Ur          , Ur          , Ur          , Ur          , Ur          , Ur          , Ur          , Ur          , Ur          , Ur          , Xos         , Xos         
Xos         , Ur          , Ur          , Ur          , Ur          , Ur          , Ur          , Ur          , Ur          , Ur          , Ur          , Ur          , Ur          , Ur          , Ur          , Ur          , Ur          , Ur          , Ur          , Ur          , Ur          , Ur          , Ur          , Ur          , Ur          , Ur          , Ur          , Ur          , Ur          , Ur          , Ur          , Ur          , Ur          , Xos         , Xos         , Iwr         , Iwr         , Xos         , Iwr         , Iwr         , Iwr         , Xos         , Xos         , Ur          , Ur          , Ur          , Ur          , Ur          , Ur          , Ur          , Ur          , Ur          , Ur          , Ur          , Ur          , Ur          , Ur          , Ur          , Ur          , Ur          , Ur          , Ur          , Ur          , Xos         , Xos         
Xos         , Ur          , Ur          , Ur          , Ur          , Ur          , Ur          , Ur          , Ur          , Ur          , Ur          , Ur          , Ur          , Ur          , Ur          , Ur          , Ur          , Ur          , Ur          , Ur          , Ur          , Ur          , Ur          , Ur          , Ur          , Ur          , Ur          , Ur          , Ur          , Ur          , Ur          , Ur          , Ur          , Ur          , Ur          , Xos         , Xos         , Iwr         , Iwr         , Uu^Vud      , Iwr         , Iwr         , Iwr         , Xos         , Xos         , Ur          , Ur          , Ur          , Ur          , Ur          , Ur          , Ur          , Ur          , Ur          , Ur          , Ur          , Ur          , Ur          , Ur          , Ur          , Ur          , Ur          , Ur          , Xos         , Xos         
Xos         , Xos         , Xos         , Ur          , Ur          , Ur          , Ur          , Ur          , Ur          , Ur          , Ur          , Ur          , Ur          , Ur          , Ur          , Ur          , Ur          , Ur          , Ur          , Ur          , Ur          , Ur          , Ur          , Ur          , Ur          , Ur          , Ur          , Ur          , Ur          , Ur          , Ur          , Ur          , Ur          , Ur          , Ur          , Ur          , Ur          , Xos         , Xos         , Iwr         , Iwr         , Xos         , Xos         , Iwr         , Iwr         , Xos         , Xos         , Ur          , Ur          , Ur          , Ur          , Ur          , Ur          , Ur          , Ur          , Ur          , Ur          , Ur          , Ur          , Ur          , Ur          , Ur          , Ur          , Xos         , Xos         
Xos         , Ur          , Ur          , Xos         , Xos         , Ur          , Ur          , Ur          , Ur          , Ur          , Ur          , Ur          , Ur          , Ur          , Ur          , Ur          , Ur          , Ur          , Ur          , Ur          , Ur          , Ur          , Ur          , Ur          , Ur          , Ur          , Ur          , Ur          , Ur          , Ur          , Ur          , Ur          , Ur          , Ur          , Ur          , Ur          , Ur          , Ur          , Ur          , Xos         , Xos         , Iwr         , Iwr         , Xos         , Xos         , Xos         , Iwr         , Xos         , Xos         , Ur          , Ur          , Ur          , Ur          , Ur          , Ur          , Ur          , Ur          , Ur          , Ur          , Ur          , Ur          , Ur          , Ur          , Xos         , Xos         
Xos         , Ur          , Xos         , Xos         , Ur          , Xos         , Xos         , Ur          , Ur          , Ur          , Ur          , Ur          , Ur          , Ur          , Ur          , Ur          , Ur          , Ur          , Ur          , Ur          , Ur          , Ur          , Ur          , Ur          , Ur          , Ur          , Ur          , Ur          , Ur          , Ur          , Ur          , Ur          , Ur          , Ur          , Ur          , Ur          , Ur          , Ur          , Ur          , Ur          , Ur          , Xos         , Xos         , Xos         , Iwr         , Xos         , Xos         , Iwr         , Iwr         , Xos         , Xos         , Ur          , Ur          , Ur          , Ur          , Ur          , Ur          , Ur          , Ur          , Ur          , Ur          , Ur          , Ur          , Xos         , Xos         
Xos         , Xos         , Xos         , Ur          , Ur          , Ur          , Xos         , Xos         , Xos         , Ur          , Ur          , Ur          , Ur          , Ur          , Ur          , Ur          , Ur          , Ur          , Ur          , Ur          , Ur          , Ur          , Ur          , Ur          , Ur          , Ur          , Ur          , Ur          , Ur          , Ur          , Ur          , Ur          , Ur          , Ur          , Ur          , Ur          , Ur          , Ur          , Ur          , Ur          , Ur          , Ur          , Ur          , Xos         , Xos         , Iwr         , Iwr         , Xos         , Xos         , Xos         , Iwr         , Xos         , Xos         , Ur          , Ur          , Ur          , Ur          , Ur          , Ur          , Ur          , Ur          , Ur          , Ur          , Xos         , Xos         
Xos         , Xos         , Xos         , Xos         , Xos         , Xos         , Ur          , Ur          , Ur          , Xos         , Xos         , Ur          , Ur          , Ur          , Ur          , Ur          , Ur          , Ur          , Ur          , Ur          , Ur          , Ur          , Ur          , Ur          , Ur          , Ur          , Ur          , Ur          , Ur          , Ur          , Ur          , Ur          , Ur          , Ur          , Ur          , Ur          , Ur          , Ur          , Ur          , Ur          , Ur          , Ur          , Ur          , Ur          , Ur          , Xos         , Xos         , Xos         , Iwr         , Xos         , Xos         , Iwr         , Iwr         , Xos         , Xos         , Ur          , Ur          , Ur          , Ur          , Ur          , Ur          , Ur          , Ur          , Xos         , Xos         
Xos         , Xos         , Xos         , Xos         , Xos         , Xos         , Xos         , Ur          , Xos         , Xos         , Ur          , Xos         , Xos         , Ur          , Ur          , Ur          , Ur          , Ur          , Ur          , Ur          , Ur          , Ur          , Ur          , Ur          , Ur          , Ur          , Ur          , Ur          , Ur          , Ur          , Ur          , Ur          , Ur          , Ur          , Ur          , Ur          , Ur          , Ur          , Ur          , Ur          , Ur          , Ur          , Ur          , Ur          , Ur          , Ur          , Ur          , Xos         , Xos         , Iwr         , Iwr         , Xos         , Xos         , Xos         , Iwr         , Xos         , Xos         , Ur          , Ur          , Ur          , Ur          , Ur          , Ur          , Xos         , Xos         
Xos         , Xos         , Xos         , Xos         , Xos         , Xos         , Xos         , Xos         , Xos         , Ur          , Ur          , Ur          , Xos         , Xos         , Xos         , Ur          , Ur          , Ur          , Ur          , Ur          , Ur          , Ur          , Ur          , Ur          , Ur          , Ur          , Ur          , Ur          , Ur          , Ur          , Ur          , Ur          , Ur          , Ur          , Ur          , Ur          , Ur          , Ur          , Ur          , Ur          , Ur          , Ur          , Ur          , Ur          , Ur          , Ur          , Ur          , Ur          , Ur          , Xos         , Xos         , Xos         , Iwr         , Xos         , Xos         , Iwr         , Iwr         , Xos         , Xos         , Ur          , Ur          , Ur          , Ur          , Xos         , Xos         
Xos         , Xos         , Xos         , Xos         , Xos         , Xos         , Xos         , Xos         , Xos         , Xos         , Xos         , Xos         , Ur          , Ur          , Ur          , Xos         , Xos         , Ur          , Ur          , Ur          , Ur          , Ur          , Ur          , Ur          , Ur          , Ur          , Ur          , Ur          , Ur          , Ur          , Ur          , Ur          , Ur          , Ur          , Ur          , Ur          , Ur          , Ur          , Ur          , Ur          , Ur          , Ur          , Ur          , Ur          , Ur          , Ur          , Ur          , Ur          , Ur          , Ur          , Ur          , Xos         , Xos         , Iwr         , Iwr         , Xos         , Xos         , Xos         , Iwr         , Xos         , Xos         , Ur          , Ur          , Xos         , Xos         
Xos         , Xos         , Xos         , Xos         , Xos         , Xos         , Xos         , Xos         , Xos         , Xos         , Xos         , Xos         , Xos         , Ur          , Xos         , Xos         , Ur          , Xos         , Xos         , Ur          , Ur          , Ur          , Ur          , Ur          , Ur          , Ur          , Ur          , Ur          , Ur          , Ur          , Ur          , Ur          , Ur          , Ur          , Ur          , Ur          , Ur          , Ur          , Ur          , Ur          , Ur          , Ur          , Ur          , Ur          , Ur          , Ur          , Ur          , Ur          , Ur          , Ur          , Ur          , Ur          , Ur          , Xos         , Xos         , Xos         , Iwr         , Xos         , Xos         , Iwr         , Iwr         , Xos         , Xos         , Xos         , Xos         
Xos         , Xos         , Xos         , Xos         , Xos         , Xos         , Xos         , Xos         , Xos         , Xos         , Xos         , Xos         , Xos         , Xos         , Xos         , Ur          , Ur          , Ur          , Xos         , Xos         , Xos         , Ur          , Ur          , Ur          , Ur          , Ur          , Ur          , Ur          , Ur          , Ur          , Ur          , Ur          , Ur          , Ur          , Ur          , Ur          , Ur          , Ur          , Ur          , Ur          , Ur          , Ur          , Ur          , Ur          , Ur          , Ur          , Ur          , Ur          , Ur          , Ur          , Ur          , Ur          , Ur          , Ur          , Ur          , Xos         , Xos         , Iwr         , Iwr         , Xos         , Xos         , Xos         , Iwr         , Xos         , Xos         
Xos         , Xos         , Xos         , Xos         , Xos         , Xos         , Xos         , Xos         , Xos         , Xos         , Xos         , Xos         , Xos         , Xos         , Xos         , Xos         , Xos         , Xos         , Ur          , Ur          , Ur          , Xos         , Xos         , Ur          , Ur          , Ur          , Ur          , Ur          , Ur          , Ur          , Ur          , Ur          , Ur          , Ur          , Ur          , Ur          , Ur          , Ur          , Ur          , Ur          , Ur          , Ur          , Ur          , Ur          , Ur          , Ur          , Ur          , Ur          , Ur          , Ur          , Ur          , Ur          , Ur          , Ur          , Ur          , Ur          , Ur          , Xos         , Xos         , Xos         , Iwr         , Xos         , Xos         , Iwr         , Xos         
Xos         , Xos         , Xos         , 6 Kud       , Cud         , Xos         , Xos         , Xos         , Xos         , Xos         , Xos         , Xos         , Xos         , Xos         , Xos         , Xos         , Xos         , Xos         , Xos         , Ur          , Xos         , Xos         , Ur          , Xos         , Xos         , Ur          , Ur          , Ur          , Ur          , Ur          , Ur          , Ur          , Ur          , Ur          , Ur          , Ur          , Ur          , Ur          , Ur          , Ur          , Ur          , Ur          , Ur          , Ur          , Ur          , Ur          , Ur          , Ur          , Ur          , Ur          , Ur          , Ur          , Ur          , Ur          , Ur          , Ur          , Ur          , Ur          , Ur          , Xos         , Xos         , Iwr         , Xos         , Xos         , Xos         
Xos         , Xos         , Xos         , Xos         , Xos         , Xos         , Xos         , Xos         , Xos         , Xos         , Xos         , Xos         , Xos         , Xos         , Xos         , Xos         , Xos         , Xos         , Xos         , Xos         , Xos         , Ur          , Ur          , Ur          , Xos         , Xos         , Xos         , Xos         , Xos         , Xos         , Xos         , Xos         , Xos         , Xos         , Xos         , Xos         , Xos         , Xos         , Xos         , Xos         , Xos         , Xos         , Xos         , Xos         , Xos         , Xos         , Xos         , Xos         , Xos         , Xos         , Xos         , Xos         , Xos         , Xos         , Xos         , Xos         , Xos         , Xos         , Xos         , Xos         , Xos         , Xos         , Xos         , Xos         , Xos         
Xos         , Xos         , Xos         , Xos         , Xos         , Xos         , Xos         , Xos         , Xos         , Xos         , Xos         , Xos         , Xos         , Xos         , Xos         , Xos         , Xos         , Xos         , Xos         , Xos         , Xos         , Xos         , Xos         , Xos         , Ur          , Ur          , Ur          , Xos         , Xos         , Xos         , Xos         , Xos         , Xos         , Xos         , Xos         , Xos         , Xos         , Xos         , Xos         , Xos         , Xos         , Xos         , Xos         , Xos         , Xos         , Xos         , Xos         , Xos         , Xos         , Xos         , Xos         , Xos         , Xos         , Xos         , Xos         , Xos         , Xos         , Xos         , Xos         , Xos         , Xos         , Xos         , Xos         , Xos         , Xos         
Xos         , Xos         , Xos         , Xos         , Xos         , Xos         , Xos         , Xos         , Xos         , Xos         , Xos         , Xos         , Xos         , Xos         , Xos         , Xos         , Xos         , Xos         , Xos         , Xos         , Xos         , Xos         , Xos         , Xos         , Xos         , Ur          , Xos         , Xos         , Xos         , Xos         , Xos         , Xos         , Xos         , Xos         , Xos         , Xos         , Xos         , Xos         , Xos         , Xos         , Xos         , Xos         , Xos         , Xos         , Xos         , Xos         , Xos         , Xos         , Xos         , Xos         , Xos         , Xos         , Xos         , Xos         , Xos         , Xos         , Xos         , Xos         , Xos         , Xos         , Xos         , Xos         , Xos         , Xos         , Xos         
Xos         , Xos         , Xos         , Xos         , Xos         , Xos         , Xos         , Xos         , Xos         , Xos         , Xos         , Xos         , Xos         , Xos         , Xos         , Xos         , Xos         , Xos         , Xos         , Xos         , Xos         , Xos         , Xos         , Xos         , Xos         , Xos         , Xos         , Xos         , Xos         , Xos         , Xos         , Xos         , Xos         , Xos         , Xos         , Xos         , Xos         , Xos         , Xos         , Xos         , Xos         , Xos         , Xos         , Xos         , Xos         , Xos         , Xos         , Xos         , Xos         , Xos         , Xos         , Xos         , Xos         , Xos         , Xos         , Xos         , Xos         , Xos         , Xos         , Xos         , Xos         , Xos         , Xos         , Xos         , Xos         
Xos         , Xos         , Xos         , Xos         , Xos         , Xos         , Xos         , Xos         , Xos         , Xos         , Xos         , Xos         , Xos         , Xos         , Xos         , Xos         , Xos         , Xos         , Xos         , Xos         , Xos         , Xos         , Xos         , Xos         , Xos         , Xos         , Xos         , Xos         , Xos         , Xos         , Xos         , Xos         , Xos         , Xos         , Xos         , Xos         , Xos         , Xos         , Xos         , Xos         , Xos         , Xos         , Xos         , Xos         , Xos         , Xos         , Xos         , Xos         , Xos         , Xos         , Xos         , Xos         , Xos         , Xos         , Xos         , Xos         , Xos         , Xos         , Xos         , Xos         , Xos         , Xos         , Xos         , Xos         , Xos         
Xos         , Xos         , Xos         , Xos         , Xos         , Xos         , Xos         , Xos         , Xos         , Xos         , Xos         , Xos         , Xos         , Xos         , Xos         , Xos         , Xos         , Xos         , Xos         , Xos         , Xos         , Xos         , Xos         , Xos         , Xos         , Xos         , Xos         , Xos         , Xos         , Xos         , Xos         , Xos         , Xos         , Xos         , Xos         , Xos         , Xos         , Xos         , Xos         , Xos         , Xos         , Xos         , Xos         , Xos         , Xos         , Xos         , Xos         , Xos         , Xos         , Xos         , Xos         , Xos         , Xos         , Xos         , Xos         , Xos         , Xos         , Xos         , Xos         , Xos         , Xos         , Xos         , Xos         , Xos         , Xos         
Xos         , Xos         , Xos         , Xos         , Xos         , Xos         , Xos         , Xos         , Xos         , Xos         , Xos         , Xos         , Xos         , Xos         , Xos         , Xos         , Xos         , Xos         , Xos         , Xos         , Xos         , Xos         , Xos         , Xos         , Xos         , Xos         , Xos         , Xos         , Xos         , Xos         , Xos         , Xos         , Xos         , Xos         , Xos         , Xos         , Xos         , Xos         , Xos         , Xos         , Xos         , Xos         , Xos         , Xos         , Xos         , Xos         , Xos         , Xos         , Xos         , Xos         , Xos         , Xos         , Xos         , Xos         , Xos         , Xos         , Xos         , Xos         , Xos         , Xos         , Xos         , Xos         , Xos         , Xos         , Xos         
Xos         , Xos         , Xos         , Xos         , Xos         , Xos         , Xos         , Xos         , Xos         , Xos         , Xos         , Xos         , Xos         , Xos         , Xos         , Xos         , Xos         , Xos         , Xos         , Xos         , Xos         , Xos         , Xos         , Xos         , Xos         , Xos         , Xos         , Xos         , Xos         , Xos         , Xos         , Xos         , Xos         , Xos         , Xos         , Xos         , Xos         , Xos         , Xos         , Xos         , Xos         , Xos         , Xos         , Xos         , Xos         , Xos         , Xos         , Xos         , Xos         , Xos         , Xos         , Xos         , Xos         , Xos         , Xos         , Xos         , Xos         , Xos         , Xos         , Xos         , Xos         , Xos         , Xos         , Xos         , Xos         
Xos         , Xos         , Xos         , Xos         , Xos         , Xos         , Xos         , Xos         , Xos         , Xos         , Xos         , Xos         , Xos         , Xos         , Xos         , Xos         , Xos         , Xos         , Xos         , Xos         , Xos         , Xos         , Xos         , Xos         , Xos         , Xos         , Xos         , Xos         , Xos         , Xos         , Xos         , Xos         , Xos         , Xos         , Xos         , Xos         , Xos         , Xos         , Xos         , Xos         , Xos         , Xos         , Xos         , Xos         , Xos         , Xos         , Xos         , Xos         , Xos         , Xos         , Xos         , Xos         , Xos         , Xos         , Xos         , Xos         , Xos         , Xos         , Xos         , Xos         , Xos         , Xos         , Xos         , Xos         , Xos         
