border_size=1
usage=map

Gll^Fp, Gll^Fp, Gll^Fp, Gll^Fp, Gll, Gll^Fp, Gll^Fp, Gll^Fp, Gll^Fp, Gll^Fp, Gll^Fp, Gll^Fp, Gll^Fp, Gll^Fp, Gll^Fp, Gll^Fp, Gll^Fp, Gll^Fp, Gll^Fms, Gll, Gs, Gs, Gs^Fds, Gs, Gs^Fds, Gs^Fds, Gs^Fds, Gs^Fds, Gs^Fds, Gs^Fds, Gs^Fds, Gs^Fds, Gs^Fds, Gs^Fds, Gs^Fds, Gs^Fds, Gs, Gs^Fds, Rr, Rr, Gs^Fds, Gs^Fds, Gs^Fds, Gs^Fds, Hh^Fds, Gs^Fds, Gs^Fds, Gs^Fds, Gs^Fds, Gs^Fds, Gs^Fms, Gs^Fms, Hh^Fms, Gs^Fms, Gs^Fms, Gs^Fms, Gs^Fms, Gs^Fms, Hh, Ha, Ha, Ha, Ha, Ha, Ha, Ha, Ha, Ha, Ai, Ms, Ms, Ms, Ms, Ms, Ms, Ms, Ms, Ms, Ms, Ms, Ms^Xm, Ms^Xm, Ms^Xm, Ms^Xm, Ms^Xm, Ms^Xm, Ms^Xm, Ms^Xm, Ms^Xm, Ms^Xm, Ms^Xm, Ms^Xm, Ms^Xm, Xu, Xu, Xu, Xu, Xu, Xu, Xu, Xu, Xu, Xu, Xu, Xu, Xu, Xu, Xu, Xu, Xu, Xu, Xu, Xu, Xu, Xu, Xu, Xu, Xu, Xu, Xu, Xu, Xu
Gll^Fp, Gll^Fp, Gll^Fp, Gll, Gll^Fp, Gll^Fp, Gll^Fp, Gll^Fp, Gll, Gll^Fp, Gll^Fp, Gll^Fp, Gll^Fp, Gll^Fp, Gll, Gll^Fp, Gll^Fms, Gll^Fms, Gll^Fms, Gll, Gs^Fds, Gs^Fds, Gs^Fds, Gs, Gs^Fds, Gs^Fds, Gs^Fds, Gs^Fds, Gs, Gs, Gs, Gs, Hh, Gs^Fds, Gg^Fds, Gs^Fds, Gs^Fds, Rr, Rr, Rr, Rr, Gs^Fds, Gs^Fds, Gs^Fds, Gs^Fds, Gs^Fds, Gs^Fds, Gs^Fds, Gs^Fds, Gs^Fds, Gs^Fds, Gs^Fms, Gs^Fds, Gs^Fms, Gs^Fms, Gs^Fms, Ww, Gs^Fms, Ha, Ha, Ha^Fpa, Ha^Fpa, Ai, Ai, Ai, Ai, Ai, Ai, Ha, Ms, Ms, Ms, Ha, Ms, Ha, Ms, Ms, Ms, Ms, Ms, Ms^Xm, Ms^Xm, Ms^Xm, Ms^Xm, Ms^Xm, Ms^Xm, Ms^Xm, Ms^Xm, Ms^Xm, Ms^Xm, Xu, Ms^Xm, Xu, Xu, Xu, Xu, Xu, Xu, Xu, Xu, Xu, Xu, Xu, Xu, Xu, Xu, Xu, Xu, Xu, Xu, Xu, Xu, Xu, Xu, Xu, Xu, Xu, Xu, Xu, Xu, Xu, Xu
Re, Gll^Fp, Gll^Fp, Gll^Fp, Hhd^Fp, Hhd^Fp, Hhd^Fp, Gll^Fp, Gll, Gll^Fp, Gll^Fp, Gll^Fp, Gll, Gll, Gll^Fms, Gll^Fms, Gll^Fms, Gll^Fms, Gll, Gll, Gs, Gs^Fds, Gs^Fds, Gs, Gg^Fds, Gs^Fds, Gs^Fds, Gs, Gg^Fds, Gs, Gs^Fds, Hh^Fds, Gs, Gs^Fds, Gg^Fds, Gs^Fds, Gs^Fds, Gs^Fds, Gs, Rr, Rr, Rr, Gs^Fds, Gs^Fds, Gs^Fds, Gs^Fds, Kh, Hh^Fds, Gs^Fds, Gs^Fds, Gs^Fds, Hh^Fds, Gs^Fms, Gs^Fms, Wwf, Ww, Hh, Ai, Ai, Ai, Ai, Ai, Ha^Fpa, Ha^Fpa, Ha^Fpa, Ha^Fpa, Ha^Fpa, Ha, Ha^Vhha, Ha, Rr, Rr, Rr, Ha, Ha, Ms, Ms, Ms, Ha, Ha, Ms^Xm, Ms^Xm, Ms^Xm, Ms^Xm, Ms^Xm, Ms^Xm, Xu, Xu, Xu, Xu, Xu, Xu, Xu, Xu, Xu, Xu, Xu, Xu, Xu, Xu, Xu, Xu, Xu, Xu, Xu, Xu, Xu, Xu, Xu, Xu, Xu, Xu, Xu, Xu, Xu, Xu, Xu, Xu, Xu, Xu, Xu, Xu
Gll, Re, Re, Gll^Fp, Gll^Fp, Gll^Fp, Gll^Fp, Gll^Fp, Gll^Fp, Gll, Gll^Fp, Gll^Fp, Gll, Gll^Fp, Gll^Fms, Gll^Fp, Gll^Fms, Gll, Gll, Gs^Fms, Gs, Gs^Fms, Gs^Fds, Gs^Fds, Gg^Fds, Gg^Fds, Gs^Fds, Gs, Gg^Fds, Gg^Fds, Gs, Hh^Fds, Gg^Fds, Gg, Gs^Fds, Gs^Fds, Gs^Fds, Gs^Fds, Gs^Fds, Gs^Fds, Gs^Fds, Rr, Rr, Rr, Rr, Ch, Ch, Ch, Gs^Fds, Gs^Fds, Gs^Fms, Gs^Fms, Ww, Gs^Fms, Wwf, Hh, Hh, Cha, Rr, Ha, Ha^Fpa, Ha^Fpa, Ha^Fpa, Ha^Fpa, Rr, Rr, Rr, Rr, Rr, Rr, Ms, Ms, Ms, Rr, Rr, Rr, Rr, Ha, Ha^Vhha, Ms, Rr, Ms^Xm, Ms^Xm, Ms^Xm, Ms^Xm, Ms^Xm, Xu, Xu, Xu, Xu, Xu, Xu, Xu, Xu, Xu, Xu, Xu, Xu, Xu, Xu, Xu, Xu, Xu, Xu, Xu, Xu, Xu, Xu, Xu, Xu, Xu, Xu, Xu, Xu, Xu, Xu, Xu, Xu, Xu, Xu, Xu, Xu
Gll^Fp, Gll^Fp, Gll, Re, Gll^Vl, Gll^Fp, Gll^Fp, Gll^Fp, Hhd^Fp, Hhd^Fp, Hhd^Fp, Gll^Fp, Gll^Fp, Gll^Fp, Gll^Fms, Gll^Fms, Hhd^Fms, Gll, Gll, Gll, Gs^Fds, Hh^Fds, Gs, Gs, Gs^Fds, Gs, Gs, Gg^Fds, Gs^Fds, Gg^Fds, Gs, Gs^Fds, Gs^Fds, Gs, Gs^Vl, Gs^Fds, Gs^Fds, Gs, Gs^Fds, Gs^Fds, Gs, Gs^Fds, Ket, Rr, Rr, Rr, Rr^Vhc, Ch, Ww, Ww, Ww, Ww, Gs^Fms, Ww, Gs^Fms, Gs^Fms, Re, Re, Ha, Rr, Rr, Rr, Rr, Rr, Ha, Ha, Ms, Ms, Ms, Ha, Ms, Ms, Ha, Ha, Ms, Ms, Ms, Rr, Rr, Rr, Ms^Xm, Rr, Rr, Ms^Xm, Rr, Ms^Xm, Ms^Xm, Xu, Xu, Xu, Xu, Xu, Xu, Xu, Xu, Xu, Xu, Xu, Xu, Xu, Xu, Xu, Xu, Xu, Uh, Xu, Uh, Xu, Uu, Uh, Uh^Br|, Xu, Qxu, Xu, Xu, Xu, Xu, Xu, Xu, Xu, Xu, Xu
Gll, Gll^Fp, Gll^Fp, Re, Re, Gll^Fp, Gll^Fp, Gll^Fp, Gll^Fp, Gll^Fp, Gll^Fp, Gll^Fms, Gll^Fms, Gll^Fms, Gll^Fms, Gll^Fms, Gll, Hhd^Fms, Gll, Gs^Fms, Gs, Gs^Fds, Re, Gs, Gs, Gs^Fds, Gs, Gs^Fds, Gs^Fds, Gs^Fds, Gs^Fds, Gs^Fds, Re, Re, Re, Gs^Fds, Gs, Gs, Gs, Gs^Fds, Gs^Fds, Gs^Fds, Gs^Vh, Ce, Rr, Rr, Wwf, Ww, Gs^Fds, Gs^Fds, Gs^Fms, Gs^Fds, Gs^Vhh, Gs^Fms, Gs^Fms, Re, Ha^Fma, Hh, Ha^Fma, Hh, Hh, Ha^Vhha, Ha^Fpa, Ha^Fpa, Ha, Ha, Ha, Ms, Ms, Ms, Ms, Ms, Ms, Ms, Ms, Ms, Rr, Aa, Aa, Ms, Ms, Ms, Ms, Rr, Ms^Xm, Rr, Cha, Ms^Xm, Xu, Xu, Uue^Vud, Xu, Uue, Xu, Xu, Xu, Xu, Xu, Xu, Xu, Xu, Xu, Xu, Uu, Uu, Uu, Uu, Xu, Uh, Uh, Uh^Br/, Ur, Uu, Qxu, Xu, Xu, Xu, Xu, Xu, Xu, Xu, Xu
Gll, Gll, Gll^Fp, Gll, Re, Gll^Fp, Gll^Fp, Gll^Fp, Gll^Fp, Gll^Fp, Gll^Vl, Gll, Gll, Gll^Fms, Gll^Vl, Gll, Gll^Fms, Hhd^Fms, Gs^Fms, Gs^Fms, Re, Re, Gs^Vl, Re, Re, Gs, Gs, Hh^Fds, Gs^Fds, Gs, Re, Re, Re, Gs^Fds, Gs^Fds, Gs, Gs^Fds, Gs^Fds, Gs^Fds, Gs, Gs, Gs, Gs^Fds, Ce, Rr, Wwf, Gs^Fds, Hh^Fds, Gs^Fds, Gs^Fds, Gs^Fds, Gs^Fds, Re, Re, Re, Re, Ha^Fma, Ha^Fma, Ha, Hh, Ha^Fma, Ha^Fpa, Ha, Ha, Ha, Ms, Ms, Ms, Ms, Ms, Aa, Aa, Aa^Vaa, Ms, Cha, Rr, Rrc^Vhca, Aa, Ms, Ms, Ms, Ms, Ms^Xm, Ms^Xm, Ms^Xm, Ms^Xm, Ms^Xm, Rb^Br\, Rb^Br\, Uue, Rb^Br/, Uue, Rb, Uue, Uue, Xu, Xu, Xu, Xu, Xu, Xu, Xu, Xu, Xu, Uh, Uu, Uu, Ur, Ur, Uh^Br|, Ur, Ur, Uu^Vud, Qxu, Xu, Xu, Xu, Xu, Xu, Xu, Xu, Xu
Gll^Fp, Gll^Fp, Gll^Fp, Ket, Re, Gll^Fp, Gll^Fp, Gll^Fp, Gll^Vl, Gll, Ce, Ket, Ce, Gll^Fms, Re, Re, Re, Gs^Fms, Re, Re, Gs, Gs, Gs^Fds, Gs, Gs, Ce, Re, Gs, Re, Re, Gs^Fds, Gs^Fds, Gs^Fds, Gs^Fds, Gs^Fds, Gs^Fds, Gs^Fds, Gs^Fds, Gs^Fds, Gs^Fds, Ww, Gs, Ww, Hh^Fds, Wwf, Wwf, Rr, Hh^Fds, Gs^Fds, Gs^Fds, Gs^Fds, Re, Gs^Fms, Gs^Fds, Re, Gs^Fms, Gs^Fms, Ha, Ha^Fma, Ha, Ha^Fpa, Ha^Fpa, Ha, Ha, Ms, Ms, Ms, Ms, Ms, Ms, Ms, Aa, Rr, Rr, Ha, Aa, Ha, Aa, Aa, Ms, Ms, Ms, Ms^Xm, Ms^Xm, Ms^Xm, Ms^Xm, Xu, Xu, Uue, Rb^Br\, Uue, Rb^Br\, Uue^Br\, Rb, Uue, Xu, Xu, Xu, Xu, Xu, Cud^Vud, Cud, Cud, Xu, Xu, Uu, Xu, Xu, Uu, Ur^Br|, Uu, Uu, Qxu, Qxu, Xu, Xu, Xu, Xu, Xu, Xu, Xu, Xu
Gg, Gll^Fp, Gll, Gll^Fp, Gll, Re, Re, Gll^Fp, Re, Re, Ce, Re^Vct, Ce, Re, Gs^Vl, Gs, Gs, Re, Ket, Gs, Gs^Fds, Gs^Fds, Hh^Fds, Gs^Fds, Gs^Fds, Gs, Gs, Re, Re, Gs^Fds, Gd, Gd, Gd, Gd, Re, Hh^Fds, Re, Re, Wwf, Ww, Re, Ww, Gs^Fds, Wwf, Rr, Rr, Rr, Gs^Fds, Re, Re, Re, Re, Gs^Fms, Gs^Fms, Re, Gs^Fms, Gs^Fms, Gs^Fms, Ha, Ha^Fma, Ha, Ha^Fpa, Ha, Ms, Ms, Ms, Ms, Ms, Ms, Ms, Rr, Rr, Ha, Ha^Fpa, Ha, Ha, Ms, Ha, Ms, Ms, Ms, Ms, Ms^Xm, Ms^Xm, Ms^Xm, Ms^Xm, Xu, Xu, Xu, Uue, Xu, Uue, Uue, Rb^Br\, Rb^Br\, Uue, Xu, Xu, Xu, Cud, Cud, Cud, Cud, Cud^Vud, Xu, Xu, Uh, Cud, Uh, Ur^Br|, Qxu, Qxu, Qxu, Xu, Xu, Xu, Xu, Xu, Xu, Xu, Xu, Xu
Gll^Fp, Gll^Fp, Gll, Gll^Fp, Gll^Fp, Gll, Gll, Re, Gll^Vl, Ket, Re, Ce, Re, Ket, Gs, Gs^Fms, Gs^Fms, Gs^Fms, Gs^Fms, Gs^Fms, Gs^Fds, Gs^Fds, Hh^Fds, Hh^Fds, Gs^Fds, Hh^Fds, Gs, Gs, Gs, Re, Re, Re, Re, Re, Gs, Re, Re, Wwf, Re, Re, Ket, Re, Re, Hh^Fds, Rr, Rr, Gs^Fds, Re, Gs^Fds, Gs^Fds, Gs^Fds, Gs^Fds, Gs^Fds, Gs^Fms, Re, Gs, Gs^Fms, Gs^Fms, Hh, Hh, Ha, Ha^Fpa, Ha, Ha, Ms, Ms, Ms, Ms, Ms, Ms, Rr, Ms, Ha, Ha, Ha, Ms, Ms, Ms, Ms, Ms, Ms, Ms, Ms^Xm, Ms^Xm, Ms^Xm, Ms^Xm, Ms^Xm, Xu, Xu, Xu, Xu, Xu, Uue^Vud, Uue, Rb^Br|, Uue, Cud, Xu, Xu, Xu, Xu, Cud, Xu, Xu, Cud^Br/, Uu^Br/, Uu^Br\, Uh, Uu^Br\, Uh^Br|, Ur, Uu, Uu, Qxu, Xu, Xu, Xu, Xu, Xu, Xu, Xu, Xu
Gll^Fp, Gll^Fp, Gll^Fp, Gll^Fp, Gll^Fp, Gll^Fp, Hhd^Fp, Gll, Gll^Fp, Gll, Re, Ce^Vct, Gs, Gs, Gs^Fms, Gs^Fms, Gs^Fms, Gs, Gs^Fms, Gs^Fms, Gs^Fms, Gs^Fds, Gs^Fds, Gs^Fds, Gs, Gg, Gs^Fds, Gs^Fds, Gs^Fds, Re, Gs^Vh, Gd, Gs^Fds, Gs^Fds, Gs^Fds, Re, Wwf, Wwf, Hh^Fds, Re, Gs^Fds, Re, Re, Re, Rr, Rr, Hh^Fds, Gs^Fds, Gs^Fds, Gs^Fds, Hh^Fds, Hh, Gs^Fms, Re, Gs^Fms, Gs^Fms, Ha, Hh, Ha, Ha^Fma, Ha, Ha, Ha, Ms, Ms, Ms, Ms, Ms, Ms, Ms, Rr, Ms, Ha, Ha^Fpa, Ha, Ha, Ai, Ms, Ms, Ms, Ms, Ms^Xm, Ms^Xm, Ms^Xm, Ms^Xm, Ms^Xm, Xu, Xu, Xu, Xu, Xu, Xu, Xu, Uue, Uue, Rb^Br\, Xu, Xu, Urb, Xu, Cud, Cud^Vud, Cud^Br/, Cud^Br/, Cud, Uu, Uu, Uu^Br/, Uu, Ur^Br\, Uu^Br\, Wwf, Uh, Qxu, Qxu, Xu, Xu, Xu, Xu, Xu, Xu, Xu
Gll, Gll^Fp, Gll, Gll^Fp, Gll^Fp, Hhd^Fp, Gll^Fp, Gll^Fp, Gll^Fms, Gll^Fms, Re, Gs, Gs^Fms, Gs, Gs^Fms, Gs^Fms, Hh^Fms, Gs^Fms, Gs, Gs^Fms, Gs^Fms, Gs^Fms, Gs^Fds, Gs^Fds, Gs^Fds, Hh^Fds, Gg, Gs, Gs, Re, Gs^Fds, Gs^Fds, Gs^Fds, Hh^Fds, Gs^Fds, Gs^Fds, Ww, Gs^Fds, Gs^Fds, Gs^Fds, Gs^Fds, Gs^Vh, Gs^Fds, Rr, Rr, Rr, Rr, Gs^Fds, Gs^Fds, Gs^Fds, Gs, Gs, Gs^Fds, Re, Gs^Fms, Gs^Fms, Gs^Fms, Ha^Fma, Ha^Fma, Ha^Fma, Ha, Ha, Ms, Ms, Ms, Ms, Ms, Ms, Rr, Rr, Ms, Ha^Fpa, Ha^Fpa, Ha, Ai, Ai, Ha, Ms, Ms, Ms, Ms, Ms^Xm, Ms^Xm, Ms^Xm, Ms^Xm, Ms^Xm, Xu, Xu, Xu, Xu, Xu, Xu, Xu, Xu, Xu, Urb^Br|, Urb^Br\, Urb, Urb^Vud, Urb, Cud^Br/, Cud^Br/, Qxu, Cud, Qxu, Qxu, Qxu, Uu^Vud, Ur, Ur, Uu, Uu^Br\, Uu^Br|, Uu, Uh, Qxu, Xu, Xu, Xu, Xu, Xu, Xu
Gll^Fp, Gll, Gll^Fp, Gll^Fp, Gll^Fp, Hhd^Fp, Gll^Fp, Gll, Gll^Fms, Gll, Re, Gs, Gs^Fms, Gs^Fms, Gs, Gs^Fms, Hh, Gs^Fms, Gs^Fms, Gs^Fms, Gs^Fms, Gs^Fds, Gs^Fds, Gs^Fds, Gs, Gg, Gs^Fds, Gs^Fds, Gs^Fds, Re, Re, Gs, Gs, Gs, Ww, Ww, Gs^Eff, Gs^Fds, Hh^Fds, Gs^Fds, Gs^Fds, Gs^Fds, Gs^Fds, Rr, Rr, Rr, Rr, Gs, Gs^Fds, Gs^Fds, Gs^Fds, Gs^Fds, Ww, Gs^Vl, Ww, Gs^Fms, Gs^Fms, Ha, Ha^Fma, Ha, Ha, Ha, Ms, Ms, Ms, Ms, Ms, Ms, Rr, Ms, Ms, Ms, Ha, Ai, Ai, Ha, Ms, Ms, Ms, Ms, Ms, Ms, Ms, Ms^Xm, Ms^Xm, Xu, Xu, Xu, Xu, Xu, Xu, Xu, Xu, Xu, Xu, Cud, Urb, Urb^Br\, Urb^Br/, Urb^Br/, Qxu, Qxu, Qxu, Qxu, Qxu, Qxu, Qxu^Bcx/, Qxu^Bcx/, Qxu, Qxu, Uh, Uu^Uf, Uu^Br|, Uu, Uh, Qxu, Qxu, Xu, Xu, Xu, Xu, Xu
Gll^Fp, Gll^Fp, Gll^Fp, Gll^Fp, Gll^Fms, Gll^Fp, Gll^Fms, Gll^Fms, Re, Re, Gs, Re, Re, Gs, Gs, Gs^Fms, Gs^Fms, Hh^Fms, Gg^Fms, Gs^Fms, Gs^Fds, Gs^Fds, Gg^Fds, Hh^Fds, Gs^Fds, Gs, Gs^Fds, Gs^Fds, Gs, Gs^Fds, Re, Gs^Fds, Ww, Ww, Gs^Eff, Gs^Eff, Re^Gvs, Gs^Eff, Gs^Eff, Hh^Fds, Gs^Fds, Gs^Fds, Gs^Fds, Gs^Fds, Hh^Fds, Rr, Rr, Gs^Fds, Gs, Gs^Fds, Gs, Hh, Ww, Ww, Ww, Gs^Fms, Gs^Fms, Gs^Fms, Hh, Hh, Ha, Ha, Ms, Ms, Ms, Ms, Rr, Rr, Ms, Ms, Ms, Ha, Ai, Ai, Ai, Ms, Ms, Ms, Ms, Ms, Ms, Ms, Ms^Xm, Ms^Xm, Ms^Xm, Xu, Xu, Xu, Xu, Xu, Xu, Xu, Xu, Xu, Xu, Xu, Urb, Urb, Urb^Br|, Urb, Qxu, Qxu, Cud, Kud^Vov, Cud, Qxu^Bcx/, Qxu, Qxu, Qxu, Qxu, Xuc, Uu^Uf, Uu^Br|, Uu, Uu, Uh, Xu, Xu, Xu, Xu, Xu, Xu
Gll^Fp, Gll^Fp, Gs^Fms, Gll^Fms, Gs^Fms, Gs, Re, Re, Gs^Fms, Gs^Fms, Gs^Fms, Gs^Fms, Gs^Fms, Re, Re, Gs, Gs, Gg^Fms, Gs^Fms, Gs^Fms, Gg^Fds, Gs^Fds, Ww, Gs^Fds, Ww, Ww, Ww, Gs^Fds, Hh, Gs^Fds, Re, Gs^Fds, Ww, Gs^Fds, Re^Gvs, Re^Gvs, Re^Gvs, Re^Gvs, Gs^Eff, Gs^Eff, Gs, Gs, Gs, Gs^Vl, Rr, Rr, Rr, Gs, Gs^Fds, Gs^Fds, Gs^Fds, Hh^Fds, Gs^Fds, Ww, Ww, Ww, Gs^Fms, Gs^Fms, Hh, Hh, Ha, Ha, Ms, Ms, Ms, Ms, Rr, Ms, Ms, Ms, Ha^Vhha, Ha, Ai, Ai, Ai, Ms, Ms, Ms, Ms, Ms, Ms, Ms, Ms^Xm, Ms^Xm, Ms^Xm, Xu, Xu, Xu, Xu, Xu, Xu, Xu, Xu, Xu, Xu, Xu, Xu, Urb^Br/, Urb, Urb, Qxu, Qxu, Cud, Cud, Qxu, Qxu, Qxu, Qxu, Cud, Cud, Xuc, Uu, Uu^Br|, Uu^Vud, Uu, Xu, Xu, Xu, Xu, Xu, Xu, Xu
Gs, Gs, Gs^Fms, Gs^Fms, Gs^Fms, Gs, Re, Gs^Fms, Gs, Gs^Fms, Hh^Fms, Gs^Fms, Hh^Fms, Gs, Re, Gs, Gs^Fms, Gs^Fms, Gg^Fms, Gg, Ww, Ww, Gs^Fds, Ww, Gs^Fds, Gs^Fds, Gs, Ww, Ww, Wwf, Wwf, Wwf, Gs^Fds, Gs^Fds, Gs^Vl, Re^Gvs, Re^Gvs, Re^Gvs, Gs^Eff, Gs^Eff, Gs^Fds, Gs^Fds, Gs^Fds, Ket, Rr, Rr, Rr, Gs^Fds, Gs^Fds, Gs, Gs, Gs^Fds, Gs, Ww, Ww, Gs^Fms, Gs^Fms, Gs^Fms, Hh, Hh, Ha, Ha, Ms, Ms, Ms, Ms, Ms, Rr, Rr, Ha, Ms, Ha^Fpa, Ai, Ai, Ww, Ms, Ms, Ms, Ms, Ms, Ms^Xm, Ms^Xm, Ms^Xm, Ms^Xm, Ms^Xm, Xu, Xu, Xu, Xu, Xu, Xu, Xu, Xu, Xu, Xu, Xu, Xu, Urb^Br|, Urb, Cud, Qxu, Qxu, Qxu, Qxu, Xuc, Xuc, Xuc, Cud, Xuc, Xuc, Cud, Uu, Ur^Br|, Ur, Xu, Xu, Xu, Xu, Xu, Xu, Xu, Xu
Ww, Gs^Fms, Gs^Fms, Gs^Fms, Gs^Fms, Gs^Fms, Re, Gs, Gs^Fds, Hh^Fms, Gg, Hh^Fms, Gs, Gs, Re, Gs, Gs^Fms, Hh^Fms, Gs, Gg, Ww, Gs^Fds, Gs^Fds, Gg^Fds, Gs, Gs, Hh, Gs, Gs^Fds, Gs^Fds, Hh^Fds, Re, Gs^Fds, Gs^Fds, Gs^Fds, Re, Gs, Gs^Eff, Gs^Fds, Gs, Gs, Gs^Fds, Gs^Fds, Gs^Fds, Rr, Rr, Rr, Gs^Vl, Gs^Fds, Gs^Fds, Gs^Fms, Gs^Fds, Gs^Fms, Gs^Fms, Gs^Fms, Gs, Gs^Fms, Mm, Mm, Hh, Ha, Ms, Ms, Ms, Koa, Ms, Ms, Ms, Rr, Ha, Ha^Fpa, Ha, Ai, Ww, Ai, Ms, Ms, Ms, Ms, Ms, Ms^Xm, Ms^Xm, Ms^Xm, Xu, Xu, Xu, Xu, Xu, Xu, Xu, Xu, Xu, Xu, Xu, Xu, Xu, Qxu, Urb^Br|, Qxu, Qxu, Qxu, Qxu, Xuc, Xuc, Ur, Wwg, Wwg, Xuc, Uu^Uf, Uu, Ur, Ur, Ur^Br|, Ur, Xu, Xu, Xu, Xu, Xu, Xu, Xu, Xu
Gs^Fms, Ww, Ww, Gs, Gs, Gs^Vh, Re, Gs, Gs^Fds, Gg^Fms, Gg^Fms, Hh^Fms, Gs, Gs, Re, Gs^Vh, Gs, Gs^Fms, Ww, Ww, Gs^Fds, Gs^Fds, Gs^Fds, Gg^Fds, Gs^Fds, Gs^Fds, Gs^Fds, Gs, Gs^Vh, Hh^Fds, Ket, Re, Gs^Fds, Gs^Fds, Re, Re, Gs^Fds, Gs^Fds, Gs^Fds, Gs^Fds, Gs, Gs, Gs^Fds, Gs^Fds, Rr, Rr, Gs^Fds, Gs^Fds, Gs^Fds, Gs^Fds, Gs^Fds, Gs, Gs^Fds, Gs^Fms, Gs^Fms, Gs^Fms, Mm, Mm, Mm, Hh, Ha, Ms, Ms, Ms, Ha, Ms, Rr, Rr, Ha^Fpa, Ha^Fpa, Ha, Ai, Ai, Ww, Ms, Ms, Ms^Vhha, Ms, Ms, Ms^Xm, Ms^Xm, Ms^Xm, Ms^Xm, Xu, Xu, Xu, Xu, Xu, Xu, Xu, Xu, Xu, Qxu, Qxu, Qxu, Qxu, Uh, Urb^Br|, Urb, Cud, Qxu, Qxu, Xuc, Ur, Wwg, Wwg, Wwg, Ur, Uu, Ur, Ur^Br/, Ur^Br/, Wwf, Xu, Xu, Xu, Xu, Xu, Xu, Xu, Xu, Xu
Gg^Fms, Gs^Fms, Ww, Gs, Ket, Gs, Re, Gs, Gs^Fms, Gs^Fms, Gs^Fms, Gs^Fms, Gs^Fms, Gs, Gs^Fds, Re, Re, Wwf, Ket, Gg, Gs^Fds, Hh^Fds, Gs, Gs^Fds, Gs, Gs, Gs, Gs, Re, Hh, Re, Re, Re, Re, Gs^Vl, Re, Re, Gs, Gs, Gs^Fds, Re, Re, Re, Gs^Vl, Rr, Rr, Rr, Gs^Fds, Re, Gs, Re, Re, Re, Re, Re, Mm, Re, Mm, Mm, Mm, Mm, Ha, Ha, Ha, Hh^Fp, Ha^Fpa, Rr, Ha^Fpa, Ha^Fpa, Ha^Fpa, Ai, Ai, Ww, Ww, Ms, Ms, Ms, Ms, Ms, Ms^Xm, Ms^Xm, Ms^Xm, Ms^Xm, Ms^Xm, Xu, Xu, Xu, Xu, Xu, Xu, Xu, Qxu, Uh, Uu^Uf, Uu^Uf, Uu, Uu^Br/, Ur^Br|, Uu, Qxu^Bs\, Urb, Uu^Emf, Uu^Emf, Wwg, Wwg, Wwg, Wwg, Wwg, Ur^Vud, Ur^Br/, Ur, Wwf, Wwg, Xu, Xu, Xu, Xu, Xu, Xu, Xu, Xu, Xu
Gg^Fms, Gs^Fms, Gs^Fms, Wwf, Wwf, Re, Gs, Gg, Gg, Gs^Fms, Gs, Hh^Fms, Gg^Fms, Gs, Gs^Fds, Gs^Fds, Wwf, Wwf, Re, Gs, Gs^Fds, Gs, Gs^Fds, Gs^Fds, Gs, Gs, Re, Re, Gs, Re, Gs, Gs, Gs^Wm, Gs, Gs, Re, Gs, Re, Re, Re, Re, Gs^Fds, Gs^Fds, Re, Rr, Rr, Rp, Rp, Ket, Re, Hh^Fp, Hh^Fp, Hh^Fp, Hh, Hh, Re, Hh^Fp, Re, Re, Mm, Mm, Hh, Mm, Hh, Hh, Hh^Fp, Hh^Fp, Re, Ha, Ha, Ai, Ww, Ai, Ms, Ms, Ms, Ms, Ms, Ms, Ms^Xm, Ms^Xm, Ms^Xm, Xu, Xu, Xu, Xu, Xu, Xu, Xu, Xu, Uh, Qxu, Ur^Br/, Ur^Br\, Ur^Br/, Ur^Br/, Uu^Vud, Ur, Uu^Uf, Qxu, Cud, Uu^Emf, Uu^Emf, Wwg, Uu^Emf, Wwg, Wwg, Wwg, Ur, Uu^Br|, Uu, Wwf, Xu, Xu, Xu, Xu, Xu, Xu, Xu, Xu, Xu, Xu
Gg^Fms, Gg^Fms, Gs^Fms, Rb, Gs, Wwf, Gs, Gg^Fms, Gs^Fms, Gs^Fms, Hh^Fms, Hh^Fms, Gg, Gs, Gs^Fds, Gs, Ww, Gs, Re, Gs, Gs^Fds, Gs, Gs, Gs^Fds, Gs^Fds, Gs^Fds, Re, Gs^Vl, Re^Gvs, Re^Gvs, Re^Gvs, Gg, Gg, Gs, Re^Gvs, Re^Gvs, Re^Gvs, Gg, Gs, Gs^Fds, Hh^Fds, Re, Gs^Fds, Gs^Fds, Gs, Rr, Rp, Rp, Hh^Fp, Re, Hh^Fp, Hh^Fp, Hh^Fp, Hh, Hh^Fp, Hh, Hh, Re, Re, Mm, Mm, Mm, Mm, Mm, Mm, Hh^Fp, Re, Re, Hh^Fp, Ai, Ww, Ww, Ai, Ai, Ha, Ms, Ms, Ms, Xu, Xu, Xu, Xu, Xu, Xu, Xu, Xu, Xu, Xu, Xu, Xu, Ur^Br/, Ur^Br/, Ur, Uh, Uh, Uh, Xu, Xu, Xu, Qxu, Urb, Uh, Uu^Emf, Uu^Emf, Uu^Emf, Ur, Ur, Ur, Ur^Br/, Ur^Br|, Uu, Ur, Ur, Xu, Xu, Xu, Xu, Xu, Xu, Xu, Xu, Xu
Gs^Fms, Gs^Fms, Rb, Rb, Gs^Fms, Ww, Gs, Gs^Fds, Gs^Fds, Gs, Gs^Fds, Gs, Gs^Fds, Gs^Fds, Gs, Ww, Gg, Gs^Fds, Re, Gg, Gs, Gs^Fds, Gs^Fds, Hh^Fds, Gs^Fds, Gs^Fds, Re, Gs^Fds, Re^Gvs, Re^Gvs, Re^Gvs, Gg, Gg, Re^Gvs, Re^Gvs, Re^Gvs, Re^Gvs, Re^Gvs, Gs, Gs^Fds, Re, Re, Gs^Fds, Gs^Fds, Gs, Rp, Rp, Rp, Hh^Fp, Hh^Fp, Hh^Fp, Hh^Fp, Hh^Fp, Hh, Hh, Hh, Mm, Mm, Mm, Re, Re, Mm^Vhh, Re, Mm, Mm, Re, Hh, Hh^Fp, Hh, Ww, Ww, Ww, Ha, Ha, Re, Ha, Re, Xu, Ur, Uu, Uu, Uu, Uu, Uu^Uf, Uu^Vu, Xu, Uh, Xu, Xu, Xu, Ur^Br|, Uu^Uf, Uu^Uf, Xu, Xu, Xu, Xu, Xu, Xu, Qxu, Urb, Uu^Vud, Uu, Uu^Emf, Uu, Ur, Ur^Br/, Ur^Br/, Ur, Ur^Br\, Ur^Br\, Ur, Uu, Cud^Vud, Uu, Xu, Xu, Xu, Xu, Xu, Xu, Xu
Gs^Fms, Gs^Fms, Rb, Gs, Gs^Fms, Ww, Ww, Gs, Gs, Gs^Fds, Gs^Fds, Gs^Fds, Gs, Gs^Fds, Gs, Ww, Gs^Fds, Gs^Fds, Gg, Re, Re, Gs^Fds, Gs, Gs, Gs^Fds, Gs, Re, Gs, Re^Gvs, Re^Gvs, Re^Gvs, Re^Gvs, Gs, Gs, Gg, Gg, Gg, Gg, Re, Re, Gs, Gs^Fds, Gs^Fds, Gs, Rp, Rp, Rp, Hh^Fp, Hh^Fp, Hh^Fp, Hh^Fp, Hh^Fp, Hh^Fp, Mm, Mm, Hh, Hh, Mm, Mm, Mm, Mm, Re, Hh, Re, Re, Re, Rb, Hh, Wo, Ww, Wo, Chw, Rb, Re, Mm, Re, Ha, Re, Ur, Ur, Ur, Ur, Ur, Uu, Ur, Uu, Ur, Uh, Ur, Cud, Cud, Uu^Uf, Uu^Uf, Xu, Ur, Xu, Uu, Xu, Uu^Uf, Qxu, Qxu, Cud, Ur, Ur, Ur^Br/, Ur^Br/, Ur, Uu, Uh, Uh, Ur, Ur^Br\, Uu^Br\, Uu, Uh, Xu, Xu, Xu, Xu, Xu, Xu, Xu
Gs^Fms, Gs^Fms, Rb, Gs^Fms, Gs^Fms, Gs, Gg^Fms, Ww, Ww, Gs, Gs^Fds, Gs^Fds, Gs^Fds, Gs, Ww, Ww, Gs^Fds, Gs^Fds, Gs^Fds, Gs, Gs^Fds, Re, Re, Gs^Fds, Gs^Fds, Gs^Fds, Re, Gs, Gs^Fds, Re^Gvs, Gs^Fds, Gg, Gs, Gg, Re^Gvs, Re^Gvs, Gg, Gg, Re, Gs^Fds, Gs^Fds, Gs^Fds, Rp, Rp, Rp, Rp, Hh^Fms, Hh^Fp, Hh^Fp, Hh^Fp, Hh^Fp, Hh^Fp, Hh^Fp, Hh, Mm, Mm, Mm, Hh, Hh, Mm, Mm, Mm, Mm, Hh, Hh^Fp, Hh, Ket, Rb, Wo^Bw\r, Ww, Wo, Rb, Hh^Fp, Mm, Mm, Mm, Mm, Xu, Xu, Uh, Uu, Uh, Uu, Ur, Uu, Ur, Ur, Ur, Uu, Ur, Ur, Ur, Ur, Ur, Uh, Ur, Ur, Uu^Vu, Ur, Uh, Ur, Qxu^Bs/, Qxu, Cud, Ur, Ur, Uu, Ur, Uh, Xu, Xu, Uu, Xu, Uu^Br\, Uu^Br|, Xu, Xu, Xu, Xu, Xu, Xu, Xu
Gs^Fms, Gs^Fms, Gs^Fds, Rb, Rb, Gs^Fms, Gg^Fms, Gg, Gs^Fms, Ww, Gs, Gs^Fds, Gs, Ww, Gg, Gs^Fds, Gg, Hh^Fds, Gs^Fds, Gs, Gs^Fds, Gs^Fds, Gs, Re, Re, Re, Hh^Fds, Ket, Gs, Gs, Gs, Gg, Re^Gvs, Re^Gvs, Re^Gvs, Re^Gvs, Re^Gvs, Gs^Vl, Gs^Fds, Re, Gs^Fds, Gs^Fds, Rp, Rp, Hh^Fms, Rp, Hh^Fms, Hh^Fp, Hh^Fp, Hh^Fp, Hh^Fp, Hh^Fp, Hh^Fp, Mm, Hh, Mm, Mm, Mm, Mm, Mm, Mm, Mm, Mm, Mm, Hh^Fp, Hh, Ww, Wo, Ww, Ww^Bw\r, Ww^Bw\r, Rb, Hh, Hh^Fp, Mm, Mm, Mm, Mm^Xm, Xu, Xu, Xu, Xu, Xu, Uh, Uh, Uh, Uu^Uf, Uu^Uf, Xu, Xu, Xu, Uu^Uf, Xu, Xu, Xu, Xu, Uh, Ur, Uu, Ur, Uh, Uh^Uf, Qxu, Qxu, Uh, Uh^Vud, Uh, Xu, Xu, Xu, Xu, Xu, Uu, Uu, Uu^Br|, Uu, Wwg, Xu, Xu, Xu, Xu, Xu
Gg, Gs^Fms, Gs^Fds, Gs^Fds, Gg^Fds, Rb, Gs^Fms, Gg^Fms, Hh^Fds, Ww, Ww, Gs, Gs^Fds, Ww, Gs^Fds, Gs^Fds, Gs^Fds, Gs^Fds, Hh, Gs, Gs^Fds, Gs, Gs^Fds, Gs^Fds, Re, Gs^Fds, Hh^Fds, Gs^Fds, Gs^Fds, Gs^Fds, Gs^Fds, Gs^Fds, Gs^Fds, Re^Gvs, Gs, Re^Gvs, Gs^Fds, Gs, Gs^Fds, Re, Rp, Rp, Rp, Rp, Hh^Fms, Hh^Fms, Hh^Fms, Hh^Fp, Hh^Fp, Hh^Fp, Hh^Fp, Hh^Fp, Hh^Fp, Mm, Hh, Mm, Mm, Mm, Hh^Vhh, Hh, Mm, Hh, Mm, Mm, Hh, Hh^Fp, Ww, Wo, Ww, Ww, Rb, Rb, Mm, Mm, Mm, Mm, Mm, Mm^Xm, Xu, Xu, Xu, Xu, Xu, Xu, Xu, Xu, Xu, Xu, Xu, Xu, Xu, Xu, Xu, Xu, Xu, Xu, Xu, Uh, Ur, Ur, Uh, Qxu, Qxu, Qxu, Qxu, Uh, Qxu, Xu, Xu, Xu, Xu, Qxu, Ur, Uh, Ur, Uu^Br\, Uu^Br\, Wwg, Uu, Uh^Uf, Wwf, Xu
Gs^Fds, Gs^Fds, Gs^Fds, Hh^Fds, Gs^Fds, Rb, Gs^Vh, Hh^Fds, Gg^Fds, Gs, Gs^Fds, Ww, Ww, Ww, Gg, Gg^Fds, Hh^Fds, Gs^Fds, Gs^Fds, Gs^Fds, Gs^Fds, Hh^Fds, Gs, Gs, Re, Gs^Fds, Gs^Fds, Hh^Fds, Gs^Fds, Gs^Fds, Gs^Fds, Gs, Gs^Fds, Gs, Gs, Gs, Gs, Gs, Ket, Rp, Rp, Rp, 4 Gg, Gs^Fds, 5 Gg, Hh^Fds, Hh^Fds, Hh^Fp, Hh^Fms, Hh^Fp, Ce^Vct, Hh^Fp, Ce, Hh^Fp, Re, Kh, Re, Re, Hh, Mm, Mm, Mm, Mm, Mm, Hh, Wo, Wo, Ww, Ww^Bw/r, Chw, Rb, Mm, Mm, Mm, Mm, Mm, Mm^Xm, Mm^Xm, Xu, Xu, Xu, 1 Kud, Xu, Xu, Xu, Xu, Xu, Xu, Xu, Xu, Xu, Xu, Uu^Uf, Xu, Xu, Xu, Xu, Xu, Uh, Ur, Cud, Uh, Qxu, Qxu, Uh, Qxu, Qxu, Qxu, Qxu, Qxu, Qxu, Qxu, Uh, Uh, Qxu, Uh, Uu, Uu^Br\, Uu^Br/, Uu^Br\, Uu^Br\, Uu
Gg, Gs^Fds, Gs^Fds, Gs^Fds, Gg, Rb, Gs, Hh^Fds, Gg^Fds, Gg^Fds, Gs^Fds, Ww, Ww, Ww, Hh, Gs^Fds, Hh^Fds, Gs, Gs, Gg, Gs^Fds, Gg^Fds, Gs^Fms, Gs^Fds, Re, Gs^Fds, Gs^Fds, Gs^Fds, Gs^Fds, Gs^Fms, Gs^Fds, Gs^Fds, Gs^Fds, Gs^Fds, Gs^Fds, Gs^Fds, Gs^Fds, Gs^Fds, Gs^Fds, Rp, 2 Rp, 3 Rp, Rp, Gg, Gs^Fds, Hh^Fds, Hh^Fds, Hh^Fds, Ce, Ce, Ww, Ce, Ket, Ce^Vl, Re, Ch, Ch, Mm, Mm, Mm, Mm, Mm, Mm, Mm, Hh, Ww, Ww, Ww, Hh^Fp, Hh^Fp, Hh, Rb, Wwf, Hh^Fp, Wwf, Mm^Xm, Xu, Mm^Xm, Xu, Xu, Xu, Xu, Uu^Vud, Uu, Uu, Uu, Uu, Xu, Xu, Uu^Uf, Uu^Vud, Uu^Uf, Uu, Uu, Uu, Uu^Uf, Uu, Uu^Vu, Ur, Uu^Uf, Ur, Uh, Qxu, Qxu, Uh, Qxu, Uue, Uue, Uue^Uf, Uue, Uue, Qxu, Ur, Ur, Qxu, Uh, Uu^Br|, Uu^Br/, Uu, Uu, Uu, Uu^Br\
Gg^Fds, Gs^Fds, Gs, Gs^Fds, Gg^Fds, Rb, Rb, Gs^Fds, Gs^Fds, Gs^Fds, Gs^Fds, Gs, Ww, Ww, Ch, Hh, Gs^Fds, Gs^Fds, Gg, Gg, Re, Re, Re, Re, Gs^Fms, Gs^Fms, Gs^Fms, Gs^Fms, Gs^Fms, Gs^Fms, Gs^Fms, Gs^Fds, Gs^Fds, Gs^Fds, Gs^Fds, Gs^Fds, Gs^Fds, Gs^Fds, Gs^Fds, Gs^Fds, Rp, Rp, Rp, Rp, Ce, Ket, Ce, Ce, Ket, Ce, Ww, Ww, Ww, Ce, Re, Mm, Mm, Mm, Mm, Mm, Mm, Mm, Mm, Mm, Mm, Ww, Ww, Wo, Wo, Wwr, Wwf, Wwf, Re, Wwf, Mm, Mm^Xm, Xu, Xu, Wwg, Wwg, Uu, Uu, Urb, Urb, Urb, Uu^Vud, Urb, Xu, Xu, Uu^Uf, Uu^Uf, Cud, Cud, Cud, Rb, Rb, Rb, Ur, Xu, Ur, Uu^Vu, Ur, Qxu^Bs\, Uh, Uh, Qxu, Re, Re, Re, Re, Uue, Qxu, Qxu, Qxu, Uu^Uf, Uu, Uu^Br/, Uu, Uh, Uh, Xu, Uu
Gg, Gg^Fds, Hh^Fds, Gg^Fds, Hh^Fds, Gg, Gs, Rb, Gs, Gs^Fds, Gs, Ww, Ch, Ch, Kh, Gs^Fds, Gg, Gg, Gg, Re, Gg^Fms, Gg^Fms, Gs, Re, Hh^Fms, Hh, Hh^Fms, Hh, Hh, Hh^Fms, Hh, Hh^Fms, Hh, Hh^Fds, Hh, Hh^Fds, Hh^Fds, Hh^Fds, Hh^Fds, Gs^Fds, Gs^Fds, Rp, Rp, Rp, Ce^Vct, Ce, Iwr, Iwr, Iwr, Ce, Ce^Vct, Ww, Ww, Ww^Bw|, Ww^Vhs, Mm, Mm, Mm, Mm, Mm, Mm, Mm, Hh, Hh^Vhh, Wo, Wo, Wo, Wo, Ww, Ww, Hh, Hh^Fp, Re, Mm, Mm^Xm, Mm^Xm, Xu, Uh, Uu, Wwg, Urb, Uu, Urb, Urb, Urb, Urb, Urb, Urb, Cud, Uu, Uu, Uu, Cud, Cud, Cud, Xu, Xu, Xu, Xu, Xu, Uue, Uh, Qxu, Uh, Uh, Uh^Uf, Wwg, Uue^Uf, Qxu, Uue^Uf, Qxu, Qxu, Qxu, Uu, Uu^Uf, Uu^Br/, Uu, Uu^Vu, Uh, Qxu, Xu, Xu
Gg, Gs^Fds, Gg, Hh^Fds, Gg, Gs, Gg, Rb, Rb, Gs, Ket, Ww, Gg, Gs^Vhc, Gg, Rb, Gg, Gg, Re, Re, Gg^Fms, Gs, Hh, Re, Re, Hh, Hh, Hh, Hh, Hh, Hh, Hh, Hh, Hh, Hh, Hh, Hh, Hh^Fds, Hh^Fds, Gs^Fds, Gs^Fds, Gs^Fds, Gs^Fds, Rp, Ce, Iwr, Iwr, Iwr, Iwr, Ce, Ce, Ce, Ww, Ww, Ww, Mm, Hh, Mm, Hh, Hh, Hh, Hh, Ww, Wwr, Wo, Ww, Wo, Wo, Ww, Hh, Hh^Vhh, Re, Hh^Fp, Mm, Mm^Xm, Xu, Uh, Uh, Uh, Uu^Vud, Urb, Urb, Urb, Urb, Urb, Cud, Cud, Cud, Uu, Uu, Rb, Rb, Rb, Rb, Rb, Uue^Uf, Uue^Uf, Uue^Uf, Wwf, Uue^Uf, Qxu, Uh, Qxu, Uh, Ur^Vu, Ur, Wwg, Qxu, Qxu, Qxu, Qxu, Qxu, Uu, Uu, Uu^Br/, Ur^Br|, Uh, Qxu, Qxu, Qxu, Xu, Xu
Gg, Gs, Gg, Gg, Rb^Gvs, Rb^Gvs, Gg, Gg^Vh, Rb, Rb, Rb, Wwf, Rb, Gg, Rb, Rb, Rb, Rb, Gg^Vl, Gg, Gll^Fp, Gs, Mm, Mm, Mm, Re, Mm, Mm, Mm, Mm, Mm, Mm, Mm, Mm, Mm, Mm, Mm, Mm, Mm, Hh^Fds, Hh^Fds, Gs^Fds, Gs^Fds, Ket, Ce, Ce, Iwr, Iwr, Iwr, Iwr, Ce, Wwf, Wwf, Ww, Ww, Ww, Ww, Wo, Ww, Wo, Ww, Ww, Wo, Wo, Ww, Ww, Ww, Ww, Gll^Fp, Hh, Hh, Re, Gs^Fp, Mm, Mm^Xm, Xu, Xu, Xu, Uh, Uh, Uh, Uh, Wwg, Xu, Xu, Cud, Rb, Rb, Rb, Rb, Uh, Uu, Uh, Rb, Rb, Uue^Uf, Uue, Uue^Uf, Wwf, Uue, Uue, Qxu, Qxu, Uh^Uf, Ur^Uf, Ur, Uh, Wwg, Uh^Uf, Qxu, Uu^Uf, Qxu, Uu^Br/, Uu^Br/, Ur, Ur^Br|, Uu, Uh, Qxu, Xu, Xu, Xu
Gg, Gg, Rb^Gvs, Rb^Gvs, Rb^Gvs, Rb^Gvs, Gg, Rb, Gg, Gg, Wwf, Wwf, Gg, Rb, Gg, Gg, Gg, Gg, Rb^Gvs, Gg, Gll^Fp, Gll^Fp, Mm, Mm, Mm, Re, Re, Mm, Mm, Mm, Mm, Mm, Mm, Mm, Mm, Mm, Mm, Mm, Mm, Mm, Hh^Fds, Gs^Fds, Gs^Fds, Ce^Vl, Ce, Ce, Ket, Iwr, Ce, Ce^Vct, Wwf, Ket, Wwf, Ww, Wwf, Ww, Wo, Wo, Ww, Wo, Ww, Wo, Wo, Ww, Ww, Wo, Chw, Ww, Gll^Fp, Hh^Fp, Gs, Re, Gd, Mm, Mm, Mm^Xm, Mm^Xm, Xu, Xu, Xu, Xu, Wwg, Xu, Xu, Xu, Rb, Rb, Uu, Xu, Rb^Vud, Xu, Xu, Uh, Uh, Uu, Rb, Rb, Xu, Xu, Uue^Uf, Uue^Uf, Uh, Qxu, Qxu, Uu^Uf, Uh, Ur, Uh, Uh, Uh^Uf, Wwf, Uu^Br/, Uu^Uf, Ur, Uu, Uu^Br|, Uu, Uh, Qxu, Xu, Xu, Xu
Ww, Gg, Rb^Gvs, Rb^Gvs, Rb^Gvs, Rb^Gvs, Gg, Rb, Gg^Fds, Gg^Fds, Ww, Gg, Gg, Rb, Gg, Gg, Rb^Gvs, Rb^Gvs, Rb^Gvs, Gg, Hh^Fp, Hh^Fp, Hh, Mm, Hh, Hh, Hh, Re, Re, Mm, Mm, Mm, Mm, Mm, Mm, Mm, Mm, Mm, Mm, Mm, Mm, Hh^Fds, Gs^Fds, Ce, Ket, Ww, Ww, Ce^Vct, Ww, Ww, Wwf, Wwf, Wwf, Wwf, Ce, Ce^Vct, Ww, Ww, Wo, Wo, Gll, Ww, Gg^Vh, Ww, Gs, Ww, Gs, Ww, Ww, Gll, Wwf, Gg, Ce, Gd, Mm, Mm, Md^Xm, Xu, Md^Xm, Xu, Md^Xm, Xu, Xu, Xu, Xu, Uu, Rb, Uh, Xu, Xu, Xu, Xu, Xu, Uu^Uf, Uu^Uf, Uu, Rb, Uu^Vud, Qxu, Qxu, Qxu, Qxu, Uu^Uf, Uu^Uf, Wwf, Ur, Uu, Uu, Ur, Uh^Uf, Wwf, Uu^Br|, Qxu, Ur, Qxu, Uh^Br\, Uu^Br\, Uu, Qxu, Xu, Xu, Xu
Ww, Gg, Gg, Rb^Gvs, Gg, Gg, Gg^Fds, Rb, Gg^Fds, Gg^Fds, Ww, Hh^Fds, Gg^Fds, Rb, Gg, Rb^Gvs, Rb^Gvs, Rb^Gvs, Rb^Gvs, Gg, Hh, Hh, Hh^Fp, Hh, Hh^Fp, Hh, Hh, Hh, Re, Mm, Mm^Vhhr, Mm, Mm, Mm, Mm, Mm, Mm, Mm, Mm, Mm, Mm, Hh^Fds, Hh^Fds, Gs^Fds, Ww, Ww, Wwf, Wwf, Ww, Ww, Wo, Ww, Wo, Ce, Hh^Fet, Ce, Ww, Ww, Gg, Gg, Gs, Gg, Gg, Gs, Gg, Gs, Gs^Fds, Gll, Gg, Wwf, Gg^Vhr, Wwf, Ww, Gll, Gd, Mm, Md, Md^Xm, Md, Md^Xm, Md, Md^Xm, Md^Xm, Xu, Xu, Uu^Vu, Uh, Rb, Uh, Xu, Xu, Xu, Xu, Wwg, Uh, Uu, Urb, Urb, Qxu, Xu, Xu, Qxu, Xu, Wwg, Uh, Ur, Uu, Ur, Uu^Vu, Uu^Uf, Uu^Br/, Uu^Br/, Qxu, Qxu, Qxu, Qxu, Uu, Ur^Br\, Uh, Qxu, Xu, Xu
Gg^Fds, Ww, Ww, Gg, Gs^Fds, Gs^Fds, Gg, Rb, Gg, Gg^Fds, Ww, Hh^Fds, Gg^Fds, Rb, Gg, Rb^Gvs, Rb^Gvs, Rb^Gvs, Gg, Gg, Hh, Hh^Fp, Wwr, Wwr, Wo, Ww, Ww, Chr, Ch, Re, Chr, Mm, Mm, Mm, Mm, Mm, Mm, Mm, Mm, Mm, Mm, Mm, Wo, Wo, Ww, Ww, Ww, Wwf, Ww, Ww, Wo, Wo, Wo, Ce, Ce, Ket, Wwf, Wwf, Ket, Gs, Gll^Es, Gg, Gll, Gll, Gs^Fds, Gs^Fds, Gg, Gg, Gs^Fds, Gs^Fds, Gs^Fds, Gd, Ss, Gd, Ss, Mm, Ss, Md, Ss, Md, Md, Md, Md, Md^Xm, Md^Xm, Xu, Xu, Rb, Rb, Uh, Wwg, Xu, Xu, Xu, Uu, Uu, Urb, Uh, Uh, Xu, Xu, Xu, Xu, Wwg, Wwg, Uh^Uf, Ur, Uu, Uu^Br/, Uh, Uh, Qxu, Xu, Xu, Xu, Uu, Ur, Ur^Br|, Uh, Qxu, Xu, Xu
Gg^Fds, Gs^Fds, Ww, Gs, Gs, Gs^Fds, Rb, Rb, Gg, Hh^Fds, Wwf, Hh^Fds, Hh^Fds, Rb, Gg, Gg, Ch, Gg, Ww, Gg, Ww, Ww, Ww, Wo, Ww, Wo, Ww, Chw, Ww, Re, Wwf, Chr, Ww, Wwr, Wwr, Hh, Ww, Hh, Ww, Wwr, Ww, Wo, Ww, Ww, Ww, Ww, Wwf, Wwf, Ww, Wo, Wo, Ww, Ww, Wo, Ww, Wwf, Wwf, Rr, Rr, Gg, Gs, Gll, Hh, Gg, Gg, Gs^Fds, Gg, Gs^Fds, Gs^Fds, Gs^Fds, Gs^Fds, Gd, Ss, Gd, Ss^Vhs, Ss, Ss, Ss, Sm, Sm, Sm, Md, Md, Md, Md^Xm, Md^Xm, Xu, Uu, Rb, Uu, Uh, Xu, Uh, Uh, Xu, Uu, Urb, Urb^Vud, Urb, Uh, Xu, Xu, Xu, Xu, Uh, Ur, Uu, Uu, Uu^Br|, Uh, Uh, Qxu, Xu, Xu, Xu, Uh, Ur, Uu^Br|, Uu, Qxu, Xu, Xu
Gs^Fds, Gg^Fds, Gg, Ww, Ww, Gs, Rb, Gg, Hh, Hh^Fds, Wwf, Hh, Hh^Fds, Rb, Rb, Gg^Vh, Chr, Ww, Ww, Ww, Ww, Ww, Wo, Wo, Ww, Wo, Wo, Ww, Wo, Wwf, Wwf, Ww, Ww, Ww, Ww, Ww, Wo, Ww, Wo, Wo, Wo, Wo, Ww, Ww, Ww, Ww, Rr, Wwf, Gg, Gs, Gg, Ww, Gg^Vh, Ww, Wwf, Wwf, Ket, Rr, Rr, Rp, Rr, Gs, Hh, Hh, Gg, Gs^Fds, Gs^Fds, Gs^Fds, Gg, Gll, Gs, Gd, Gd, Ss, Ss, Ss, Ss, Ss, Rb^Fdw, Sm, Sm, Md, Md, Mv, Md, Md^Xm, Md^Xm, Xu, Rb, Uu, Uu, Uu^Vo, Xu, Xu, Xu, Ur, Uu, Urb, Uh, Uu, Xu, Xu, Xu, Uh, Uh^Vu, Uh, Uu, Ur, Ur^Br|, Uh^Uf, Qxu, Qxu, Xu, Xu, Xu, Xu, Xu, Uh^Br|, Xu, Xu, Xu, Xu
Gg, Gs^Fds, Rb^Gvs, Gg, Ww, Ket, Rb, Gg, Hh, Wwf, Ss, Hh, Hh, Hh^Fds, Wwf, Chw, Ww, Ww, Ww, Ww, Wo, Wo, Ww, Wo, Mm, Ww, Ww, Wo, Wwf, Wwf, Ww, Wo, Wo, Ww, Ww, Wo, Ww, Wo, Ww, Ww, Ww, Wo, Ww, Ww, Ww, Ww, Rr, Ket, Gs, Gs, Gs, Gs, Gs, Gg, Gs, Gg, Gg, Gg, Gs, Rp, Rp, Rp, Rp, Gg, Gd, Gg, Gg, Gs^Fds, Gg, Gs^Fds, Hhd^Fds, Gll, Hhd^Fds, Ss, Ss, Chs, Ss, Sm, Rb^Fdw, Sm, Rb^Fdw, Sm, Sm, Md, Md, Md, Md^Xm, Xu, Uu, Co, Co, Rb, Uu^Vo, Xu, Xu, Ur, Uu, Uu^Uf, Uh, Xu, Uh, Xu, Xu, Xu, Xu, Wwg, Ur, Uu, Ur^Br|, Uh^Uf, Xu, Xu, Xu, Xu, Xu, Xu, Uh^Br/, Uh^Br|, Xu, Xu, Xu, Xu
Rb^Gvs, Rb^Gvs, Rb^Gvs, Gg, Gg^Vh, Wwf, Wwf, Gg, Ss, Ss^Vhs, Ss, Ss, Ww, Wwf, Ww, Wwf, Wwf, Ww, Ww, Wo, Ww, Wo, Wwr, Ww, Mm, Mm, Mm, Wwr, Wwr, Wwf, Wwr, Ww, Wo, Wo, Wo, Wo, Wwr, Ww, Hh^Fp, Hh^Fp, Hh^Fp, Ww, Hh^Vhh, Ww, Hh, Rr, Gs, Gs, Gg, Gs, Hh, Gll, Gll, Gll, Gs, Gg, Gs, Gg, Gg, Gs, Gll, Rp, Rr, Rp, Rp, Ce, Rp, Gg, Gs^Fds, Gs^Fds, Gll, Hhd^Fds, Hhd^Fds, Hhd^Fds, Ss, Chs, Chs, Ss, Rb^Fdw, Rb^Fdw, Sm, Sm^Vhs, Sm, Md, Co, Md, Md^Xm, Xu, Rb^Vo, Rb, Uu, Rb, Uh, Uh, Xu, Ur, Uu, Uu, Uh, Uh, Uu^Vu, Xu, Xu, Xu, Uh, Uh^Uf, Uh, Ur^Br/, Uh, Xu, Xu, Xu, Xu, Xu, Xu, Xu, Uh^Br|, Xu, Xu, Xu, Xu, Xu
Rb^Gvs, Rb^Gvs, Rb^Gvs, Rb^Gvs, Gg, Rb, Chr, Wwf, Ss, Ss, Ss, Ss, Ww, Ww, Ww, Ww, Ww, Wwf, Wwr, Wo, Hh^Fp, Wwr, Hh, Hh^Fp, Hh^Fp, Mm, Hh^Fp, Hh^Fp, Hh^Fp, Re, Cv, Hh^Fp, Hh^Fp, Hh^Fp, Hh^Fp, Hh^Fp, Hh^Fp, Hh^Fp, Hh^Fp, Hh^Fp, Hh^Fp, Hh, Hh, Hh, Hh, Rr, Gs^Fds, Gg, Gs^Fds, Gs, Gll, Gg, Gs, Gll, Gs, Gg, Gll, Gs, Gg, Hh, Gg^Vh, Gll, Gs, Rr^Es, Rr, Rr, Rr, Rp, Gll, Gg, Hh, Hhd^Fds, Gd, Ss, Ss, Ss, Ss, Sm, Ss, Rb^Fdw, Rb^Fdw, Rb^Fdw, Sm, Sm, Co, Co^Vo, Co, Xu, Rb, Rb, Uu, Rb, Rb, Rb^Vo, Ur, Ur, Ur, Ur, Rb, Uu^Br\, Ur^Br\, Uu^Br/, Ur^Br\, Uu, Ur^Br/, Uh, Ur, Ur, Wwg, Xu, Xu, Xu, Xu, Xu, Xu, Xu, Ur^Br|, Uu^Uf, Ur, Xu, Uu^Uf, Xu
Rb^Gvs, Rb^Gvs, Gg, Gg, Ce, Rb, Chw, Chs, Ss, Ss, Wo, Ww, Ww, Ww, Wo, Ww, Ww^Bw\, Wwf, Gs^Fds, Gs^Fds, Hh, Hh^Fp, Gll^Fp, Gll^Fp, Hh^Fp, Hh^Fp, Hh^Fp, Hh^Fp, Hh^Ve, Re, Re, Hh^Fp, Hh^Fp, Hh^Fp, Hh^Fms, Hh^Fp, Hh^Fp, Hh^Fp, Hh^Fp, Hh^Fp, Hh^Fp, Hh^Fp, Hh^Fp, Hh, Rr, Rr, Gs^Fds, Gs^Fds, Gll^Fds, Gs^Fds, Gg^Ve, Gs, Gs^Fds, Gs, Gs, Gs^Fds, Gll, Gg, Gs^Fds, Gs, Gg, Gg, Gs, Gd, Hh, Rp, Rr, Rp, Rp, Gg, Gg, Hh, Gg, Gd, Ss, Ss, Ss, Sm, Ss, Sm, Sm, Sm, Ko, Sm^Bw/r, Sm, Co, Rb, Rb, Rb, Rb, Xu, Rb, Uu, Uu, Uh, Ur, Uh, Ur, Xu, Xu, Xu, Ur, Uu, Ur^Br/, Uh, Ur, Uh, Xu, Xu, Xu, Xu, Xu, Xu, Xu, Xu, Ur, Cud, Ur^Uf, Ur, Uu^Uf, Ur^Uf, Uu^Uf
Gg, Gg, Gs^Fds, Hh^Fds, Ww, Wwf, Ww, Ww, Wo, Wo, Wo, Wo, Wo, Wo, Wo, Wo, Gs^Fds, Gg^Efm, Gg^Ve, Gs^Fds, Gll^Fp, Gll^Fp, Gll^Fms, Gll^Fp, Gll^Fp, Hh^Fp, Hh^Fp, Hh^Fms, Hh^Fms, Hh^Fms, Re, Hh^Fms, Gll^Fms, Hh^Fms, Hh^Fms, Hh^Fms, Gll^Fms, Hh^Fp, Hh^Fp, Hh^Fp, Hh^Fp, Hh^Fp, Gs^Fms, Rr, Rp, Gs^Fds, Gs^Fds, Hh^Fds, Gg^Fds, Gg, Gg^Fds, Gg, Hh^Fds, Gs, Gs^Fds, Gs, Gll, Gs^Fds, Gs, Gg, Gs^Fds, Gs^Fds, Gs^Fds, Gd, Gg, Hh, Rp, Rp^Es, Rp, Gs^Fds, Gg, Gs^Fds, Gs^Fds, Gd, Gd, Ss, Ss, Ss, Rb, Sm, Rb, Rb, Re, Re, Rb, Sm, Rb, Rb, Rb^Vo, Co, Xu, Rb, Xu, Uu, Uh, Uh, Uh, Ur, Uu, Uh, Xu, Xu, Xu, Uh, Xu, Uh^Uf, Xu, Xu, Xu, Xu, Xu, Xu, Xu, Xu, Xu, Uu^Uf, Ur^Uf, Ur, Wwg, Wwf, Wwg, Wwg
Hh^Fds, Gs^Fds, Ww, Hh^Fds, Ww, Wwf, Wwf, Ww, Ww, Wo, Ww, Wo, Ww, Ww, Hh, Wo, Gs^Fds, Gg^Efm, Gg^Efm, Gg, Gs^Fms, Gs^Fms, Gll^Fms, Gll^Fp, Gll^Fms, Hh^Fp, Gll^Fp, Gll^Fms, Gll^Fms, Gll^Fms, Gll^Efm, Hh^Fms, Gll^Fds, Gs^Fds, Gs, Gll^Fms, Gll^Fds, Hh^Fms, Hh^Fms, Hh^Fp, Hh^Fp, Hh^Fp, Hh^Ve, Rp, Hh^Fds, Gs^Fds, Gs^Fds, Gs^Fds, Gs^Fds, Gs^Fds, Gs^Fds, Gs^Fds, Hh^Fds, Hh^Fds, Gs^Fds, Gll, Gs^Fds, Hh, Hh^Fds, Gs, Gs^Fds, Gs^Fds, Gg, Gg, Gs^Fds, Gg^Efm, Rr, Rp, Rp, Gg, Gs^Fds, Gg, Gs^Fds, Gg, Gg^Vhr, Ss, Ss, Ss, Rb, Re, Re, Re, Ko, Re, Rb, Sm, Sm^Bw/r, Co, Co, Co, Co, Xu, Uu^Vu, Rb, Rb, Uu, Ur, Ur, Ur, Uu^Vu, Uu^Uf, Xu, Xu, Xu, Xu, Xu, Xu, Xu, Xu, Xu, Xu, Xu, Xu, Xu, Xu, Xu, Uu^Uf, Ur^Uf, Wwg, Wwg, Wwf, Wwg
Hh^Fds, Gs^Fds, Ww, Ww, Wo, Ww, Ww, Wwf, Wwf, Wwr, Wwr, Wwr, Hh, Hh^Fds, Hh, Ww, Gs^Fds, Gs^Fds, Gg, Gg^Efm, Gll^Fms, Gll^Fms, Gs^Fms, Gs^Fms, Gll^Fms, Gll^Fp, Gll^Fms, Gll^Fms, Gll^Fms, Gg, Gll^Efm, Gll, Gg^Fds, Gll, Gg^Fds, Gg^Ve, Gll^Fms, Hh^Fds, Hh^Fms, Hh^Fp, Hh^Fp, Hh^Fms, Hh^Fms, Rp, Rr, Gs^Fds, Gs^Fds, Gs^Fds, Gg^Efm, Gg^Efm, Gg^Efm, Gg^Efm, Gs^Fds, Hh^Fds, Gs^Fds, Gll, Gll, Gs, Hh^Fds, Gg, Gs^Fds, Gs^Fds, Gg, Gs, Gs, Gg^Efm, Rp, Rr, Rp, Gg, Rb, Rb, Rb, Rb, Rb, Re, Rb, Rb, Re, Rb, Rb, Rb, Re, Rb, Sm, Ko, Sm, Sm, Sm, Sm, Co, Xu, Uh, Rb, Uh, Xu, Xu, Ur, Rb, Ur, Xu, Xu, Xu, Xu, Xu, Xu, Xu, Xu, Xu, Xu, Xu, Xu, Xu, Xu, Xu, Xu, Wwg, Wwf, Wwg, Wwg, Wwf, Wwg
Hh^Fds, Hh^Fds, Hh^Fds, Ww^Vhs, Wo, Wo, Wo, Wwr, Wwf, Wwr, Hh^Fds, Wwr, Gs^Vl, Hh, Gs^Fds, Ww, Wwf, Cv, Gg^Efm, Gg^Efm, Gs^Efm, Hh^Fms, Gs^Fms, Gll^Fms, Hh^Fms, Gll^Fms, Gll^Fms, Gs^Fms, Gs, Gg, Cv, Gll^Efm, Cv, Gs, Gg^Efm, Gll^Efm, Gll^Fds, Gll^Fms, Hh, Hh^Fms, Hh^Fp, Hh^Fms, Hh^Fms, Hh^Fms, Rp, Hh^Fds, Hh^Fds, Gs^Fds, Gs^Fds, Gg^Ve, Gs^Fds, Gll^Efm, Gs^Fds, Gs^Fds, Gs^Fds, Gs^Fds, Gs^Fds, Gll, Gs, Gs, Gs, Gg, Gg^Efm, Gs, Gg^Efm, Gll^Efm, Gs^Vhr, Rp, Rp, Ce, Ce, Rb, Re, Re, Rb^Vhr, Rb, Re, Rb, Ss, Rb, Ss, Ss, Ss, Sm, Sm, Sm, Sm, Sm, Rb^Fdw, Sm, Sm^Uf, Xu, Xu, Uh, Xu, Xu, Xu, Ur, Rb, Xu, Xu, Xu, Xu, Xu, Xu, Xu, Xu, Xu, Xu, Xu, Xu, Xu, Xu, Xu, Xu, Xu, Wwg, Wwg, Wwf, Wwg, Xu, Xu
Hh^Fds, Ww, Ww, Ww, Wo, Wo, Ww, Wwr, Wwr, Rb, Rb, Gs^Fds, Rb, Hh, Gs, Ket, Rb, Wwf, Gs^Fds, Gs^Fds, Hh^Fds, Gs^Efm, Gs^Efm, Gs^Fds, Gg^Fds, Gll^Fds, Gll, Gs, Cv, Gg^Efm, Gg^Ve, Gg^Efm, Gg^Ve, Gs^Efm, Cv, Gll, Gg, Hh, Gg, Hh^Fms, Hh^Fms, Hh^Fms, Hh^Fms, Rp, Hh^Fds, Cv, Gs^Efm, Hh^Fds, Hh^Fds, Gs^Fds, Gg^Efm, Gll^Efm, Cv, Cv, Cv, Gg^Efm, Gs^Fds, Gs^Fds, Gs^Fds, Gll, Gll^Efm, Gll^Efm, Gs^Fds, Gs^Efm, Gs, Gll, Gg, Rp, Rp, Rr, Rp, Rd, Rb, Rb, Re, Rb, Rb, Rb, Gg, Ss, Gg, Ss, Sm, Sm, Sm, Sm, Rb^Fdw, Sm, Rb^Fdw, Sm, Sm, Xu, Xu, Xu, Xu, Xu, Xu, Rb, Rb, Rb^Uf, Xu, Xu, Xu, Xu, Xu, Xu, Xu, Xu, Xu, Xu, Xu, Xu, Xu, Xu, Xu, Xu, Wwf, Wwg, Wwrg, Xu, Xu, Xu
Hh^Fds, Ww, Ww, Wo, Wo, Wo, Ww, Ww, Hh, Ket, Gs, Rb, Gs^Fds, Rb, Rb, Rb, Gg, Wwf, Gs^Fds, Gs^Fds, Gs^Fds, Gs^Fds, Gg^Ve, Gs^Efm, Gg^Efm, Gll^Fds, Gg, Gs^Efm, Gs^Efm, Gs^Efm, Gs^Fet, Gg^Efm, Gs^Efm, Gs^Efm, Gg, Gs^Efm, Gg, Gs^Fds, Gg, Hh^Fms, Hh^Fms, Hh, Hh^Fms, Rp, Rp^Efm, Gs^Efm, Gs^Fds, Gs^Efm, Gs^Efm, Gs^Efm, Gg^Efm, Gg^Ve, Gs^Fds, Cv, Cv, Gs^Fds, Kv, Gs^Efm, Gs^Efm, Gs^Efm, Gs^Fds, Hh, Gs, Gll, Gg, Gs, Gs, Gg, Ce, Rr, Rp^Es, Rd, Ce, Re, Re, Re, Gs^Fds, Gs^Fds, Gs^Fds, Gg, Gg, Ss, Ss, Sm, Sm, Sm^Vhs, Rb^Fdw, Rb^Fdw, Sm, Sm, Rb, Xu, Sm^Uf, Xu, Xu, Xu, Sm^Uf, Sm, Sm^Bp|, Sm, Sm, Sm^Uf, Rb^Fdw, Xu, Xu, Xu, Xu, Xu, Xu, Xu, Xu, Xu, Xu, Xu, Ss, Ss, Ss, Wwf, Ss, Xu, Ss, Ss
Ww, Ww, Ww, Wo, Wo, Ww, Ww, Hh^Fds, Hh, Ce, Ce, Gg, Gg, Gs, Rb, Gs, Gs^Fds, Ww, Ww, Gs^Fds, Gs^Fds, Gg^Fds, Gg^Fds, Gs^Fds, Gs^Fds, Gg^Efm, Gg^Efm, Cv, Gs^Efm, Gg^Ve, Gg^Efm, Gs^Efm, Gg^Efm, Gg^Fet, Gg^Efm, Cv, Gg^Efm, Gs, Gs^Efm, Hh^Fms, Gs^Efm, Gs^Efm, Gs^Efm, Rp^Efm, Rr, Hh^Fds, Hh^Fds, Hh^Fds, Hh^Fds, Gs^Ve, Gs^Efm, Gs^Efm, Gs^Efm, Gs^Efm, Cv, Gs^Fds, Gs^Fds, Gg^Efm, Gll, Gll, Gs^Fds, Hh, Hh^Fds, Gs, Gg, Gg, Hh, Hh, Ce, Rp, Rp^Vhcr, Rp, Rr, Rd, Re, Gll^Vhr, Gll, Gs^Fds, Gs^Fds, Gg, Gg, Gg, Ss, Sm, Gs^Fdf, Rb^Fdw, Sm, Rb^Fdw, Sm, Sm^Uf, Rb^Fetd, Sm, Sm, Sm, Sm^Uf, Sm, Sm, Sm, Rb^Fdw, Sm, Sm^Uf, Rb^Fetd, Sm, Xu, Sm, Xu, Sm, Sm, Sm, Sm, Sm, Xu, Sm, Ss, Ss, Ss, Ss, Ss, Hh, Ss, Ss, Ss
Ww, Ww, Ww, Wo, Wo, Ww, Mm, Mm, Hh, Hh, Hh, Ce, Ce, Gg, Ce, Gs, Gg, Gg, Ww, Gs^Fds, Gs^Fds, Gg^Fds, Gs^Fds, Cv, Gg^Efm, Gs^Fds, Gs^Efm, Gs^Efm, Cv, Gs^Fet, Gs^Efm, Gs^Ve, Gg^Fet, Gs^Efm, Cv, Gg^Efm, Gs, Gs^Efm, Hh^Fms, Gs^Efm, Hh^Fms, Hh^Ve, Hh^Fms, Hh^Fms, Rp, Gs^Fds, Gs^Fds, Hh^Fds, Gs^Fds, Gs^Efm, Gs, Gs^Efm, Gs^Fds, Cv, Gs^Ve, Gs^Fds, Gs^Fds, Gg, Kv, Gg, Gs^Fds, Gs^Fds, Gg^Fds, Gs^Fds, Gg, Gs, Gs, Hh, Gs, Ce, Rp, Rr, Rd, Rd, Re, Gll, Gg, Gg, Gs^Fds, Hh^Fds, Gs^Fds, Gg, Gs^Fds, Gs^Fds, Gs^Fdf, Gs^Fdf, Sm, Sm, Sm, Sm, Sm, Rb, Sm^Uf, Sm, Sm^Vhs, Sm, Sm^Uf, Rb^Fdw, Sm, Rb^Fdw, Sm, Rb^Fdw, Sm, Rb, Rb^Fdw, Sm, Sm, Sm^Uf, Sm, Sm, Sm, Sm^Uf, Ss, Sm, Ss, Chs, Ss, Hh^Fetd, Hh, Ss, Ss, Ss
Ww, Ww, Wo, Wo, Wo, Ww, Hh, Mm, Ch, Hh, Hh, Gg, Gs, Ket, Rr, Ket, Ce, Gs^Fds, Gg, Ww, Wwf, Gg^Fds, Gg^Efm, Gs^Efm, Gg^Fds, Gs^Efm, Ww^Ewf, Gs, Gs, Gs^Efm, Cv, Gg^Efm, Cv, Gg^Efm, Gs^Fds, Gs^Fds, Gs, Hh^Fms, Hh^Fms, Hh^Fms, Hh^Fms, Hh^Fms, Hh, Rp, Gll^Fp, Gs^Fds, Hh^Fds, Gs^Fds, Hh^Fds, Cv, Gs^Efm, Gs^Efm, Gs^Efm, Cv, Gs^Fds, Gs^Efm, Gg^Efm, Gs^Fds, Gll, Gs, Gs^Fds, Gg^Fds, Gg^Fds, Gs^Fds, Gs^Fds, Gs, Gs, Gs, Rp, Rr, Rp, Rr, Rp, Rd, Gll, Gll, Gg, Gs^Fds, Gs^Fds, Hh^Fds, Hh^Fds, Gs^Fds, Gg, Hh^Fds, Gs^Fds, Gs^Fdf, Ss, Sm, Ss, Sm, Sm, Sm, Sm, Sm, Sm, Sm, Rb^Fdw, Rb^Fdw, Sm, Rb^Fdw, Sm, Sm, Rb, Rb^Fdw, Rb, Sm, Sm, Sm, Sm, Sm^Uf, Sm, Sm, Chs, Ss, Ss, Chs, Chs, Ss, Ss, Hh^Fetd, Ss, Ss
Ww, Ww, Wo, Wo, Ww, Ww^Vhs, Rr, Ch, Rr^Vhc, Kh, Gs, Rr^Vhc, Rr, Rr, Rr, Gg, Gg^Vh, Ce, Ket, Gs^Fds, Wwf, Gs^Efm, Cv, Gs^Fds, Gg^Fds, Gg^Fds, Ww^Ewf, Ww^Ewf, Gg^Fet, Gg, Gg^Efm, Gg^Efm, Gll^Efm, Gg^Efm, Gg, Gg^Fds, Hh^Fds, Hh^Fms, Hh^Fms, Hh^Fms, Hh^Fms, Hh^Fms, Hh, Rp, Gll^Fp, Hh^Fds, Hh^Fp, Hh^Fms, Hh^Fds, Hh^Fds, Gs^Fds, Gs^Ve, Gs^Efm, Gs^Fds, Gs^Fds, Gs^Fds, Gg, Gg^Ve, Gg, Gg, Gs, Gs^Fds, Gs^Fds, Gg, Gs^Fds, Gs, Gll, Gg, Ce, Rp, Rp^Es, Rp, Gs, Ket, Gll, Gg, Gg, Gs^Fds, Gll, Gll, Gs^Fds, Gs^Fds, Gg, Gs^Fds, Gg, Ss, Gg, Ss, Gd, Gd, Hhd, Sm, Hhd, Rb, Hhd, Sm, Rb^Fdw, Rb^Fdw, Sm, Sm, Sm, Sm^Uf, Rb, Rb^Fdw, Rb, Rb, Rb^Fdw, Rb^Fdw, Sm, Sm^Uf, Sm, Sm, Sm, Ss, Ss, Ss, Ss, Ss, Ss, Ss, Ss, Ss
Ww, Ww, Wo, Wo, Ww, Hh, Gs, Ch, Rr, Rr, Rr, Rr, Gs^Vh, Gs, Gg^Vh, Rr, Rr, Gs, Rb, Ce, Hh^Fds, Wwf, Gg^Fds, Gs^Fds, Hh^Fds, Hh^Fds, Gg^Fds, Gg, Gg^Ve, Gg, Gs^Efm, Gll^Fds, Gg^Efm, Gg^Efm, Gg^Ve, Gll^Fds, Gll^Fds, Hh^Fms, Hh^Fms, Hh^Fms, Hh^Fms, Hh, Rp, Rp, Gll^Fp, Hh^Fp, Gll^Fp, Hh^Fds, Hh^Fds, Hh, Wwf, Gs^Fds, Hh, Gs^Efm, Wwg, Gg, Gs^Fds, Gg^Fds, Gs^Fds, Gs^Fds, Gg, Gs^Fds, Gll^Fds, Gll, Gs^Fds, Gg, Gg, Gg, Rp, Rp, Rr, Rr, Gs, Gs, Gg, Gg, Gg, Gg, Gll, Gs^Fds, Gs, Gg, Gg^Eff, Gll, Gg, Ss, Gs, Gd, Gd, Gd, Hhd, Hhd, Hhd, Rb, Md, Md, Md, Hhd, Hhd, Hhd, Hhd, Sm, Sm, Rb, Rb, Sm^Uf, Sm, Rb^Fdw, Sm, Sm, Sm^Uf, Sm, Sm, Sm, Sm, Ss, Ss^Vhs, Ss, Gd, Gd, Gd^Fts, Gd
Wo, Wo, Wo, Wo, Ww, Ce, Gd^Vl, Rr, Gg^Vh, Gs, Gg^Vh, Rr, Rr, Gs, Gg, Gs, Rb, Gs^Vh, Rb, Ket, Hh^Fds, Ww, Gs^Fds, Gs^Fds, Gs^Fds, Gg^Fds, Gg^Fds, Gg^Fds, Gg^Efm, Gs^Efm, Gg^Efm, Gll, Gg^Efm, Gs^Efm, Gll^Fds, Gll, Hh^Fds, Hh^Fds, Hh, Hh, Hh^Fms, Rr, Hh, Gll^Fp, Gll^Fp, Gll^Fp, Gll^Fp, Wwf, Hh, Hh, Wwf, Hh, Wwf, Hh, Gs^Fds, Gs^Fds, Wwg, Gs^Fds, Wwg^Ewl, Gs^Fds, Gs^Fds, Gs^Fds, Gll, Gg, Gg, Gs^Fds, Gg, Gg, Rp, Rr, Rp, Gg, Gg, Gg, Gs^Fds, Gg, Gs^Fds, Gg, Gg, Gs, Gs^Eff, Gs^Eff, Gs^Vc, Gll^Eff, Gs^Eff, Gd, Gs, Gd^Es, Hhd, Hhd, Hhd^Vhh, Hhd, Md, Re, Rd, Md, Md, Md, Md, Hhd, Hd, Hhd, Sm, Sm, Sm, Sm, Sm, Rb, Sm, Dd, Dd, Dd, Dd, Dd, Dd, Gd, Gd, Gd, Gd, Gd, Gd^Fts, Gd
Wo, Wo, Ww, Ww, Ww, Ww, Ww^Bw/, Rr, Rr, Gs, Rr, Rr, Gs^Vh, Rr, Rr, Gg^Wm, Rb, Rb, Ce, Ce, Hh^Fds, Ww, Ww, Gs^Fds, Wwf, Gg^Fds, Gs^Efm, Gs^Efm, Gll^Fds, Cv, Cv, Kv, Cv, Gs, Gll, Gll^Fms, Hh^Fp, Hh^Fp, Mm, Mm, Hh, Rr, Hh, Hh, Gll^Fp, Hh^Fp, Gll^Fp, Wwf, Wwf, Wwf, Ur, Hh, Hh, Hh, Gs^Fds, Wwg^Ewl, Gs^Fds, Wwg, Wwg, Gs, Gs^Fds, Gs, Gs^Fds, Gs, Gs^Fds, Gs^Fds, Gs, Gg, Rr^Es, Rr, Rp, Rp, Gs^Fds, Gs^Fds, Hh^Fds, Gg, Gs^Fds, Gs^Fds, Gs, Gll^Eff, Gs^Eff, Gll^Es, Gs, Rd, Gs^Eff, Gs^Eff, Gd, Gd, Gd, Hhd, Hhd, Md, Md, Md, Rd, Hhd, Md, Md, Md, Dd, Hd, Hd, Hd, Sm, Sm, Sm, Rb, Rb, Hd, Hd, Hd, Hd, Hd, Hd, Hd, Dd, Dd, Gd^Fts, Gd, Gd^Fts, Gd, Gd
Hh, Wo, Wo, Ww, Ww, Ww, Ww, Ww^Vhs, Ww^Vhs, Rr, Gs, Gg, Gs, Gg, Ket, Rb, Ket, Ce, Gg, Gg, Gs^Fds, Hh^Fds, Gs^Fds, Ww, Gs^Efm, Wwf, Gg^Fds, Gg^Fds, Gs^Fds, Cv, Gg, Gg^Efm, Gg^Efm, Gg, Gll^Fms, Gll^Fms, Hh^Fp, Mm, Mm, Mm, Hh, Rr, Rr, Hh, Gll^Fp, Hh^Fp, Gll^Fp, Hh, Hh, Wwf, Hh^Fds, Ur, Hh, Wwf, Wwf, Gs^Fds, Gs^Fds, Gs^Fds, Gs^Fds, Wwg^Ewl, Gs^Fds, Gs^Fds, Gs^Fds, Gs^Fds, Gs^Fds, Gs, Gd, Gd, Rr, Rp, Rr, Gs^Fds, Gs^Fds, Gs^Fds, Hh^Fds, Gs^Fds, Gs^Fds, Gs^Fds, Gs, Gg, Gs, Gs^Eff, Re^Eff, Re^Eff, Gd, Gs, Re, Gd, Rd^Es, Hhd, Hhd, Md, Md, Md, Rd, Hhd, Md, Md, Md, Md, Rd, Hd, Dd, Dd, Dd, Dd, Dd, Dd, Dd, Dd, Dd, Dd, Dd, Dd, Dd, Dd, Dd, Gd, Gd, Gd, Gd, Gd^Fts
Mm, Hh, Ww, Wo, Wo, Ww, Ww, Ww, Ww^Vhs, Rr, Ce, Ce, Ce, Ce, Gg, Ce, Gg, Gg, Re^Gvs, Re^Gvs, Re^Gvs, Gg^Fds, Gg, Gg^Efm, Gg^Fds, Wwf, Gs, Gg^Fds, Gs, Gg, Gll, Gg, Gs^Efm, Gg, Hh^Fms, Hh^Fms, Hh^Fp, Hh^Fp, Hh^Fp, Mm, Mm, Hh, Rr, Hh, Hh^Fp, Gll^Fp, Gll^Fp, Gll^Fp, Hh^Fp, Hh, Hh, Hh, Wwf, Hh, Gs^Fds, Gs^Fds, Wwf, Wwf, Wwf, Gs^Fds, Wwg, Gs^Fds, Hh, Gs^Fds, Gs, Gll, Gs^Vht, Gd, Rr, Rr, Rd, Gs^Fds, Gs^Fds, Hh^Fds, Gs^Fds, Gs^Fds, Re, Gs^Fds, Gd, Gs, Gs, Rd, Gd, Gd, Re, Re, Re, Gd, Rd, Hhd, Hhd, Md, Md, Md, Hhd, Rd, Md, Md, Dd, Dd^Vda, Dd, Dd, Dd, Dd, Dd, Dd, Rd, Dd, Dd, Dd, Dd, Dd, Dd, Dd, Dd, Dd^Edpp, Dd, Dd, Dd, Gd, Gd, Gd
Mm, Hh, Hh, Wo, Wo, Ww, Ww, Ww, Ww, Ket, Gg, Gg, Gg, Gg, Gg, Rb, Rb, Gs^Vh, Re^Gvs, Re^Gvs, Re^Gvs, Re^Gvs, Hh^Fds, Gs^Efm, Gg^Fds, Ww, Ww, Gs^Ve, Gg^Fds, Gg^Fds, Gs^Fms, Gll^Fms, Gg^Efm, Gg^Fms, Hh, Hh^Fp, Hh^Fp, Hh^Fp, Hh, Hh, Hh, Rr, Chr, Hh, Hh^Fp, Hh^Fp, Hh^Fp, Gll^Fp, Hh^Fp, Hh, Gll^Fp, Wwf, Wwf, Hh, Gs^Fds, Wwf, Wwg, Wwg, Wwg, Wwg, Wwg, Gs^Fds, Gd, Gd, Gll, Gll, Gd, Rd, Rd, Rd, Hhd, Gd, Gs^Fds, Gs^Fds, Gd, Gs^Fds, Re, Re, Re, Re^Es, Gs, Rd, Gd, Gd^Es, Kd, Gd, Re, Rd, Hd, Dd, Dd^Edpp, Md, Md, Md, Hhd, Rd, Rd, Md, Dd, Dd, Rd, Dd, Dd, Dd, Dd, Dd, Rd, Dd, Dd, Dd^Edpp, Dd^Vdt, Dd^Do, Cdr, Dd, Rd, Dd, Rd, Dd, Dd, Dd, Rd, Gd
Hh, Hh, Hh, Ww, Wo, Ww, Ww, Ww, Ww, Gs, Hh, Gg, Re^Gvs, Re^Gvs, Gs^Vh, Gg, Rb, Gg, Re^Gvs, Re^Gvs, Gg^Fds, Gs, Hh^Fds, Gs^Efm, Gg^Fds, Hh^Fds, Gg^Fms, Ww, Gg^Fds, Gs^Fms, Gs^Fms, Gll^Fms, Gg^Efm, Cv, Hh, Hh^Fp, Mm, Mm, Mm, Mm, Mm, Mm, Mm, Chr, Md, Hh^Fp, Hh^Fp, Gll^Fp, Gll^Fp, Gll^Fp, Gll^Fp, Hh, Hh, Hh, Gs^Fds, Wwf, Wwg, Gs^Fds, Hh, Gs^Fds, Gs^Fds, Gs^Fds, Gs^Fds, Hh, Hh, Gd, Hhd, Rd, Rd, Rd, Hhd, Gd, Gs^Fds, Gs^Fds, Gd, Gs^Fds, Re, Re, Gd, Gd, Gd, Gd, Gs, Gs, Gd, Rd, Rd, Rd, Dd, Dd, Dd, Dd, Md, Md, Hd, Dd, Hd, Rd, Dd, Dd, Hd, Rd, Dd, Dd, Dd, Dd, Dd, Dd, Rd, Dd, Rd, Dd, Rd, Rd, Dd, Dd, Dd, Dd, Rd, Rd, Dd, Rd
Ww, Hh, Ww, Ww, Ww, Ww, Ww, Ww, Gs, Hh^Fds, Gg, Re^Gvs, Re^Gvs, Re^Gvs, Gg, Gg, Rb, Gg, Gg, Gg, Gs^Fds, Hh^Fds, Gs^Fds, Gs^Efm, Cv, Hh^Fds, Gg, Ww, Gg^Fms, Gs^Fms, Gg^Fms, Gg^Fms, Hh^Fp, Re, Re, Hh, Mm, Mm, Mm^Xm, Mm^Xm, Mm^Xm, Mm, Mm, Chr, Chr, Chr, Hh, Gll^Fp, Hh^Fp, Gll^Fp, Hh^Fp, Gll^Fp, Hh, Hh, Wwg, Wwg, Gs^Fds, Hh, Gs^Fds, Gs^Fds, Wwg, Gs^Fds, Hh, Hh, Hh, Gd, Hhd, Hhd, Hhd, Rd, Rd, Hhd, Hhd, Rd, Rd, Rd, Rd, Kd, Rd, Gd, Cd, Gd, Cd, Cd, Cd, Rd, Cd, Dd, Dd, Dd, Dd, Dd, Dd^Edpp, Dd, Dd, Hd, Hd, Hd, Dd, Dd, Hd, Dd, Rd, Rd, Rd, Rd, Dd, Dd, Dd, Rd, Dd, Dd, Dd, Dd, Dd, Dd, Dd, Dd, Dd, Dd, Dd, Dd
Wo, Ww, Wo, Ww, Ww, Ww, Ww, Ww, Gs, Hh, Gg^Eff, Re^Gvs, Re^Gvs, Re^Gvs, Gg, Gs, Gg, Rb, Gs^Fds, Gs, Gs, Hh^Fds, Gs^Efm, Gg^Efm, Gg^Fms, Gg^Fds, Hh^Fms, Ww, Hh^Fp, Gg^Fms, Hh^Fp, Hh^Fp, Hh^Fp, Hh^Fp, Re, Mm, Mm, Mm, Mm^Xm, Mm^Xm, Mm^Xm, Mm^Xm, Mm^Xm, Mm, Mm, Chr, Rr, Hh, Hh^Fp, Hh^Fp, Hh^Fp, Hh^Fp, Wwg, Wwg, Hh, Hh, Wwg, Hh, Hh, Wwg, Wwg, Hh, Hh, Gs^Fds, Hh, Hh, Hh, Hhd, Hhd, Rd, Rd, Hhd, Rd, Hhd, Rd, Rd, Rd, Rd, Rd, Gd, Cd, Cd, Rd, Rd^Vda, Rd, Cd, Cd, Dd, Dd, Dd^Vdt, Dd, Dd, Dd, Dd, Dd, Hd, Hd, Dd, Rd, Dd, Dd, Rd, Dd, Dd, Dd, Dd, Dd, Dd, Dd, Dd, Dd, Dd, Dd, Dd, Dd, Dd, Dd, Dd, Dd, Dd^Edpp, Dd, Dd
Wo, Wo, Ww, Ww, Ww, Ww, Ww, Ww, Gg^Eff, Gg^Eff, Re^Gvs, Gg^Eff, Gg^Eff, Gg, Gg, Gs, Ket, Rb, Gg, Gs, Gs^Fds, Gs, Gs^Efm, Gs, Hh^Fms, Gg, Hh^Fms, Ww, Hh, Hh^Fp, Mm, Mm, Mm, Re, Mm, Mm, Mm, Mm^Xm, Mm, Mm, 6 Kud, Mm^Xm, Mm^Xm, Mm^Xm, Mm, Hh^Vhhr, Mv, Rr, Rr, Gll^Fp, Gll^Fp, Hh^Fp, Hh^Fp, Hh, Hh, Hh, Hh, Hh^Vhh, Hh, Wwg, Wwg, Hh, Hh, Hh, Hh^Fds, Hh, Hh, Hhd, Md, Hhd, Hhd, Rd, Hhd, Rd, Rd, Rd, Kd, Rd, Rd, Kd, Cd, Cd, Rd^Vda, Rd, Rd^Vda, Cd, Dd^Do, Dd, Dd, Dd, Dd^Do, Dd, Dd, Dd^Edpp, Dd, Hd, Dd^Edpp, Dd, Dd, Rd, Rd, Rd, Dd, Dd, Dd, Dd, Dd, Dd, Hd, Dd, Dd, Dd, Hd, Hd, Dd, Dd, Dd, Dd, Dd, Dd, Hd, Dd
Ww, Wo, Ww, Ww, Ww, Ww, Gs^Eff, Gg^Eff, Re^Gvs, Re^Gvs, Re^Gvs, Re^Gvs, Gg, Gg^Eff, Gg^Eff, Gg, Rb, Rb, Gs, Gs, Gs, Gd^Efm, Hh, Gs^Ve, Hh, Hh^Fms, Hh, Ww, Ww, Mm, Mm, Mm, Re, Re, Mm, Hh, Mm, Mm^Xm, Mm^Xm, Mm, Hh, Mm^Xm, Mm^Xm, Mm^Xm, Mm^Xm, Mm, Mm, Mm, Rr, Gll^Fp, Gll^Fp, Gll^Fp, Gll^Fp, Hh, Hh, Wwg, Wwg, Wwg, Wwg, Hh, Wwf, Wwf, Wwg, Hh, Wwf, Hh, Hhd, Hhd, Md, Md, Hhd, Hhd, Rd, Hhd, Rd, Rd, Hhd, Rd, Hhd, Kd, Rd^Vda, Rd, Rd, Rd, Cd, Cd, Dd, Dd, Dd^Vdt, Dd, Dd, Dd, Dd, Dd, Dd, Dd^Edpp, Dd, Dd, Dd, Hd, Dd, Dd, Dd, Dd, Dd, Dd, Dd, Hd, Hd, Hd, Hd, Hd, Dd, Dd, Dd, Dd, Dd^Dc, Dd, Dd, Hd, Dd, Hd
Gs^Fds, Ww, Gs^Fds, Ww, Gg, Gs^Eff, Gs^Eff, Gs, Re^Gvs, Re^Gvs, Re^Gvs, Gs^Vh, Rb, Gg^Eff, Rb, Rb, Gs, Gg, Gs^Fds, Gs^Fds, Gd^Efm, Gd, Hh, Hh^Fms, Hh, Hh, Mm, Hh, Hh, Mm, Mm, Mm^Vhh, Re, Mm, Mm, Mm, Mm, Mm^Xm, Mm^Xm, Mm, Mm^Xm, Mm^Xm, Mm^Xm, Mm^Xm, Mm^Xm, Mm^Xm, Mm^Xm, Mm, Rr, Gll^Fp, Gll^Fp, Gll^Fp, Gll^Fp, Hh, Hh, Hh, Hh^Fds, Hh, Hh, Hh, Wwf, Wwg, Hh^Fds, Hh, Wwf, Wwf, Hhd, Hhd, Md, Hhd, Hhd, Hhd, Rd, Rd, Cd, Hhd, Hhd, Hhd, Hhd, Cd, Cd, Rd, Rd^Vda, Rd, Kd, Rd, Dd, Dd, Rd, Rd, Dd, Dd, Rd, Rd, Dd, Rd, Hd, Hd, Dd, Dd, Dd, Dd, Dd, Dd, Dd, Dd, Dd, Dd, Dd, Dd, Dd, Hd, Hd, Dd, Dd, Dd, Dd, Dd, Dd, Dd, Dd, Dd
Gs^Fds, Gs^Fds, Gs^Fds, Gs, Gs^Fds, Gs, Gs^Fds, Gs^Eff, Gg^Eff, Re^Gvs, Gg^Eff, Rb, Gg, Rb, Gg, Rd, Rd, Gs, Gs, Gd^Efm, Gd, Hh^Fms, Hh^Fms, Hh^Fms, Hh, Hh, Mm, Mm, Mm, Mm, Mm, Mm, Mm, Re, Re, Mm, Mm, Mm, Mm^Xm, Mm^Xm, Mm^Xm, Mm^Xm, Mm^Xm, Mm^Xm, Mm, Mm, Mm, Rr, Hh, Hh, Hh, Hh^Vhhr, Hh, Gll^Fp, Gll^Fp, Hh, Hh, Hh, Wwg, Wwg, Wwg, Hh, Hh^Fds, Hh, Wwf, Wwg, Hhd, Md, Md, Hhd, Hhd, Rd, Cd, Cd, Hhd^Ftd, Hhd^Ftd, Gd, Gd, Gd, Cd, Rd, Cd, Cd, Cd, Rd, Rd, Kd, Dd, Dd, Dd, Dd, Dd^Vdt, Dd, Dd, Dd, Hd, Dd, Dd, Dd, Dd^Edb, Dd, Dd, Hd, Hd, Dd, Dd, Dd, Dd, Dd, Dd, Dd, Dd, Hd, Dd, Dd, Dd, Dd, Dd, Hd, Dd, Dd, Dd
Gs^Fds, Gs^Fds, Hh^Fds, Gs^Fds, Gs^Fds, Gs, Gs^Fds, Gs, Gs, Gg^Eff, Gs^Fds, Gg, Gs, Gs^Fds, Gs, Gs, Rd, Gs, Gs^Fds, Gd^Efm, Gd^Fds, Gs, Hh^Fms, Hh, Hh^Fms, Hh, Mm, Mm, Mm, Mm, Mm, Mm, Mm, Re, Mm, Mm, Mm, Mm, Mm, Mm^Xm, Mm, Mm, Hh, Hh, Ch, Hh, Hh, Rr, Mm, Mm, Mm, Mm, Hh, Gll^Fp, Gll^Fp, Hh, Gll^Fp, Wwg, Gll^Fp, Hh, Hh, Hh, Wwf, Wwf, Wwg, Hhd, Md, Md, Md, Hhd, Hhd, Rd, Hhd^Ftd, Gd, Gd^Ftp, Gd, Gd^Vdt, Wwt, Gd^Do, Gd, Gd^Ftd, Rd, Rd, Rd, Rd, Rd, Rd, Rd, Dd, Dd, Dd, Dd, Dd, Dd, Dd, Dd, Dd, Dd, Dd, Dd, Hd, Hd, Dd, Hd, Dd, Dd, Dd, Dd, Dd, Dd, Dd, Dd, Dd, Dd, Dd, Dd, Dd, Dd, Dd, Hd, Hd, Dd
Gs^Fds, Gs^Fds, Gs, Hh^Fds, Gs^Fds, Gs^Fds, Gs^Fds, Gs^Fds, Gg, Gs, Gs, Gs, Hh, Gs, Gg, Gs, Rd, Gs^Fds, Gs^Efm, Gs^Efm, Gs, Gd, Hh, Hh, Hh, Hh, Mm, Mm, Mm, Mm, Mm, Mm, Mm, Re, Re, Mm, Mm, Mm, Mm, Mm, Hh, Hh, Ch, Ch, Rrc^Vhc, Kh, Rr, Rr, Hh, Mm, Mm, Mv, Mm, Hh, Gll^Fp, Gll^Fp, Gll^Fp, Gll^Fp, Gll^Fp, Gll^Fp, Wwg, Wwg, Wwg, Wwg, Wwg, Hhd, Md, Md, Md, Hd, Hd, Rd, Gd^Ftd, Gd^Ftd, Gd^Ftp, Wwt, Wwt, Wwt, Wwt, Wwt, Gd^Ftd, Gd^Ftd, Gd^Do, Rd, Rd, Dd, Dd, Dd, Dd, Dd, Dd, Dd, Hd, Hd, Dd, Dd, Dd, Dd, Dd, Dd, Dd, Dd, Hd, Hd, Dd, Dd, Dd, Dd, Dd, Dd, Dd, Dd, Dd, Dd, Dd, Dd, Dd, Dd, Dd, Dd, Hd, Dd
Gs^Fds, Gs^Fds, Gs, Hh^Fds, Gs^Fds, Hh^Fds, Hh^Fds, Gs^Fds, Gs^Fds, Gs^Fds, Gs^Fds, Hh^Fds, Hh^Fds, Gs, Gg^Fds, Gg^Fds, Rd, Gd^Efm, Gs, Gd^Fds, Gd, Gd, Gs, Gd, Gd, Hh, Hh, Mm, Mm, Mm, Mm, Mm, Rd, Rd, Mm, Re, Re, Mm, Re, Hh, Kh, Kh, Rrc, Rrc, Rrc, Rrc, Kh, Rr, Mm, Mm, Mm, Mm, Hh, Hh, Gll^Fp, Gll^Fp, Gll^Fp, Gll^Fp, Gll^Fp, Gll^Fp, Wwf, Wwg, Wwf, Wwf, Wwg, Hhd, Md, Md, Hd, Hd, Hd, Rd, Gd^Ftd, Gd^Ftp, Hhd^Ftp, Wwt, Wwt, Wwt, Wwt, Gd^Do, Gd, Dd^Ftd, Dd, Kd, Rd, Rd, Rd, Dd, Dd, Dd, Dd, Hd, Dd, Dd, Hd, Dd, Dd^Edb, Dd, Dd, Dd, Dd, Dd, Dd, Dd, Dd, Dd, Hd, Dd, Dd, Dd, Qlf, Dd, Qlf, Dd, Dd, Dd, Dd, Dd, Dd, Hd, Hd, Hd
Gs^Efm, Gs, Gs^Fds, Gs^Fds, Gs^Fds, Gg^Ve, Hh^Fds, Gs^Fds, Hh^Fds, Gs^Fds, Cv, Gs^Fds, Hh^Fds, Gs^Fds, Gg^Efm, Gs^Efm, Gs, Rd, Rd, Gd, Gs, Gs^Fts, Gs^Fts, Gd, Gd, Hh, Hh, Mm, Mm, Mm, Rd, Rd, Mm, Mm, Mm, Mm, Hh, Re, Hh, Re, Kh, Rrc^Vhc, Rrc, Rrc, Rrc, Rrc^Vhc, Ch, Rr, Re, Mm, Hh, Hh, Hh, Hh^Fp, Gll^Fp, Gll^Fp, Gll^Fp, Gll^Fp, Gll^Fp, Gll^Fp, Wwg, Wwf, Wwg, Hhd^Fp, Hhd, Hhd, Mv, Hhd, Hd, Hd, Hd, Kd, Hhd, Gd^Ftd, Gd^Ftp, Gd^Ftp, Gd^Ftp, Gd^Ftp, Gd, Gd, Dd^Vdt, Dd, Dd, Dd, Dd, Rd, Dd, Dd, Dd, Dd, Dd, Dd, Hd, Dd, Dd, Dd, Dd, Dd, Dd, Dd, Dd, Dd^Edb, Dd, Dd, Dd, Hd, Hd, Rr^Vd, Dd, Dd, Qlf, Qlf, Dd, Dd, Hd, Dd, Qxe, Qxe, Dd, Dd, Dd, Dd
Hh^Fds, Gs^Efm, Gs^Efm, Cv, Gs^Efm, Gs^Efm, Gs^Efm, Gs^Fds, Hh^Fds, Hh^Fds, Gs^Efm, Gs^Efm, Gs^Efm, Gs^Efm, Gs, Gg^Ve, Gg^Fds, Gg^Fds, Gd, Rd, Rd, Gd, Gd^Fts, Gs, Hh, Hh, Mm, Mm, Mm, Rd, Ww, Mm, Mm, Mm, Mm, Mm, Mm, Hh, Hh, Hh, Ch, Rrc, Rrc, Rrc, Rr, Kh, Rr, Rr, Mm, Re, Re, Re, Re, Hh, Re, Gll^Fp, Re, Gll^Fp, Gll^Fp, Gll^Fp, Gll, Wwg, Hhd, Hhd, Md, Md, Md, Md, Hd, Hd, Hd, Rd, Hhd, Gd, Hhd, Hhd^Ftp, Gd, Gd^Vdt, Hhd, Hhd, Dd, Dd, Rd, Rd, Rd, Rd, Rd, Dd, Dd, Hd, Dd, Dd, Dd, Dd, Dd, Dd, Dd, Dd, Dd, Dd, Dd, Dd, Dd, Dd, Dd, Dd, Dd^Edb, Hd, Dd, Dd, Dd, Qlf, Dd, Hd, Dd, Dd, Qxe, Dd, Rr, Rr, Rr, Dd
Gs^Fds, Hh^Fds, Hh^Fds, Gs^Efm, Hh^Fds, Gs^Fds, Gs^Fds, Gs^Efm, Gs^Efm, Gs^Efm, Gs^Fds, Gs^Fds, Gs^Fds, Gs^Fds, Gg^Fds, Gs^Fds, Gg^Fds, Gd, Rd, Rd, Gd, Rd, Rd, Gs, Hh, Hh, Hh^Vhh, Mm, Rd, Rd, Ww, Mm, Mm, Mm, Mm, Mm, Mm, Mm, Mm, Hh, Hh, Ch, Ch, Kh, Rr, Rr, Mm, Mm, Mm, Mm, Hh, Hh, Hh, Re, Gll^Fp, Re, Gll^Fp, Re, Re, Gll, Ce, Gd, Gd, Hhd, Hhd, Md, Hhd, Md, Hhd, Hd, Rd, Rd, Hd, Hhd, Hd, Hhd, Hhd, Hhd, Kd, Hhd, Dd, Dd^Edpp, Dd, Rd, Rd, Rd, Dd, Dd, Dd, Dd, Hd, Dd, Dd, Dd, Hd, Dd, Dd, Dd, Dd, Dd, Hd, Dd, Dd, Dd, Rr^Vd, Dd, Qlf, Qlf, Dd, Rr^Vd, Dd^Edb, Dd, Hd, Hd, Dd, Dd, Qxe, Dd, Hd, Dd, Dd, Dd
Gs^Fds, Gs^Fds, Gs^Fds, Hh^Fds, Hh^Fds, Hh^Fds, Gs^Efm, Gs^Efm, Cv, Gs^Fds, Gs^Fds, Gd, Gd, Gs, Gd, Gd, Gd, Gd, Rd, Gd, Gd^Fts, Gd^Fts, Gd, Rd, Rd, Rd, Rd, Rd, Hh, Hh, Hh, Ww, Hh, Mm, Mm, Mm, Mm, Mm, Mm, Mm, Mm, Md^Vhh, Mm, Mm, Mm, Mm, Mm, Mm, Hh, Hh, Hh, Hh, Gll^Fp, Gll^Fp, Gll^Fp, Gll, Gll^Fp, Gll^Vl, Re, Re, Rd, Gd, Rd, Rd, Rd, Hhd, Hhd, Hhd, Rd, Cd, Hd, Hd, Hd, Hd, Hd, Kd, Hd, Hd, Dd, Dd, Dd, Dd, Rd, Dd, Rd, Rd, Rd, Dd, Dd, Hd, Dd, Dd, Dd, Dd, Dd, Dd, Hd, Dd, Dd, Dd, Dd, Hd, Hd, Hd, Rr, Dd^Edb, Rr, Qlf, Qlf, Rr, Rr, Dd, Dd, Dd, Dd, Qxe, Dd, Rr, Dd, Hd, Dd, Dd
Gs^Fds, Gs^Fds, Gs^Fds, Gs^Fds, Gs^Fds, Gs^Efm, Gs^Fds, Gs^Fds, Gs^Fds, Gs^Fds, Gd, Gd, Gs, Gs, Gs, Gd, Rd, Rd, Gd, Gd, Gd, Gd, Gs, Gd, Rd, Hh, Hh, Hh, Hh, Hh, Ww, Wwf, Hh, Hh, Hh, Mm, Mm, Mm, Mm, Mm, Mm, Mm, Mm, Mm, Mm, Mv, Mm, Hh, Hh, Hh^Fp, Gll^Fp, Hh, Gll^Fp, Gll^Fp, Gll^Fp, Gll, Re, Re, Gll^Fp, Gll^Fp, Hhd, Rd, Gd, Hhd, Gd, Rd, Rd, Rd, Md, Rd, Rd, Hd, Hd, Hd, Hd, Hd, Hd, Hd, Dd, Dd^Edpp, Dd, Dd, Dd, Rd, Rd, Rd, Rd, Dd, Dd, Hd, Hd, Dd, Dd, Hd, Dd, Dd, Dd, Hd, Dd, Dd^Edb, Dd, Dd, Dd, Dd, Dd, Rr, Dd^Edb, Qlf, Hd, Hd, Dd^Edb, Rr^Vd, Dd, Dd, Dd, Qxe, Qxe^Bcx/, Dd, Dd, Hd, Dd, Dd
Gs^Fds, Hh^Fds, Cv, Gs^Fds, Gs^Efm, Gs^Efm, Gs^Fds, Hh^Fds, Gs^Fds, Gs^Fds, Gd, Gd^Fts, Gs, Gs, Rd, Rd, Gd, Gs, Gd, Gd, Gd, Gd, Gs, Gd^Fts, Rd, Gd, Gd, Gd, Gd, Ww, Hh, Hh, Hh, Hh, Hh, Mm, Mm, Mm, Mm, Mm, Mm, Mm, Mm, Mm, Hh, Mm, Hh, Hh, Hh, Gll^Fp, Gll^Fp, Gll^Fp, Gll^Fp, Gll^Fp, Gll^Fp, Gll^Fp, Re, Gll^Fp, Gll^Fp, Gd, Gd, Hhd, Gd, Gd, Hhd, Hhd, Hhd, Md, Md, Md, Hd, Rd, Rd, Rd, Rd, Hd, Rd, Hd, Dd, Dd, Dd, Dd, Rd, Rd, Rd, Rd, Dd, Dd, Dd, Hd, Dd, Dd, Hd, Dd, Dd^Edb, Dd, Dd, Hd, Dd, Dd, Dd, Dd, Hd, Dd, Dd, Rr, Rr^Vd, Dd, Hd, Dd^Edb, Dd, Rr, Dd, Dd, Rr, Rr, Qxe, Dd, Dd, Hd, Hd, Dd
Hh^Fds, Hh^Fds, Gs^Efm, Gs^Efm, Hh^Fds, Gs^Fds, Hh, Hh, Gs^Fds, Gd, Gs, Gs, Gd, Rd, Gs, Gs, Gd, Gd^Fts, Gs, Gd, Gd, Gd^Fts, Gs, Gd, Rd, Gd^Vht, Gd, Gd, Gd, Ww, Hh, Hh, Hh, Hh, Hh, Hh, Hh, Hh, Hh, Mm, Mm, Mm, Hh^Vhh, Hh, Hh, Hh, Hh, Wwf, Gll^Fp, Gll^Fp, Gll^Fp, Gll, Gll, Gll, Re, Re, Gll^Fp, Gll^Fp, Gll^Fp, Gd, Gd, Hhd, Gd, Gd, Hhd, Hhd, Hhd^Fp, Gd, Md, Md, Md, Hd, Hd, Hd, Hd, Rd, Hd, Rd, Rd, Rd, Rd, Rd, Rd, Dd, Rd, Rd, Rd, Dd, Dd, Hd, Dd, Dd, Dd, Dd, Dd, Dd, Dd, Dd, Dd, Dd, Hd, Hd, Dd, Dd, Dd, Dd, Dd, Hd, Hd, Dd, Hd, Dd, Dd, Rr, Dd, Dd, Dd, Qxe, Dd, Dd, Dd, Dd
Gs^Efm, Gs^Efm, Gs^Fds, Gs^Fds, Hh^Fds, Hh^Fds, Hh, Gd, Gs^Fds, Gs^Fds, Gs, Gd, Gd^Vht, Rd, Gs, Gd^Fts, Gs, Gd, Gs, Gs, Gd, Gd, Gd^Fts, Hhd, Gd, Rd, Rd, Gd^Fts, Wwt, Wwt, Gd, Hh, Gd, Gd, Gd, Gd, Gd, Hh, Gd, Hh, Hh, Hh, Hh, Hh, Hh^Fp, Hh, Hh^Fp, Wwf, Wwf, Gll^Fp, Hhd^Fp, Gll^Fp, Gll^Fp, Gll^Vl, Re, Gll^Fp, Gll^Fp, Hhd^Fp, Gll^Fp, Gll^Fp, Gd, Gd, Gd, Hhd, Hhd, Hhd, Hhd, Hhd, Hhd, Md, Md, Md, Md, Hd, Hd, Hd, Hd, Hd, Hd, Hd, Hd, Dd, Dd, Dd, Rd, Rd, Dd, Hd, Dd, Dd, Dd, Dd, Dd, Dd, Dd, Hd, Hd, Dd, Dd, Dd, Dd, Hd, Dd, Dd, Dd, Dd, Dd, Dd, Dd, Dd^Do, Dd, Hd, Hd, Hd, Dd, Dd, Qxe, Qxe, Dd, Dd, Hd, Dd
Gs^Fds, Gs^Fds, Gs^Fds, Hh^Fds, Gs^Fds, Hh, Gs^Fds, Gd, Gs, Gd, Gd, Gd, Rd, Rd, Gd, Gd, Gs, Gs, Gd, Gd, Gd, Gd, Gd, Gd, Gd, Gd, Wwf, Wwf, Gd^Fts, Gd, Gd, Gd^Fts, Hhd^Fts, Gd^Fts, Gd, Gd, Gd, Gd, Gd, Gd, Hh, Hh^Fp, Hh, Hh^Fp, Hh^Fp, Hh, Gll^Fp, Gll^Fp, Wwf, Gll^Fp, Gll^Fp, Gll^Fp, Re, Re, Gll^Fp, Gll^Fp, Gll, Gll^Fp, Gll^Fp, Gd, Gd, Hhd, Hhd, Hhd, Hhd^Fp, Gd, Hhd, Hhd, Hhd, Hhd, Hhd, Md, Md, Md, Hd, Hd, Hd, Hd, Hd, Hd, Hd, Dd, Rd, Rd, Dd, Rd, Dd, Dd, Hd, Hd, Hd, Dd, Dd, Dd, Dd, Hd, Dd, Hd, Dd, Dd, Dd, Dd, Qxe, Qxe, Dd, Dd, Dd, Dd, Dd, Dd, Dd, Hd, Dd, Hd, Dd, Qxe, Dd, Dd, Dd, Dd, Dd, Hd
Gs^Fds, Gd, Gd, Gd, Gd, Gd, Gs, Gs, Gd, Gd, Rd, Rd, Gd, Gd, Hhd, Hhd, Gs, Gd, Gd^Vht, Gd, Gs, Gs, Gs, Gd, Gs, Wwt, Gd, Rd, Rd, Gd, Rd, Rd, Rd, Gs, Gd^Fts, Gs, Gs^Fts, Gd, Gs, Gs, Hh, Hh, Hh^Fp, Hh, Hh, Hh, Gll^Fp, Gll^Fp, Gll^Fp, Ww, Ww, Gll, Re, Gll, Gll^Fp, Gll^Fp, Gll, Gll^Fp, Gll^Fp, Gd, Gd, Gd, Gd, Gd, Gd, Gd, Gd, Gd, Hhd, Hhd^Fp, Hhd, Md, Md, Md, Md, Hd, Hd, Hd, Dd, Dd, Dd, Dd, Dd, Rd, Rd, Rd, Rd, Dd, Dd, Dd, Dd, Dd, Dd, Dd, Dd, Dd, Dd, Dd, Hd, Dd, Dd, Dd, Qxe, Dd, Dd, Dd, Dd, Dd, Dd, Dd, Dd, Dd, Dd, Dd, Qxe, Qxe, Dd, Dd, Hd, Dd, Dd, Dd
Gs^Fds, Gs^Fds, Gs, Gs, Gs, Gd^Fts, Gd, Gs, Rd, Rd, Gs, Gd, Gd^Fts, Gd, Hhd, Gd, Gd^Fts, Gd, Gd, Gd, Gs, Gs, Gd^Fts, Gd^Fts, Gs, Wwt, Gd, Gd, Gd, Rd, Gd^Fts, Gs, Gs, Rd, Rd, Gs^Fts, Rd, Rd, Rd, Gs, Gll^Fp, Hh, Hh, Hh^Fp, Hh, Gll^Fp, Gll^Fp, Gll^Fp, Gll^Vl, Gll, Gll^Fp, Wwf, Wwf, Gll^Fp, Gll, Gll^Fp, Gll^Fp, Gll^Fp, Gll^Fp, Gd, Gd, Gd, Gd, Gd, Gd^Fp, Gd, Gd^Vl, Gd, Gd, Hhd, Gd, Hhd, Md, Md, Md, Hd, Hd, Hd, Dd, Dd, Dd, Dd, Dd, Dd, Dd, Rd, Rd, Dd, Dd, Dd, Dd, Dd, Dd, Dd, Dd, Dd, Dd, Hd, Hd, Dd, Dd, Qxe, Dd, Dd, Hd, Dd, Dd, Dd, Hd, Dd, Dd, Dd, Dd, Dd, Dd, Dd, Dd, Dd, Dd, Dd, Dd, Dd
Gs, Gs, Gd, Gd, Gs, Gd, Hhd^Fts, Gs, Rd, Gd, Gd, Gs, Gs, Gd, Gd, Gs, Gd, Gd, Gd, Gd, Gs, Gs, Wwt, Gs, Wwt, Wwt, Gd, Hhd^Fts, Gs, Gd, Gs^Fts, Gs, Gd^Vht, Gd, Gs^Fts, Rd, Gd, Gs^Fts, Gd, Rd, Re, Gll^Fp, Re, Gll^Fp, Re, Re, Re, Gll^Fp, Re, Re, Re, Re, Hhd^Fp, Ww, Ww, Gll^Fp, Hhd^Fp, Hhd^Fp, Gll^Fp, Gll^Fp, Gll^Fp, Gd, Gll^Fp, Gd, Gd, Gd, Gd, Gd, Gd^Fp, Gd, Gd, Hhd, Hhd, Md, Hhd, Hd, Hd, Hd, Dd, Dd, Dd, Dd, Dd, Dd, Dd, Rd, Dd, Dd, Dd, Dd, Dd, Dd, Dd, Dd, Dd, Hd, Hd, Hd, Dd, Dd, Dd, Qxe, Qxe, Dd, Dd, Hd, Hd, Hd, Dd, Dd, Dd, Dd, Dd, Dd, Hd, Dd, Hd, Hd, Hd, Dd, Dd, Dd
Gs, Gs, Gd, Gd^Fts, Gs, Gs, Gd, Gs, Rd, Gs, Gd, Gs, Gs, Gd, Gd, Gd, Gs, Gd, Gd, Gd, Wwt, Wwt, Gd, Wwt, Gs, Gd, Gd^Fts, Gd, Gd, Gd^Fts, Gd, Gs, Gd, Gd, Gd, Gd, Gd, Gd^Fts, Gd, Gs, Gll^Fp, Re, Gll^Fp, Re, Gll^Fp, Gll^Fp, Hhd^Fp, Re, Gll, Gll^Fp, Re, Gll^Fp, Gll^Fp, Gll^Fp, Ww, Gll^Fp, Gll, Gll, Gll^Fp, Gll^Fp, Gll^Fp, Gd, Gd, Gd, Gd, Gd, Gd^Fp, Gd, Gd, Gd, Gd, Gd, Gd, Hhd, Hd, Hd, Dd, Hd, Dd, Dd, Dd, Dd, Dd, Dd, Dd, Dd, Dd, Dd, Rd, Dd, Dd, Dd, Dd, Dd, Dd, Dd, Dd, Dd, Dd, Dd, Dd, Dd, Qxe, Dd, Dd, Hd, Hd, Hd, Hd, Dd, Dd, Dd, Dd, Hd, Dd, Hd, Dd, Hd, Dd, Dd, Dd, Dd
Gd, Gd, Gd, Gd, Gd, Gd, Gd, Gd, Rd, Gs, Gd, Gd^Fts, Gd, Gs, Gd, Gd, Gd, Gs, Gs, Gd, Wwt, Gs, Gd, Gd, Gs, Gd, Gs, Gd, Gd, Gd, Gd, Gd, Gs, Gd, Gs, Gs, Gs, Gd, Gs, Gll^Fp, Gll, Gll, Gll, Gll^Fp, Gll^Fp, Gll^Fp, Gll^Fp, Gll^Fp, Gll^Fp, Re, Gll^Fp, Gll^Fp, Gll^Fp, Gll^Fp, Gll^Fp, Ww, Ww, Gll^Fp, Gll^Fp, Gll^Fp, Gll^Fp, Gd, Gd, Gd, Gd, Gd, Gd, Gd, Gd, Gd, Gd, Gd, Gd, Gd, Hd, Hd, Dd, Dd, Dd, Dd, Dd, Dd, Dd, Dd, Dd, Dd, Dd, Dd, Rd, Rd, Hd, Dd, Dd, Dd, Dd, Dd, Dd, Dd, Dd, Dd, Qxe, Qxe, Dd, Dd, Dd, Dd, Dd, Dd, Dd, Dd, Dd, Dd, Dd, Dd, Dd, Dd, Dd, Dd, Dd, Dd, Dd, Dd
